========================================================================
LOAD-BEARING SOURCE AUDIT — caseoh  (Type 9)
/Users/djwayne/9takes/src/blog/people/drafts/caseoh.md
========================================================================

### EPIGRAPH
  [INLINE  ] "I have to listen to complete silence. I just like it quiet."
             outlet="Creature Feature"  year=2025

### COLD OPEN
  (no quoted material in slot)

### DIAGNOSIS
  [INLINE  ] "He just be chilling. He don't complain. … He just chill."
             outlet="Creature Feature"  year=2025
  [INLINE  ] "He was really chill."
             outlet="Creature Feature"  year=2025
  [INLINE  ] "Just that everybody gets to chill."
             outlet="Creature Feature"  year=2025
  [INLINE  ] "It was never about being huge,"
             outlet="Jynxzi Podcast"  year=2024  venue="episode"
  [INLINE  ] "Just make enough to where I know I get to do something I enjoy every day. I could be pinching pennies to make it, but as long as I get to stream every day instead of go to work, I was cool with that."
             outlet="Jynxzi Podcast"  year=2024  venue="episode"
  [INLINE  ] "CaseOh and Sketch."
             outlet="Sportskeeda"  year=2024

### EMPATHY TURN
  (no quoted material in slot)

### CLOSE
  (no quoted material in slot)

------------------------------------------------------------------------
SUMMARY: 7 load-bearing quote(s) — 7 inline, 0 vague, 0 untagged
  untagged quote in epigraph OR cold open: no
  any untagged load-bearing quote:         no
------------------------------------------------------------------------
