[2026-07-27 02:00:00] [INFO] Nightly blog cron starting (dry-run=0)
[2026-07-27 02:00:00] [INFO] SELECTED: plaqueboymax (Type ?)
[2026-07-27 02:00:00] [INFO] Launching pipeline for plaqueboymax
═════════════════════════════════════════════════════
9takes blog pipeline
Mode:    create
Person:  plaqueboymax
Draft:   src/blog/people/drafts/plaqueboymax.md
Logs:    /Users/djwayne/9takes/docs/content-analysis/pipeline-logs/2026-07-27_020000_plaqueboymax
Started: Mon Jul 27 02:00:00 EDT 2026
═════════════════════════════════════════════════════

─────────────────────────────────────────────────────
[Stage 1] create  (started 02:00:00)
Command: /blog_content_creator_people_v2 plaqueboymax --non-interactive
Log:     /Users/djwayne/9takes/docs/content-analysis/pipeline-logs/2026-07-27_020000_plaqueboymax/1_create.log
─────────────────────────────────────────────────────
The PlaqueBoyMax draft is done and clean through every gate. Note: last night's 2 AM pipeline run for plaqueboymax left only an empty log file, so this run started from scratch.

```
MODE: non-interactive
DRAFT: /src/blog/people/drafts/PlaqueBoyMax.md
STATUS: production_pretext.status = draft
BLOCKERS: none
GATES: Gate 1: pass (5 testimony quotes), Gate 2: pass (5 search-intent/hybrid H2s),
       Gate 4: pass, Gate 5: pass (1 type-theory paragraph), Gate 6: pass
LIMITATIONS: Interview Magazine profile returned 403; its title quote is corroborated
             via secondary sources and logged in working notes. No faqs frontmatter yet
             (blog-lint WARN — the frontmatter-enrich stage owns that).
```

**The blog:** Maxwell Dent as an Enneagram 3 (3w2, social). The thesis rides on a detail his own Forbes interview handed us: at 17, with his group channel dead from COVID, he scrolled hundreds of names in his Notes app and named himself after the YouTube plaque on his shelf. The piece tracks the gap between the name and the proof: the 30-slide deck that bought his gap year, the Streamer Awards vow ("Next time I hold a trophy, I'm going to win a Grammy") fulfilled eleven months later, the 153-day streak that ended in burnout, and the million-follower milestone where he'd rehearsed crying for two years and felt nothing. The bespoke section is a "trophy ledger" table auditing whose name each of his awards actually carries (spoiler: almost never his voice). The July 2026 Streamer University confrontation, where he left his own stream in tears, anchors the current-tense arc and the empathy turn.

**Evidence base:** three full transcripts fetched and mined (Forbes Top Creators, Boardroom Talks, 7PM in Brooklyn with Carmelo Anthony) plus Complex, Rolling Stone, The FADER, 34st, and Wikipedia. Testimony from Drake, Kevin Gates, Lazer Dim 700, Sxprano, and Nino Paid; critic pressure from Pitchfork's Five Forever review and Fanum.

**Script verification:** blog-lint 0 fail / 1 warn, contrast pairs 0 strong / 0 comparative, same-type similarity clear (the first run tripped at 0.192 against n3on on a near-verbatim diagnosis sentence, which I rewrote), and none of the Type 3 concentrated corpus phrases appear.

**Internal links (5):** Type 3 pillar, Drake, Kai Cenat, plus the two standard Rabbit Hole links (wings guide, instinctual subtypes).

Next steps when you're ready: `/grade_blog PlaqueBoyMax`, then human review before promoting `production_pretext` to `ready` for the production pass.
[Stage 1] create finished 02:20:52 (exit=0, 1252s)

─────────────────────────────────────────────────────
[Stage 2] fresh_eyes  (started 02:20:52)
Command: /blog_content_fresh_eyes_people plaqueboymax
Log:     /Users/djwayne/9takes/docs/content-analysis/pipeline-logs/2026-07-27_020000_plaqueboymax/2_fresh_eyes.log
─────────────────────────────────────────────────────
Reviewed `src/blog/people/drafts/PlaqueBoyMax.md` and appended the fresh-eyes notes at the bottom (no body edits). This also fills in the pipeline's fresh-eyes stage, which last night's 2 AM run left as an empty log.

The two biggest issues I flagged:

1. **The trophy ledger hides the losses that prove its own thesis.** He lost Streamer of the Year to IShowSpeed in December 2025 — the one nomination that was purely his name — and "Victory Lap" lost its Grammy category at the February 2026 ceremony. The draft goes from "Grammy nomination" straight to "Brit Award win" and never says how Grammy night ended, which reads as protective. A loss row would make "the one column he can't fill" land harder.

2. **The Streamer University aftermath is vaguer than the record.** "Creators lined up publicly to defend him" skips the concrete beat: roommate WardrobeWinter stood up for him and they won Best Roommates at the SU awards — which is also the best live evidence for the Rabbit Hole's stress/security loyalty claim. And the section closes too neatly given that OjaySuave has since publicly alleged Max had them removed from the show; the story is still moving.

Smaller notes in the block: the naming scene and the 30-slide deck are each told one-to-two times too many (the ending re-narrates the cold open), the seven-figure gambling refusal is buried in the skippable Rabbit Hole when it's the strongest "what he won't do for a number" beat, and the aunt ($2k clean-graduation deal → chief of staff) is a through-line currently split across body and Rabbit Hole. I also marked the ledger table, the hollow million-follower interior beat, and the wigs-as-inventory paragraph as the spine to preserve.

Sources used for the reality check: [TMZ on the Best Roommates win](https://www.tmz.com/2026/07/20/plaqueboymax-praises-wardrobe-not-only-a-roommate-but-a-friend-as-they-win-at-kai-cenat-university/), [Reality Tea on OjaySuave's removal allegation](https://www.realitytea.com/2026/07/20/plaqueboymax-streamer-university-diva-ojaysuave-controversy/), [Sportskeeda on the refused apology](https://www.sportskeeda.com/us/streamers/news-i-m-straight-man-wears-wigs-plaqueboymax-refuses-accept-oj-s-apology-following-streamer-university-2026-controversy), [AOL's Streamer Awards 2025 recap](https://www.aol.com/streamer-awards-2025-ishowspeed-wins-114446439.html), and [EarlyGame on the Grammy loss](https://earlygame.com/news/entertainment/first-twitch-streamer-to-get-nominated-for-a-grammy-plaqueboymax-loses-his-category).
[Stage 2] fresh_eyes finished 02:23:44 (exit=0, 172s)

─────────────────────────────────────────────────────
[Stage 3] second_pass  (started 02:23:44)
Command: /blog_content_second_pass_people plaqueboymax
Log:     /Users/djwayne/9takes/docs/content-analysis/pipeline-logs/2026-07-27_020000_plaqueboymax/3_second_pass.log
─────────────────────────────────────────────────────
Second pass complete on `src/blog/people/drafts/PlaqueBoyMax.md`. The source audit now grades 5 inline / 1 vague / 0 untagged (the untagged gate is clear), and blog-lint passes with 0 fails.

**Main changes:**

- **Trophy ledger now audits losses.** Added two verified loss rows: Streamer of the Year went to IShowSpeed at the Dec 2025 ceremony (the one nomination that carried only his name, on the same night his booth won twice), and *Victory Lap* lost the Grammy to Tame Impala's "End of Summer" in Feb 2026. The bridge paragraph now leads with those rows, which sharpens the "one column he can't fill" thesis instead of protecting him.
- **Streamer University aftermath is now specific.** The generic "creators lined up to defend him" became the real record: 17-year-old roommate WardrobeWinter confronting Ojay, the Best Roommates win with Kai Cenat's "strongest bond on campus" line (TMZ), and a one-line acknowledgment that OjaySuave has since alleged Max was behind the removal (Reality Tea) — the story is still moving.
- **Rejected one fresh-eyes suggestion.** The review asked me to promote the "turned down seven-figure gambling money" beat into the main body. It failed verification — two targeted searches and a direct fetch of the Boardroom interview found nothing, and there's counter-evidence (a clip of him doing an undisclosed gambling ad read). I cut the claim from the Rabbit Hole entirely and replaced its "millions on the table" role with the verified Wardrobe loyalty beat.
- **Smaller lifts:** the aunt who paid him $2,000 to stay clean is now named as his chief of staff in the body; a concrete session-mechanics sentence (FADER: two cameras, live FL Studio feed, Max punching in vocals) cashes out the "live engineer" section title; the ending's beat-for-beat re-telling of the intro was compressed to one image with the recap list cut and MSG kept; 30-slide mentions thinned from 5 to 3; and the burnout section now exits on his own BMW quote to break the three-in-a-row aphorism streak.
- **Source fixes:** Forbes quotes got years (two slots upgraded to inline), and *Victory Lap* / Plaque Boy title strings were de-quoted so they stop grading as untagged quotes.

**Still open:** the Grammy-vow quote stays vague in the audit (precise year and venue in prose, but no press outlet pinned to it); the Ojay removal allegation is live news and worth a re-check at publish time; and the faqs frontmatter enrich stage hasn't run yet (the lone lint warn).

Sources: [Streamer Awards 2025 winners](https://www.stylerave.com/ishowspeed-wins-streamer-of-the-year/), [2025 Streamer Awards — Wikipedia](https://en.wikipedia.org/wiki/2025_Streamer_Awards), [Billboard on Tame Impala's Grammy win](https://www.billboard.com/music/awards/tame-impala-2026-grammys-best-dance-electronic-recording-1236169065/), [TMZ on the Best Roommates win](https://www.tmz.com/2026/07/20/plaqueboymax-praises-wardrobe-not-only-a-roommate-but-a-friend-as-they-win-at-kai-cenat-university/), [Complex on the award](https://www.complex.com/pop-culture/a/tracewilliamcowen/plaqueboymax-wardrobe-kai-cenat-streamer-university-award), [Reality Tea on the removal allegation](https://www.realitytea.com/2026/07/20/plaqueboymax-streamer-university-diva-ojaysuave-controversy/), [The FADER on In The Booth mechanics](https://www.thefader.com/2025/08/20/plaqueboymax-in-the-booth-nino-paid-xaviersobased-history)
[Stage 3] second_pass finished 02:32:23 (exit=0, 519s)

─────────────────────────────────────────────────────
[Stage 4] cohesion  (started 02:32:23)
Command: /cohesion-check src/blog/people/drafts/plaqueboymax.md
Log:     /Users/djwayne/9takes/docs/content-analysis/pipeline-logs/2026-07-27_020000_plaqueboymax/4_cohesion.log
─────────────────────────────────────────────────────
## Cohesion Check Complete: PlaqueBoyMax.md

**Before score: 8.5/10** → **After score: 9/10**

(One path note: you passed `plaqueboymax.md`; the actual file is `src/blog/people/drafts/PlaqueBoyMax.md`, the only match, so I used that.)

### Central Thesis
PlaqueBoyMax is a textbook Type 3: he fused identity with achievement when he named himself after a trophy at 17, and his entire career, from the relentless streaming to the hollow milestones to the Streamer University shame collapse, is one long project of closing the gap between the name and the proof.

### Thread Map
Every section serves that thesis, and the chain holds: cold open (name taken from a trophy) → diagnosis (the pattern named: runs on evidence, not stimulation) → childhood (where results-for-freedom was learned) → live engineer (the machine that mints proof for other people) → trophy ledger (the audit: his name is on the frame, never the voice) → can't log off (why wins don't hold: the counter resets at midnight) → Streamer University (what happens when the image itself is attacked and there's no persona to absorb it) → Madison Square Garden (the one trophy that would close the gap). The ledger table, the hollow million-follower moment, and the lunch-table empathy turn form the spine, and all three were left untouched.

| Check | Score | Issues |
|---|---|---|
| Through-Line Clarity | 9/10 | 0 |
| Promise-Delivery Match | 9/10 | 0 |
| Reader Mental Model | 8/10 | 1 |
| Section Transitions | 8/10 | 2 |
| Internal Paragraph Flow | 9/10 | 0 |

### Changes Made (3 total)

**Transition fixes (2):**
- Diagnosis → Childhood: the section exited on Rabbit Hole navigation ("...collapsed panel past the burnout section") and then dropped cold into birth facts. Added a one-line bridge: *"The habit of running on evidence started long before Twitch, in a house in West Orange."* It carries the "runs on evidence" keyword from the Type 7 contrast directly into the West Orange opener.
- Trophy ledger → Can't log off: "Even his dream is a credit." jumped straight to "On January 1, 2025..." with only the H2 doing the work. Added: *"The cost of that chase shows up on the calendar."*

**Internal contradiction fix (1):**
- Streamer University section: the setup paragraph said he was "playing with a persona," but the section's own sharpest argument three paragraphs later is that there is *no* persona to absorb the hit ("one world," "the inventory is him"). Reworded to "playing with a side of himself," which removes the collision and actually strengthens the payoff.

### What Was Preserved
- All frontmatter, working-notes comments, ledger comments, both accordion components, the pull-quote, the inner-thought paragraph, and all internal links
- 5 of 7 section transitions untouched (already strong; the "single sentence" → "The last slide" carry into the MSG close is the best transition in the piece)
- The Ojay-removal open thread: intentionally unresolved and already flagged for pre-publish re-verification in the second-pass notes, so I left it as-is
- Added a dated `COHESION PASS` comment to the file's pipeline-notes trail

### Remaining Concerns
None structural. The only judgment call I'd surface: the Engineer → Trophy Ledger boundary re-anchors on the naming ("For a man named after an award...") rather than on the previous section's close. I left it because the ledger is the bespoke device and the naming callback is what earns the audit frame, but if you ever feel a bump there, that's where it is.
[Stage 4] cohesion finished 02:36:20 (exit=0, 237s)

─────────────────────────────────────────────────────
[Stage 5] editor_pass  (started 02:36:20)
Command: /blog_content_editor_pass_people plaqueboymax
Log:     /Users/djwayne/9takes/docs/content-analysis/pipeline-logs/2026-07-27_020000_plaqueboymax/5_editor_pass.log
─────────────────────────────────────────────────────
Editor pass complete on `src/blog/people/drafts/PlaqueBoyMax.md`. This draft arrived in unusually good shape — it had already been through fresh-eyes, second-pass, and cohesion passes, and the mechanical checks were clean before I touched it. So this was a close line-read rather than a rescue, and I made five surgical fixes:

- **Duplicate guest**: Central Cee appeared twice in the same sentence listing booth guests; the list is tightened and his record-breaking January 2025 stream keeps the mention.
- **Garbled appositive**: "a BMW X6M, the prop success is supposed to hold" didn't parse; it's now "the standard prop of having made it." Also fixed the plural "purchases confess" when only one purchase is described.
- **Too-compressed news beat**: "Ojay Suave, off campus soon after the clash" now reads as an actual sentence: he was removed from campus and alleges Max was behind it.
- **Triplet cadence**: the Type 7 concession ("chaotic, joyful, and genuinely fun") no longer scans as an AI list-of-three.
- **Word echo**: three "clean" variants across the piece ("clean answer" / "cleanest specimen" / "conceding cleanly"); dropped the third.

The empathy turn (the lunch-table camera-holder who was never the talent), the interior beat (the million-follower moment he rehearsed crying for and felt nothing), and the trophy-ledger table all survived untouched — they're the spine of the piece.

**Exit checks**: blog-lint 0 fail / 1 warn, contrast pairs **0 strong / 0 comparative**, em-dash check passing, body 3,767 words, head-term PASS. The one warn is the missing `faqs` frontmatter, which belongs to the enrich stage (`/blog_content_frontmatter_enrich_people`), not this pass.

**Verdict**: production-ready on prose. Two pre-publish items remain, both flagged in the draft's notes: run the frontmatter enrich stage, and re-verify the live Ojay Suave removal allegation (it's active news as of July 20).
[Stage 5] editor_pass finished 02:39:14 (exit=0, 174s)

─────────────────────────────────────────────────────
[Stage 6] enrich_frontmatter  (started 02:39:14)
Command: /blog_content_frontmatter_enrich_people plaqueboymax
Log:     /Users/djwayne/9takes/docs/content-analysis/pipeline-logs/2026-07-27_020000_plaqueboymax/6_enrich_frontmatter.log
─────────────────────────────────────────────────────
Frontmatter enrichment complete: **PlaqueBoyMax**

**Fields filled:**
- `wikidata_qid` (Q128277446), `birth_date` (2003-04-03), `birth_place` (West Orange, New Jersey, United States), `nationality` (American), `occupation` (3), `knows_about` (6), `keywords` (9), `same_as` (4), `citations` (6), `faqs` (5)
- YAML validated with gray-matter: parses clean, all 5 FAQs have question/answer/anchor, apostrophes escaped as `''` (the known deploy-breaking trap). Body, comment blocks, and `lastmod` untouched.

**Fields already present (preserved):**
- `wikipedia` — verified it resolves to a real article for the right person (page id 79157421, "American online streamer and rapper (born 2003)")
- `twitter`, `instagram` handles; `tiktok` left empty (creator-owned field)

**imdb_id omitted (correctly):** Wikidata has no P345 claim and no search result surfaced an `nm` name page — only podcast-episode title pages mentioning him. Per the cross-check rule, omitted rather than guessed.

**FAQs generated (5):**
1. What is PlaqueBoyMax's personality type? → `#what-is-plaqueboymaxs-personality-type`
2. Did PlaqueBoyMax win a Grammy? → `#the-trophy-ledger-whose-name-is-on-plaqueboymaxs-awards`
3. What happened to PlaqueBoyMax at Streamer University? → `#what-happened-to-plaqueboymax-at-streamer-university`
4. Why does PlaqueBoyMax stream every day? → `#why-plaqueboymax-cant-log-off`
5. How did PlaqueBoyMax get his name? → `#the-last-slide-is-madison-square-garden`

Anchors 1–4 match the body's actual H2 slugs; #5 anchors to the closing section, which revisits the naming ("He picked Plaque Boy off a shelf").

**Issues:**
- **Body has zero inline external links.** Citations were built Einstein-style from verified URLs of sources the body explicitly names: Wikipedia, the FADER In The Booth profile (Aug 2025), the FADER 2026 Grammys piece, Rolling Stone and Complex on the Grammy nomination, and his Grammy.com artist page. The exact Pitchfork *Five Forever* review URL couldn't be verified (pitchfork.com is unfetchable from here), so it's not in citations despite being quoted in the body.
- **Wikidata data quality is poor:** its P19 (birth place) says Houston, Texas, contradicting Wikipedia and the article (West Orange, NJ), and its occupations list "esports player." I used Wikipedia's values. Worth a Wikidata correction someday, but not blocking.
- **Name spelling discrepancy:** body says "Maxwell Elliott Dent," Wikipedia says "Maxwell Elliot" (one t). FAQ #5 sidesteps with "Maxwell Dent"; the body is read-only for this pass, so flagging for the publish gate.
- Pre-existing open items from the second-pass notes still stand for publish: re-verify the Ojay removal allegation, and the Grammy-vow quote has no pinned outlet. The lint WARN for the missing faqs stage should now clear.
[Stage 6] enrich_frontmatter finished 02:43:35 (exit=0, 261s)

─────────────────────────────────────────────────────
[Stage 6.5] lint (deterministic checks — scripts/blog-lint.sh)
Log:     /Users/djwayne/9takes/docs/content-analysis/pipeline-logs/2026-07-27_020000_plaqueboymax/6.5_lint.log
─────────────────────────────────────────────────────
ok    frontmatter field present: title
ok    frontmatter field present: meta_title
ok    frontmatter field present: persona_title
ok    frontmatter field present: description
ok    frontmatter field present: author
ok    frontmatter field present: date
ok    frontmatter field present: enneagram
ok    frontmatter field present: person
ok    frontmatter field present: suggestions
ok    frontmatter field present: production_pretext
ok    description length 145 chars
ok    meta_title length 56 chars
ok    meta_title contains a searchable head term
ok    meta_title contains a person-name token
ok    required H2 'What is [Person]'s personality type?' present
ok    required H3 '[Person] is an Enneagram Type X' present
ok    type-answer opening block is extractable (52 words)
ok    Enneagram Rabbit Hole block present (exactly one)
ok    TL;DR accordion present
ok    firstLetter intro paragraph present
ok    ledger present: TESTIMONY LEDGER
ok    ledger present: HEADING MIX LEDGER
ok    ledger present: DISTRIBUTION LEDGER
ok    ledger present: FORMULA FINGERPRINT LEDGER
ok    no self-loop links
ok    no visible FAQ section in body
ok    no templated FAQ filler
ok    no unfinished markers
ok    faqs present and FAQPage-eligible (5 real Q/A pairs)
ok    contrast-pair sentence engines: 0 strong (target <= 0)
ok    no comparative contrast patterns detected
ok    internal link count: 5
ok    body length 3767 words (ceiling 4500)
ok    no prose em-dashes (quote attributions exempt)
ok    no banned AI phrases

blog-lint: plaqueboymax — 0 fail, 0 warn
[Stage 6.5] lint passed

─────────────────────────────────────────────────────
[Stage 6.6] quality_report  (started 02:43:36)
Command: node /Users/djwayne/9takes/scripts/blog-quality-report.mjs plaqueboymax
Log:     /Users/djwayne/9takes/docs/content-analysis/pipeline-logs/2026-07-27_020000_plaqueboymax/6.6_quality_report.log
─────────────────────────────────────────────────────
blog-quality-report: plaqueboymax
────────────────────────────────────────────────────────────
2.1 Contrast pairs: 0 total  (strong 0, comparative 0)

2.4 Head-term: PASS  meta_title=Why PlaqueBoyMax Can't Log Off: Inside the Type 3 Engine
   answer-block: ok (52 words; <=60)

1.4 Corpus-count drift: none (corpus total = 391)
[Stage 6.6] quality_report finished (exit=0, 0s)

─────────────────────────────────────────────────────
[Stage 6.7] source_audit  (started 02:43:36)
Command: node /Users/djwayne/9takes/scripts/blog-source-audit.mjs plaqueboymax --fail-on-untagged-load-bearing
Log:     /Users/djwayne/9takes/docs/content-analysis/pipeline-logs/2026-07-27_020000_plaqueboymax/6.7_source_audit.log
─────────────────────────────────────────────────────
========================================================================
LOAD-BEARING SOURCE AUDIT — plaqueboymax  (Type 3)
/Users/djwayne/9takes/src/blog/people/drafts/plaqueboymax.md
========================================================================

### EPIGRAPH
  [INLINE  ] "I'm delusionally faithful in myself."
             outlet="Forbes"  year=2026

### COLD OPEN
  [INLINE  ] "I could do the biggest stream of my life today. … By tomorrow it is something new."
             outlet="Forbes"  year=2026

### DIAGNOSIS
  [VAGUE   ] "Next time I hold a trophy, I'm going to win a Grammy."
             year=2024
  [INLINE  ] "we might not be talking about you by 2024."
             outlet="Forbes"  year=2023
  [INLINE  ] "Just keep going,"
             outlet="Forbes"  year=2026
  [INLINE  ] "Don't stop unless you really need that water break."
             outlet="Forbes"  year=2026

### EMPATHY TURN
  (no quoted material in slot)

### CLOSE
  (no quoted material in slot)

------------------------------------------------------------------------
SUMMARY: 6 load-bearing quote(s) — 5 inline, 1 vague, 0 untagged
  untagged quote in epigraph OR cold open: no
  any untagged load-bearing quote:         no
------------------------------------------------------------------------
[Stage 6.7] source_audit finished (exit=0, 0s)

─────────────────────────────────────────────────────
[Stage 6.8] same_type_similarity  (started 02:43:36)
Command: node /Users/djwayne/9takes/scripts/same-type-similarity.mjs plaqueboymax --n 8 --fail-on-trip
Log:     /Users/djwayne/9takes/docs/content-analysis/pipeline-logs/2026-07-27_020000_plaqueboymax/6.8_same_type_similarity.log
─────────────────────────────────────────────────────
==============================================================================
SAME-TYPE ARGUMENT-SIMILARITY SCAN — plaqueboymax (Type 3)
/Users/djwayne/9takes/src/blog/people/drafts/PlaqueBoyMax.md
==============================================================================

Target diagnosis+counter-typing units: 31
Comparison set (last 8 other Type-3 drafts by date):
  - jynxzi  (2026-07-25, 30 units)
  - margaret-qualley  (2026-07-23, 30 units)
  - pete-hegseth  (2026-07-19, 54 units)
  - madonna  (2026-07-18, 41 units)
  - David-Beckham  (2026-07-13, 43 units)
  - n3on  (2026-07-13, 38 units)
  - xochitl-gomez  (2026-07-12, 43 units)
  - Kiernan-Shipka  (2026-07-11, 46 units)

Noise floor over 10075 unit pairs:  median=0  p90=0  p99=0.005  max=0.06
Trip threshold: 0.04  →  clear


Most similar drafts (max unit-pair score):
  0.060 ##                   jynxzi
  0.039 ##                   Kiernan-Shipka
  0.031 #                    pete-hegseth
  0.030 #                    margaret-qualley
  0.026 #                    David-Beckham
  0.026 #                    madonna
  0.021 #                    n3on
  0.019 #                    xochitl-gomez

TOP SIMILAR SENTENCE/CLAUSE PAIRS:
------------------------------------------------------------------------------
score 0.060   plaqueboymax  <->  jynxzi
   TARGET [diagnosis] then sets the next one before the applause fades.
   OTHER  [diagnosis] which is why the wins never bank and the next one always has to happen on schedule.

score 0.039   plaqueboymax  <->  Kiernan-Shipka
   TARGET [diagnosis] so he builds a life that keeps producing them
   OTHER  [diagnosis] and builds a self around delivering it.

score 0.031   plaqueboymax  <->  pete-hegseth
   TARGET [diagnosis] he held his first major trophy and told the room
   OTHER  [diagnosis] he told the Shawn Ryan Show

score 0.030   plaqueboymax  <->  margaret-qualley
   TARGET [diagnosis] The feeling underneath is harder to see
   OTHER  [diagnosis] I love the feeling of working really hard.

score 0.026   plaqueboymax  <->  David-Beckham
   TARGET [counter-typing] the rehearsed tears that never came
   OTHER  [counter-typing] a quiet surface stretched over an engine that never idles.

score 0.026   plaqueboymax  <->  madonna
   TARGET [diagnosis] A Three learns young that attention arrives when the results are visible
   OTHER  [diagnosis] the Three learns that love responds to accomplishment

score 0.025   plaqueboymax  <->  pete-hegseth
   TARGET [diagnosis] "Next time I hold a trophy
   OTHER  [diagnosis] but this is the first time I've heard of a nomination conversion" (NPR).

score 0.025   plaqueboymax  <->  margaret-qualley
   TARGET [diagnosis] so he builds a life that keeps producing them
   OTHER  [diagnosis] Type 3s organize a life around being worth something

score 0.022   plaqueboymax  <->  margaret-qualley
   TARGET [diagnosis] so he builds a life that keeps producing them
   OTHER  [diagnosis] The 4 wing explains the filmography that keeps confusing people.

score 0.021   plaqueboymax  <->  jynxzi
   TARGET [diagnosis] Max describes the underground music cycle with something close to dread
   OTHER  [diagnosis] he tried to describe the experience of not going live

score 0.021   plaqueboymax  <->  n3on
   TARGET [diagnosis] his first instinct is to check whether it registered.
   OTHER  [diagnosis] The core drive is to become someone the room values

score 0.021   plaqueboymax  <->  jynxzi
   TARGET [diagnosis] selling his own future like a product.
   OTHER  [diagnosis] Jynxzi treated a streamer exhibition like a referendum on whether he is any good. ---

------------------------------------------------------------------------------
Top pair scores 0.06 vs median 0  (~∞x the noise floor).
[Stage 6.8] same_type_similarity finished (exit=0, 0s)

[pre-grade] No existing content_quality block on draft
─────────────────────────────────────────────────────
[Stage 7] grade  (started 02:43:36)
Command: /grade_blog plaqueboymax
Log:     /Users/djwayne/9takes/docs/content-analysis/pipeline-logs/2026-07-27_020000_plaqueboymax/7_grade.log
─────────────────────────────────────────────────────
## Grading Complete — PlaqueBoyMax

| Blog | Evid | Orig | Disc | Ennea | Writing | Hook | Overall | Grade |
|------|------|------|------|-------|---------|------|---------|-------|
| PlaqueBoyMax | 6 | 7 | 9 | 9 | 8 | 8.5 | 7.8 | C |

(Weighted: `(6×1.5 + 7×1.5 + 9×1.5 + 9 + 8 + 8.5×0.5) / 7 = 7.8`. Anchor: Alex-Warren, C band.)

### Key Observations

This is a top-of-C-band draft: excellent craft dragged down by two rule-triggered caps, both cheaply fixable.

- **What's genuinely strong:** The trophy-ledger table (an audit of whose name each award actually carries, with the two *loss* rows as the sharpest entries) is real 9-band originality material, and the Streamer University reading — "an attack on the wigs is an attack on the inventory, and the inventory is him" — is the best paragraph in the draft. Enneagram integration and discoverability are both near-model (9s): clean rabbit-hole quarantine, all three interior checks pass in his own vocabulary, 52-word extractable answer, 5 real FAQ questions.
- **Evidence capped at 6 (the score-killer):** The source-audit script showed 0 untagged quotes, but its slot detection only covers the front half. Manually I found **seven** untraceable load-bearing subject quotes in the back half — worst being the million-follower "I thought I was going to cry… I didn't" (the emotional hinge of the whole thesis), plus the empathy-turn quote, the BMW quote, and the Kanye line, all bare "he said" with no outlet or date. This is exactly the Testimony-Ledger blind spot the grader instructions warn about.
- **Originality capped at 7 (cross-draft sameness):** 4+ house moves reused near-verbatim against Jynxzi (07-25), caseoh (07-26), and Alex-Warren — including "Here is the detail that doesn't add up" ≈ Alex-Warren's "Something in that does not add up," six reader-command imperatives (the same tic the Jynxzi review already cut to two), and a scoreboard thesis sentence nearly identical to Alex-Warren's. Notably, the same-type similarity scan reported "clear" because Alex-Warren falls outside its last-8-drafts window — a blind spot worth knowing about.
- **Path to B+ is short:** pinning outlet + date on the seven quotes alone likely lifts Evidence to 8–9 and the overall by ~0.6; varying the two most-reused house moves handles the rest. Full fix list is in `docs/content-analysis/grades/PlaqueBoyMax.review.md`. One publish blocker flagged by the pipeline itself stands: re-verify the Ojay Suave removal allegation (live news).

**Total graded this session: 1**
[Stage 7] grade finished 02:48:43 (exit=0, 307s)

[Stage 8] Revision loop triggered: overall 7.8 < 8.5; 
─────────────────────────────────────────────────────
[Stage 8] revise  (started 02:48:43)
Command: /blog_content_revision_pass_people plaqueboymax
Log:     /Users/djwayne/9takes/docs/content-analysis/pipeline-logs/2026-07-27_020000_plaqueboymax/8_revise.log
─────────────────────────────────────────────────────
Revision pass complete on **PlaqueBoyMax.md**, triggered by the C (7.8) grade with Evidence capped at 6 (untraceable subject quotes) and Originality capped at 7 (cross-draft sameness). Lint was already clean going in and is clean coming out (0 fail, 0 warn).

**Evidence fixes (the score-killer).** Instead of guessing outlets, I downloaded the full transcripts of the three interviews the creator originally mined (Forbes Top Creators Show, 7PM in Brooklyn, Boardroom) and grepped every flagged quote. All seven are now pinned and verbatim-verified:
- Million-follower "thought I was going to cry" quote, the BMW quote, "There's no end goal," and the Victory Lap "taste-making" quote → all confirmed in the **Forbes Top Creators Show** (aired May 29, 2026) and attributed in-text
- The "got a camera / learn music" empathy-turn quote and the Kanye-goat quote → confirmed in the **Boardroom** interview and attributed
- The 153-day streak's six-day break → now credited to the named fan-stats account **PlaqueBoyMax Updates** instead of anonymous "fan trackers"
- The transcript check also caught a factual error: he *did* hesitate before the Kanye answer ("Shoot… I don't have an answer"), so "he didn't hesitate" became "he stalled, said he had no answer, then found one anyway" — which is actually better for the credit-brain thesis

**One judgment call on the Grammy vow.** The 2024 vow's exact wording ("Next time I hold a trophy, I'm going to win a Grammy") could not be confirmed in any checkable source — not Complex, earlygame, Rolling Stone, or the awards VOD. Per find-the-source-or-cut, I paraphrased the 2024 vow and let his verbatim-verified 2025 callback carry the quote: *"Last year I said I'ma win a Grammy, this year we got nominated,"* pinned to his Best Streamed Series acceptance and its clip. The beat is intact and now stronger evidence than before. One caveat flagged in the revision note: `blog-source-audit.mjs` grades this VAGUE because its OUTLETS list has no awards shows — the script's own comments support adding 'Streamer Awards' as a streamer-native primary record. Audit now reads 0 untagged (was 7 by the grader's manual count).

**Originality fixes.** Reader-command imperatives cut from six to two (kept "Read the column on the right carefully" per the grader, plus "Read that sentence the way a kid reads it"); the Alex-Warren-shaped scoreboard sentence rewritten in the draft's own midnight-counter vocabulary ("the biggest stream of his life today is something new by tomorrow"), with the matching FAQ clause de-duplicated; the "Here is the detail that doesn't add up" pivot became "The credits tell a stranger story."

**Ojay allegation re-verified** (July 20 AOL/Yahoo/Reality Tea coverage): still live and unresolved, so the draft's "still moving" framing stands unchanged. **Nothing rejected** — all grader items applied. Ledger counts were unaffected, so no ledger edits were needed, and a REVISION PASS NOTES block is appended.

Two things for you, DJ: the Forbes episode description **confirms the multi-million-dollar gambling-sponsorship refusal** the second pass had cut as unverifiable — I left it out per revision scope, but it now has a primary source if you want that beat restored. And the transcript-grep recipe is saved to memory since untraceable quotes are the pipeline's recurring Evidence killer. The pipeline will clear the consumed review sidecar and re-grade; I did not grade the draft myself.

Sources: [Forbes Top Creators Show episode](https://podcasts.apple.com/za/podcast/forbes-top-creators-show/id1786663947), [7PM in Brooklyn episode](https://podcasts.apple.com/au/podcast/plaqueboymax-talks-drakes-iceman-rollout-bronny-streaming/id1719570183?i=1000767179094), [Boardroom interview](https://boardroom.tv/plaqueboymax-interview-boardroom-talks/), [PlaqueBoyMax Updates streak clip](https://x.com/PlaqueReport/status/1931793761765392542), [2025 awards speech clip](https://x.com/PlaqueReport/status/1997494604417962250), [Reality Tea on the Ojay allegation](https://www.realitytea.com/2026/07/20/plaqueboymax-streamer-university-diva-ojaysuave-controversy/), [earlygame on the Grammy loss](https://earlygame.com/news/entertainment/first-twitch-streamer-to-get-nominated-for-a-grammy-plaqueboymax-loses-his-category)
[Stage 8] revise finished 03:05:39 (exit=0, 1016s)

─────────────────────────────────────────────────────
[Stage 8.5] lint (deterministic checks — scripts/blog-lint.sh)
Log:     /Users/djwayne/9takes/docs/content-analysis/pipeline-logs/2026-07-27_020000_plaqueboymax/8.5_lint.log
─────────────────────────────────────────────────────
ok    frontmatter field present: title
ok    frontmatter field present: meta_title
ok    frontmatter field present: persona_title
ok    frontmatter field present: description
ok    frontmatter field present: author
ok    frontmatter field present: date
ok    frontmatter field present: enneagram
ok    frontmatter field present: person
ok    frontmatter field present: suggestions
ok    frontmatter field present: production_pretext
ok    description length 145 chars
ok    meta_title length 56 chars
ok    meta_title contains a searchable head term
ok    meta_title contains a person-name token
ok    required H2 'What is [Person]'s personality type?' present
ok    required H3 '[Person] is an Enneagram Type X' present
ok    type-answer opening block is extractable (52 words)
ok    Enneagram Rabbit Hole block present (exactly one)
ok    TL;DR accordion present
ok    firstLetter intro paragraph present
ok    ledger present: TESTIMONY LEDGER
ok    ledger present: HEADING MIX LEDGER
ok    ledger present: DISTRIBUTION LEDGER
ok    ledger present: FORMULA FINGERPRINT LEDGER
ok    no self-loop links
ok    no visible FAQ section in body
ok    no templated FAQ filler
ok    no unfinished markers
ok    faqs present and FAQPage-eligible (5 real Q/A pairs)
ok    contrast-pair sentence engines: 0 strong (target <= 0)
ok    no comparative contrast patterns detected
ok    internal link count: 5
ok    body length 3836 words (ceiling 4500)
ok    no prose em-dashes (quote attributions exempt)
ok    no banned AI phrases

blog-lint: plaqueboymax — 0 fail, 0 warn
[Stage 8.5] lint passed

[pre-grade] Stripping existing content_quality block from src/blog/people/drafts/plaqueboymax.md for a clean re-grade
[pre-grade] Removing prior grade-feedback sidecar for plaqueboymax
─────────────────────────────────────────────────────
[Stage 9] regrade  (started 03:05:40)
Command: /grade_blog plaqueboymax
Log:     /Users/djwayne/9takes/docs/content-analysis/pipeline-logs/2026-07-27_020000_plaqueboymax/9_regrade.log
─────────────────────────────────────────────────────
## Grading Complete — PlaqueBoyMax (regrade)

| Blog | Evid | Orig | Disc | Ennea | Writing | Hook | Overall | Grade |
|------|------|------|------|-------|---------|------|---------|-------|
| PlaqueBoyMax | 8 | 8 | 9 | 9 | 8 | 8 | 8.4 | B |

(Weighted: `(8×1.5 + 8×1.5 + 9×1.5 + 9 + 8 + 8×0.5) / 7 = 8.4`. No caps applied. Anchor: Matt-Smith B reference.)

This was a supervised regrade — the revision pass was triggered by a first grade of 7.8 (C), and it moved to 8.4 (B, delta +0.6) because it genuinely fixed both prior caps rather than polishing around them: every subject quote is now transcript-pinned (Forbes Top Creators Show, Boardroom — the Kanye-hesitation accuracy fix proves real checking), the unverifiable 2024 Grammy-vow verbatim was cut and honestly paraphrased, and the sameness engine that tripped against the Jynxzi draft at 0.192 was rewritten (scan now clear at 0.060).

### Key Observations

- **What earns the 9s:** Discoverability is near-optimal (52-word extractable answer, 5 genuine search-intent FAQs with matching anchors, complete entity metadata, head-term check passes). Enneagram integration hits all three interior requirements — the million-follower inner-thought beat, the lunch-table empathy turn in the subject's own plaque-vocabulary (not house "scar tissue" grammar), and shame *rendered* in the Streamer University section ("the inventory is him"). All typology depth is quarantined in the rabbit hole.
- **Why Evidence is 8, not 9:** the *Victory Lap* metrics ("200 million streams, went platinum in the UK") and the 127k-concurrent peak have no inline source — the Forbes attribution in that paragraph only covers the follower count. Also one stale ledger entry: Nino Paid's testimony-ledger quote exists in the body only as paraphrase.
- **Sameness watch (no cap, but real):** shared furniture with Jynxzi and caseoh, graded the same week — epigraph→cold-open→reframe pivot, two "Read…" imperatives, return-to-opening-image close — and the thesis is a close cousin of Jynxzi's "wins never bank" engine. Both are Type 3 streamers published days apart; serial readers will feel the rhyme. Under the 3-near-verbatim threshold, but the sidecar flags it for the next pass.
- **Before publish:** the Ojay Suave removal allegation is live news (draft flags it), the faqs enrich stage hasn't run (lint WARN), and the source-audit's VAGUE on the Grammy-vow quote is a tooling gap (no awards-show entries in OUTLETS), not a real traceability failure.

Grade written to the draft frontmatter (with `first_overall: 7.8` / `grade_stability_delta: 0.6`) and full feedback to `docs/content-analysis/grades/PlaqueBoyMax.review.md`.

**Total graded this session: 1**
[Stage 9] regrade finished 03:10:06 (exit=0, 266s)

═════════════════════════════════════════════════════
Pipeline complete for: plaqueboymax
Finished: Mon Jul 27 03:10:06 EDT 2026
All logs: /Users/djwayne/9takes/docs/content-analysis/pipeline-logs/2026-07-27_020000_plaqueboymax
LINT: passed
─────────────────────────────────────────────────────
[Stage 9.5] quality_report_after_revision  (started 03:10:06)
Command: node /Users/djwayne/9takes/scripts/blog-quality-report.mjs plaqueboymax
Log:     /Users/djwayne/9takes/docs/content-analysis/pipeline-logs/2026-07-27_020000_plaqueboymax/9.5_quality_report_after_revision.log
─────────────────────────────────────────────────────
blog-quality-report: plaqueboymax
────────────────────────────────────────────────────────────
2.1 Contrast pairs: 0 total  (strong 0, comparative 0)

2.4 Head-term: PASS  meta_title=Why PlaqueBoyMax Can't Log Off: Inside the Type 3 Engine
   answer-block: ok (52 words; <=60)

1.4 Corpus-count drift: none (corpus total = 391)
[Stage 9.5] quality_report_after_revision finished (exit=0, 0s)

─────────────────────────────────────────────────────
[Stage 9.6] source_audit_after_revision  (started 03:10:06)
Command: node /Users/djwayne/9takes/scripts/blog-source-audit.mjs plaqueboymax --fail-on-untagged-load-bearing
Log:     /Users/djwayne/9takes/docs/content-analysis/pipeline-logs/2026-07-27_020000_plaqueboymax/9.6_source_audit_after_revision.log
─────────────────────────────────────────────────────
========================================================================
LOAD-BEARING SOURCE AUDIT — plaqueboymax  (Type 3)
/Users/djwayne/9takes/src/blog/people/drafts/plaqueboymax.md
========================================================================

### EPIGRAPH
  [INLINE  ] "I'm delusionally faithful in myself."
             outlet="Forbes"  year=2026

### COLD OPEN
  [INLINE  ] "I could do the biggest stream of my life today. … By tomorrow it is something new."
             outlet="Forbes"  year=2026

### DIAGNOSIS
  [VAGUE   ] "Last year I said I'ma win a Grammy, this year we got nominated,"
             year=2025
  [INLINE  ] "we might not be talking about you by 2024."
             outlet="Forbes"  year=2023
  [INLINE  ] "Just keep going,"
             outlet="Forbes"  year=2026
  [INLINE  ] "Don't stop unless you really need that water break."
             outlet="Forbes"  year=2026

### EMPATHY TURN
  (no quoted material in slot)

### CLOSE
  (no quoted material in slot)

------------------------------------------------------------------------
SUMMARY: 6 load-bearing quote(s) — 5 inline, 1 vague, 0 untagged
  untagged quote in epigraph OR cold open: no
  any untagged load-bearing quote:         no
------------------------------------------------------------------------
[Stage 9.6] source_audit_after_revision finished (exit=0, 0s)

─────────────────────────────────────────────────────
[Stage 9.7] same_type_similarity_after_revision  (started 03:10:06)
Command: node /Users/djwayne/9takes/scripts/same-type-similarity.mjs plaqueboymax --n 8 --fail-on-trip
Log:     /Users/djwayne/9takes/docs/content-analysis/pipeline-logs/2026-07-27_020000_plaqueboymax/9.7_same_type_similarity_after_revision.log
─────────────────────────────────────────────────────
==============================================================================
SAME-TYPE ARGUMENT-SIMILARITY SCAN — plaqueboymax (Type 3)
/Users/djwayne/9takes/src/blog/people/drafts/PlaqueBoyMax.md
==============================================================================

Target diagnosis+counter-typing units: 33
Comparison set (last 8 other Type-3 drafts by date):
  - jynxzi  (2026-07-25, 30 units)
  - margaret-qualley  (2026-07-23, 30 units)
  - pete-hegseth  (2026-07-19, 54 units)
  - madonna  (2026-07-18, 41 units)
  - David-Beckham  (2026-07-13, 43 units)
  - n3on  (2026-07-13, 38 units)
  - xochitl-gomez  (2026-07-12, 43 units)
  - Kiernan-Shipka  (2026-07-11, 46 units)

Noise floor over 10725 unit pairs:  median=0  p90=0  p99=0.005  max=0.06
Trip threshold: 0.04  →  clear


Most similar drafts (max unit-pair score):
  0.060 ##                   jynxzi
  0.039 ##                   Kiernan-Shipka
  0.030 #                    margaret-qualley
  0.028 #                    pete-hegseth
  0.026 #                    David-Beckham
  0.026 #                    madonna
  0.021 #                    n3on
  0.019 #                    xochitl-gomez

TOP SIMILAR SENTENCE/CLAUSE PAIRS:
------------------------------------------------------------------------------
score 0.060   plaqueboymax  <->  jynxzi
   TARGET [diagnosis] then sets the next one before the applause fades.
   OTHER  [diagnosis] which is why the wins never bank and the next one always has to happen on schedule.

score 0.039   plaqueboymax  <->  Kiernan-Shipka
   TARGET [diagnosis] so he builds a life that keeps producing them
   OTHER  [diagnosis] and builds a self around delivering it.

score 0.030   plaqueboymax  <->  margaret-qualley
   TARGET [diagnosis] The feeling underneath is harder to see
   OTHER  [diagnosis] I love the feeling of working really hard.

score 0.028   plaqueboymax  <->  pete-hegseth
   TARGET [diagnosis] this year we got nominated
   OTHER  [diagnosis] no active-duty Navy woman is likely to make admiral this year.

score 0.026   plaqueboymax  <->  David-Beckham
   TARGET [counter-typing] the rehearsed tears that never came
   OTHER  [counter-typing] a quiet surface stretched over an engine that never idles.

score 0.026   plaqueboymax  <->  Kiernan-Shipka
   TARGET [diagnosis] and back on the same stage in December 2025 he kept score out loud
   OTHER  [diagnosis] I wanted to just get through the curriculum." As an adult she preps roles on the same doctrine

score 0.026   plaqueboymax  <->  madonna
   TARGET [diagnosis] A Three learns young that attention arrives when the results are visible
   OTHER  [diagnosis] the Three learns that love responds to accomplishment

score 0.025   plaqueboymax  <->  margaret-qualley
   TARGET [diagnosis] so he builds a life that keeps producing them
   OTHER  [diagnosis] Type 3s organize a life around being worth something

score 0.022   plaqueboymax  <->  margaret-qualley
   TARGET [diagnosis] so he builds a life that keeps producing them
   OTHER  [diagnosis] The 4 wing explains the filmography that keeps confusing people.

score 0.021   plaqueboymax  <->  jynxzi
   TARGET [diagnosis] Max describes the underground music cycle with something close to dread
   OTHER  [diagnosis] he tried to describe the experience of not going live

score 0.021   plaqueboymax  <->  n3on
   TARGET [diagnosis] his first instinct is to check whether it registered.
   OTHER  [diagnosis] The core drive is to become someone the room values

score 0.021   plaqueboymax  <->  jynxzi
   TARGET [diagnosis] selling his own future like a product.
   OTHER  [diagnosis] Jynxzi treated a streamer exhibition like a referendum on whether he is any good. ---

------------------------------------------------------------------------------
Top pair scores 0.06 vs median 0  (~∞x the noise floor).
[Stage 9.7] same_type_similarity_after_revision finished (exit=0, 1s)

REVISION LOOP: ran once (trigger: overall 7.8 < 8.5)
GRADE: 7.8 → 8.4 (first grade → after revision)
STILL BELOW BAR after one revision — human review needed; the loop does not repeat.

Final draft frontmatter (grade summary):
enneagram: 3
  hook: 8
  enneagram: 9
  evidence: 8
  writing: 8
  originality: 8
  discoverability: 9
  overall: 8.4
  letter: B
  rubric_version: 2
  graded_at: '2026-07-27'
Summary JSON: /Users/djwayne/9takes/docs/content-analysis/pipeline-logs/2026-07-27_020000_plaqueboymax/summary.json
═════════════════════════════════════════════════════
[2026-07-27 03:10:07] [INFO] Pipeline exited code=0 after 70 min
[2026-07-27 03:10:07] [SUCCESS] Completed: PlaqueBoyMax — grade 8.4 (B)
[2026-07-27 03:10:07] [INFO] NOTIFY: ✅ 9takes nightly blog: PlaqueBoyMax (Type ?) — grade 8.4 (B), disc 9, 70 min. needsReview=true
[2026-07-27 03:10:07] [INFO] Nightly blog cron finished
