[2026-08-07 02:00:00] [INFO] Nightly blog cron starting (dry-run=0)
[2026-08-07 02:00:02] [INFO] SELECTED: duke-dennis (Type ?)
[2026-08-07 02:00:02] [INFO] Launching pipeline for duke-dennis
═════════════════════════════════════════════════════
9takes blog pipeline
Mode:    create
Person:  duke-dennis
Draft:   src/blog/people/drafts/duke-dennis.md
Logs:    /Users/djwayne/9takes/docs/content-analysis/pipeline-logs/2026-08-07_020002_duke-dennis
Started: Fri Aug  7 02:00:03 EDT 2026
═════════════════════════════════════════════════════

─────────────────────────────────────────────────────
[Stage 1] create  (started 02:00:03)
Command: /blog_content_creator_people_v2 duke-dennis --non-interactive
Log:     /Users/djwayne/9takes/docs/content-analysis/pipeline-logs/2026-08-07_020002_duke-dennis/1_create.log
─────────────────────────────────────────────────────
Draft complete and all gates pass. The two failed cron runs (both died on API `ENOTFOUND` before writing anything) are now recovered with a full fresh draft.

```
MODE: non-interactive
DRAFT: /src/blog/people/drafts/Duke-Dennis.md
STATUS: production_pretext.status = draft
BLOCKERS: none
GATES: Gate 1: pass (4 qualifying testimony quotes) | Gate 2: pass (6 search-intent/hybrid H2s) | Gate 4: pass | Gate 5: pass (2 type-theory paragraphs, cap 4) | Gate 6: pass (0 contrast engines, similarity scan clear, all anchors present)
LIMITATIONS: no independently verifiable Kai Cenat quote about Duke (Veterans Day 2024 call stated as fact, no words quoted); "Berry's Plastic" rendered as Duke says it, corporate identity unverified
```

**The blog in one line:** Duke Dennis is typed as an **8w9** — the thesis is that the internet's avatar of charisma is actually a man who will not be told what to do, and every famous thing about him (the rizz refusal, the Army regret, the sealed AMP roster, the seven interview-free years) is the same walk out of the same factory.

**What it's built on:**
- Two fresh transcripts pulled into `youtube-transcripts/`: his 2024 Complex *360 With Speedy* sit-down (his first ever interview) and his ~2019 army story-time video. His own words carry the piece — "I just don't like people telling me what to do" said three ways on tape is the tiebreaker quote.
- Signature details: the 29-day plastics-factory job he walked out of mid-shift, the empire still logged into his friend Deo's email, buying his mom's house before his first chain, and the fact that he never asked his aunt what "Duke" means — which becomes the ending.
- Current-tense anchor: his July 6, 2026 return as a Streamer University professor, which powers the bespoke section (his real blueprint rendered as a course syllabus).
- Durable research file at `docs/content-analysis/research/Duke-Dennis.md` for the perspective-review stage.

**Internal links (6):** Kai Cenat and IShowSpeed people pages, the Type 8 explainer, the types-in-stress guide, plus the two template links inside the Rabbit Hole (wings, subtypes).

**Verification:** `blog-lint.sh` 0 fail / 1 warn (the warn is the FAQ-frontmatter enrich stage that runs downstream), contrast-pair engines 0, same-type similarity clear after rewriting two trips against the Nara-Smith and David Goggins drafts, Rabbit Hole at 488 words.

Per non-interactive rules the draft stays at `status: draft` — human review, then `/grade_blog` and the perspective pipeline are the next stops.
[Stage 1] create finished 02:19:36 (exit=0, 1173s)

─────────────────────────────────────────────────────
[Stage 2] fresh_eyes  (started 02:19:38)
Command: /blog_content_fresh_eyes_people Duke-Dennis
Log:     /Users/djwayne/9takes/docs/content-analysis/pipeline-logs/2026-08-07_020002_duke-dennis/2_fresh_eyes.log
─────────────────────────────────────────────────────
Fresh-eyes review complete for `src/blog/people/drafts/Duke-Dennis.md` — notes appended as a `FRESH EYES REVIEW (2026-08-07)` block at the bottom of the file. No body edits made.

The two biggest issues I flagged:

1. **The missing armor-crack moment.** His cousin Dee passed away, and in December 2024 a fan mailed him a tribute shirt that made Duke tear up opening it live — a widely-clipped moment ([X clip](https://x.com/scubaryan_/status/1872024596049973690?lang=en), [Sportskeeda coverage](https://www.sportskeeda.com/us/streamers/news-amp-duke-dennis-left-emotional-fan-sends-shirt-honoring-late-cousin-dee)). The draft's stress section argues fame "got no doors," which makes omitting the one door that visibly opened conspicuous. I also flagged a verification task: check whether Dee is the "Deo" whose gifted channel and email still run his empire — if so, the borrowed-email section has a buried payoff — but the draft must not conflate a "friend" and a "cousin" without confirming.

2. **The Rolling Stone/Speed anecdote is told six times** — twice in full (diagnosis counter-read and AMP section), plus intro, TL;DR, rabbit hole, and the growth paragraph. It's the draft's most-repeated beat and needs one home.

Also worth knowing: I flagged the Union Square incident (May 2024, the only real controversy in the research file) as a one-sentence inoculation gap, the clock/orders metaphor family closing one section too many, and the absent gym/Twitch dimensions. On the positive side, the factory cold open, the aunt/name ending, and the "his mother's sentence outlasted his own" paradox are the draft's best material and marked protect-as-written.
[Stage 2] fresh_eyes finished 02:23:13 (exit=0, 215s)

─────────────────────────────────────────────────────
[Stage 3] second_pass  (started 02:23:13)
Command: /blog_content_second_pass_people Duke-Dennis
Log:     /Users/djwayne/9takes/docs/content-analysis/pipeline-logs/2026-08-07_020002_duke-dennis/3_second_pass.log
─────────────────────────────────────────────────────
Second pass on `src/blog/people/drafts/Duke-Dennis.md` is complete. The source audit went from **4 untagged load-bearing quotes → 3 inline / 1 vague / 0 untagged**, clearing both A/B+ blockers.

**Source fixes (done first, per the audit):**
- Epigraph now carries `— Duke Dennis, Complex's 360 With Speedy, 2024` (grades inline).
- Found a dating error while tagging: the army story-time video was uploaded **Feb 6, 2018**, not "~2019" as the research file claimed — I verified against the transcript metadata, tagged the quotes 2018, and corrected the research file. The remaining "vague" is that video's honest ceiling: it's self-published, so no third-party outlet exists to cite.
- The money/"own boss" quotes are now tagged to Complex, 2024.

**Fresh-eyes notes addressed:**
- **Rolling Stone/Speed dedup**: the AMP section is now the moment's only full telling; the diagnosis counter-read shrank to three sentences and the TL;DR lost its "deflected crown" bullet.
- **Cousin Dee**: verified the Dec 2024 fan-shirt tear-up is real and added it to the stress section as the door-opening beat ("this time there was no standing reply to hand back"). Critically, I did **not** connect Dee to Deo — Deo gets a warm, no-mention-of-death shoutout in the Feb 2024 Complex interview, while Dee was mourned on stream before that. Different people; the distinction is now recorded in the research file.
- **Union Square**: one on-thesis paragraph in the AMP section (charged Aug 2023 at Kai's giveaway, dropped May 2024 after apology and restitution — "it came from standing in somebody else's crowd").
- **Clock-metaphor pileup**: varied the Army-section close ("the discipline answers to him now"); kept the shift bell and the ending, which the review itself rated best.
- **Syllabus contradiction**: bridge paragraph after Unit 3 links the hashtag-riding curriculum to the meme economy that made him a daily prompt, with Unit 4 as the self-defense.
- **Twitch + physique**: new paragraph in the empire section (3.3M Twitch followers, what the live hours actually are, the body as the one territory nobody else names) — also sets up India Love's "entertainment of Twitch" line.
- **Girlfriend-quote continuity**: solved by the 2018 date tag itself.

**Rejected:** the AMP H2 retitle (kept the search-intent question, added a connective line instead).

**Still open:** the Dee moment rests on clip coverage only, so it's stated as fact with no quote — same treatment the draft gives Kai's Veterans Day call. Prose checks are clean: no new em-dashes outside the exempt attribution line, no banned words. A `SECOND PASS NOTES` block at the bottom documents all of this for the next editor pass.
[Stage 3] second_pass finished 02:33:06 (exit=0, 593s)

─────────────────────────────────────────────────────
[Stage 4] cohesion  (started 02:33:06)
Command: /cohesion-check src/blog/people/drafts/Duke-Dennis.md
Log:     /Users/djwayne/9takes/docs/content-analysis/pipeline-logs/2026-08-07_020002_duke-dennis/4_cohesion.log
─────────────────────────────────────────────────────
The file is fully drafted and has already been through fresh-eyes and second-pass edits. I'll map the argument thread and evaluate cohesion and transitions.

## Cohesion Audit: Duke-Dennis.md

### Central Thesis

Duke Dennis is a Type 8 whose entire biography — the Army regret, the factory walkout, the sealed AMP circle, the hatred of "rizz," the name he never asked about — is one repeating pattern: refusing to live inside arrangements other people made for him.

### Thread Map

1. **Cold open / intro** — The factory walkout and the "rizz" refusal are framed as the same act ("Both walks are the same walk"), stating the thesis explicitly before any section begins.
2. **What is Duke Dennis's personality type?** — Formalizes the pattern as Type 8 using his own repeated words ("I don't like being told what to do," three times), briefly pressure-tests Type 3, defers the full counter-case to the Rabbit Hole.
3. **Why Duke Dennis calls the Army his biggest regret** — The biographical origin of the allergy: reception night, the "I don't want to be here" confession, and the paradox that he stayed anyway. Plants "Germany deserves its own section" for later payoff.
4. **How Duke Dennis built an empire on a borrowed email** — The escape route: YouTube discovered inside the contract, the first check that ended the factory, consistency doctrine, and the physique as the one self-governed territory.
5. **Why AMP will never add a seventh member** — The pattern applied to relationships: a sealed circle he controls, the one legal cost of standing in someone else's crowd (Union Square), and ranking-audits on behalf of excluded friends.
6. **Why Duke Dennis hates the word rizz** — The thesis's payoff: a label repeated daily becomes a schedule someone else wrote, explicitly linked back to the Army ("four years performing somebody else's script").
7. **Professor Dennis's syllabus** — The inversion: he teaches the exact meme economy that claimed him, with the Unit 3 contradiction explicitly cashed and Unit 4 named as the self-defense.
8. **What stress does to Duke Dennis** — Pays off the planted Germany promise; withdrawal-to-Five under pressure, then the doors opening (first interview, Dee shirt, growth-to-Two provider moves).
9. **The name he never asked about** — The close gathers every thread (Army, factory, Aspen, Unc) into the aunt's name: "a sound with no orders inside."

The map reads as a coherent outline top to bottom. Every section serves the thesis; removing any one of them would leave a hole in the argument.

| Check                   | Score | Issues |
| ----------------------- | ----- | ------ |
| Through-Line Clarity    | 9/10  | 0      |
| Promise-Delivery Match  | 9/10  | 0      |
| Reader Mental Model     | 9/10  | 0      |
| Section Transitions     | 8/10  | 2 adequate-not-strong |
| Internal Paragraph Flow | 9/10  | 0      |

**Overall Cohesion Score: 9/10**

### Transition Ratings

- Intro → Diagnosis: **Strong** (thesis stated, then formalized)
- Diagnosis → Army: **Adequate** — diagnosis ends on the Type 3 counter-read, Army opens with childhood; but the diagnosis section quotes the Army story heavily, so the reader arrives primed, and the search-intent H2 does the reset legitimately
- Army → Empire: **Strong** ("The career started inside the contract" carries the keyword directly)
- Empire → AMP: **Adequate** — "AMP chaos from the Atlanta house" appears two sentences before the AMP section opens with "the Atlanta-based collective," so the link exists but sits slightly upstream of the boundary
- AMP → Rizz: **Strong** (Kai carries over as the bridge; ranking-audits → the biggest label of all)
- Rizz → Syllabus: **Strong** ("The man who refuses every label the internet writes for him now grades students on how to build one" is an explicit hinge)
- Syllabus → Stress: **Strong on arrival** — the topic switch is real, but "Germany is where you see what pressure actually does to him" pays off a promise planted four sections earlier ("Germany deserves its own section of this story"), which is better than any local bridge
- Stress → Ending: **Strong** (the close explicitly gathers the Army, the factory, and Aspen)

### Fixes Applied: 0

I evaluated the two "adequate" boundaries for bridging sentences and decided against both, and per the non-interactive protocol I'm logging the decision rather than asking:

1. **Diagnosis → Army**: any bridge here ("That allergy started somewhere...") would be more mechanical than the current hard cut. The search-intent H2 format deliberately lets headers reset topics, and the Army material is already live from the diagnosis quotes.
2. **Empire → AMP**: the "Atlanta house" → "Atlanta-based collective" echo already does the work; moving the physique paragraph to strengthen the boundary would break the section's internal money-body parallel, a worse trade.

No orphaned threads found — every planted setup pays off (Germany section promise, Berry's Plastic callback, the Twitch setup for India Love's "entertainment of Twitch" line, the intro's Rolling Stone ranking landing in the AMP section). No false or formulaic transitions. The long-range plant-and-payoff structure (Germany, the door metaphor in the stress section, the name/label thread) is the piece's strongest cohesion asset.

### What Was Preserved

Everything — frontmatter, all HTML comments/ledgers, Svelte-adjacent markup, internal links, and all prose. Zero edits were needed.

### Remaining Concerns

None structural. The prior fresh-eyes concerns (Rolling Stone duplication, missing Dee moment, Union Square omission, clock-metaphor pileup, the Unit 3 contradiction) were all resolved in the second pass and verified present in the current text. The draft is cohesion-ready for the next pipeline stage.
[Stage 4] cohesion finished 02:36:06 (exit=0, 180s)

─────────────────────────────────────────────────────
[Stage 4.1] perspective_snapshot  (started 02:36:06)
Command: node /Users/djwayne/9takes/scripts/perspective-review-gate.mjs --phase snapshot --draft src/blog/people/drafts/Duke-Dennis.md --review-dir docs/content-analysis/perspective-reviews/Duke-Dennis/2026-08-07_020002 --subject Duke-Dennis
Log:     /Users/djwayne/9takes/docs/content-analysis/pipeline-logs/2026-08-07_020002_duke-dennis/4.1_perspective_snapshot.log
─────────────────────────────────────────────────────
ok    frozen draft: src/blog/people/drafts/Duke-Dennis.md
ok    snapshot sha256: b98e726c3df7db72dbd36a9aef2eb7220bef5b4aad2c4a1f2d8051df476b60bb
ok    review directory: docs/content-analysis/perspective-reviews/Duke-Dennis/2026-08-07_020002
[Stage 4.1] perspective_snapshot finished (exit=0, 1s)

─────────────────────────────────────────────────────
[Stage 4.2] perspective_evidence  (started 02:36:07)
Command: /blog_perspective_research_people Duke-Dennis --review-dir=docs/content-analysis/perspective-reviews/Duke-Dennis/2026-08-07_020002 --draft-sha=b98e726c3df7db72dbd36a9aef2eb7220bef5b4aad2c4a1f2d8051df476b60bb
Log:     /Users/djwayne/9takes/docs/content-analysis/pipeline-logs/2026-08-07_020002_duke-dennis/4.2_perspective_evidence.log
─────────────────────────────────────────────────────
Evidence packet complete.

**Artifact:** `docs/content-analysis/perspective-reviews/Duke-Dennis/2026-08-07_020002/evidence-packet.md`

Context check passed: the supplied subject and SHA match `context.json` exactly (`b98e726c…`). The packet inventories 16 load-bearing claims, re-verifies every first-person quote word-for-word against the two repo transcripts, and confirms the previously thin external events — Rolling Stone's #5 ranking and "mythic figure" wording (via Rolling Stone's own X post), the Union Square resolution (Kai ~$55K, Duke roughly $1,000 plus a posted apology), the July 6, 2026 Streamer University faculty including Lizzo, Pokimane, and Ludwig, Kai's nine-month hiatus, the Veterans Day call, the Dee shirt stream (Dec 24, 2024), and the internal corpus stat (45 Type 8s / 11 creators — exact match).

Notable evidence findings recorded for evaluators, without judgment: the "he ruined a generation" line has an on-tape softening the draft flattens; the shelved-videos claim omits that he now posts them to his live channel; sources say he "teared up" rather than "cried" at the Dee shirt; Dee died ~2015, which also definitively settles Dee ≠ Deo; the India Love episode likely aired mid-2025 (not November) and its key quote's referent (Duke vs. DDG) is unsettled.

**Largest unresolved evidence gap:** the article's psychological spine — the factory walk-out, the mother's "man up" line, the first-sergeant exchange, the desk nap — exists only in Duke's own two recountings (2018 story time, 2024 Complex interview), and the 2018 tape internally wavers between "three years" and "four years" of service. Nothing contradicts these beats, but nothing independent confirms them either; conclusions built on them must remain attributed to his account.

Sources: [Rolling Stone on X](https://x.com/RollingStone/status/1828168036215382460), [Rolling Stone list entry](https://www.rollingstone.com/culture/culture-lists/top-social-media-influencers-creators-2024-1235084589/duke-dennis-1235084795), [Sportskeeda — "Where is Speed?"](https://www.sportskeeda.com/us/streamers/news-where-speed-duke-dennis-slams-rolling-stone-including-ishowspeed-top-content-creators-year-list), [AP on X](https://x.com/AP/status/1788328042504307147), [Tubefilter — Union Square resolution](https://www.tubefilter.com/2024/05/08/kai-cenat-apology-union-square-new-york-city-giveaway-chaos/), [Wikipedia — 2023 Union Square riot](https://en.wikipedia.org/wiki/2023_Union_Square_riot), [Ebony — Streamer University 2026](https://www.ebony.com/kai-cenat-unveils-star-studded-professor-lineup-and-2026-class-for-streamer-university/), [Just Jared — 9-month hiatus](https://www.justjared.com/2026/07/06/kai-cenat-announces-return-to-streaming-after-9-month-hiatus-missed-yall/), [Sportskeeda — Dee shirt](https://www.sportskeeda.com/us/streamers/news-amp-duke-dennis-left-emotional-fan-sends-shirt-honoring-late-cousin-dee), [Soap Central — India Love](https://www.soapcentral.com/pop-culture/news-we-can-get-flirty-playful-india-love-relationship-ddg-duke-dennis-post-streamer-university), [Complex episode page](https://www.complex.com/v/360-with-speedy/cFg0YSVB), [Wikipedia — Duke Dennis](https://en.wikipedia.org/wiki/Duke_Dennis), [HotNewHipHop — comeback stream](https://www.hotnewhiphop.com/1000952-kai-cenat-announce-comeback-stream-streamer-university)
[Stage 4.2] perspective_evidence finished 02:46:21 (exit=0, 614s)

─────────────────────────────────────────────────────
[Stage 4.3] perspective_packet_gate  (started 02:46:21)
Command: node /Users/djwayne/9takes/scripts/perspective-review-gate.mjs --phase packet --review-dir docs/content-analysis/perspective-reviews/Duke-Dennis/2026-08-07_020002
Log:     /Users/djwayne/9takes/docs/content-analysis/pipeline-logs/2026-08-07_020002_duke-dennis/4.3_perspective_packet_gate.log
─────────────────────────────────────────────────────
ok    shared evidence packet is complete and tied to the frozen draft
[Stage 4.3] perspective_packet_gate finished (exit=0, 0s)

─────────────────────────────────────────────────────
[Stage 4.4] perspective_jury (six isolated reviews in parallel)
Snapshot: docs/content-analysis/perspective-reviews/Duke-Dennis/2026-08-07_020002/draft-reviewed.md
Evidence: docs/content-analysis/perspective-reviews/Duke-Dennis/2026-08-07_020002/evidence-packet.md
─────────────────────────────────────────────────────
  starting subject → /Users/djwayne/9takes/docs/content-analysis/pipeline-logs/2026-08-07_020002_duke-dennis/4.4_perspective_subject.log
  starting fan → /Users/djwayne/9takes/docs/content-analysis/pipeline-logs/2026-08-07_020002_duke-dennis/4.4_perspective_fan.log
  starting critic → /Users/djwayne/9takes/docs/content-analysis/pipeline-logs/2026-08-07_020002_duke-dennis/4.4_perspective_critic.log
  starting unfamiliar → /Users/djwayne/9takes/docs/content-analysis/pipeline-logs/2026-08-07_020002_duke-dennis/4.4_perspective_unfamiliar.log
  starting enneagram → /Users/djwayne/9takes/docs/content-analysis/pipeline-logs/2026-08-07_020002_duke-dennis/4.4_perspective_enneagram.log
  starting future → /Users/djwayne/9takes/docs/content-analysis/pipeline-logs/2026-08-07_020002_duke-dennis/4.4_perspective_future.log
  subject finished (383s)
  fan finished (383s)
  critic finished (383s)
  unfamiliar finished (385s)
  enneagram finished (385s)
  future finished (604s)

─────────────────────────────────────────────────────
[Stage 4.5] perspective_reviews_gate  (started 02:56:25)
Command: node /Users/djwayne/9takes/scripts/perspective-review-gate.mjs --phase reviews --review-dir docs/content-analysis/perspective-reviews/Duke-Dennis/2026-08-07_020002
Log:     /Users/djwayne/9takes/docs/content-analysis/pipeline-logs/2026-08-07_020002_duke-dennis/4.5_perspective_reviews_gate.log
─────────────────────────────────────────────────────
ok    subject review complete
ok    fan review complete
ok    critic review complete
ok    unfamiliar review complete
ok    enneagram review complete
ok    future review complete
[Stage 4.5] perspective_reviews_gate finished (exit=0, 0s)

─────────────────────────────────────────────────────
[Stage 4.6] perspective_synthesis  (started 02:56:25)
Command: /blog_perspective_synthesis_people Duke-Dennis --review-dir=docs/content-analysis/perspective-reviews/Duke-Dennis/2026-08-07_020002 --draft-sha=b98e726c3df7db72dbd36a9aef2eb7220bef5b4aad2c4a1f2d8051df476b60bb
Log:     /Users/djwayne/9takes/docs/content-analysis/pipeline-logs/2026-08-07_020002_duke-dennis/4.6_perspective_synthesis.log
─────────────────────────────────────────────────────
Synthesis complete.

- **Synthesis path:** `docs/content-analysis/perspective-reviews/Duke-Dennis/2026-08-07_020002/synthesis.md`
- **P0 items:** 7 — all clause-level: the drawer claim reversed by its own source (4 reviewers, 2 blockers), the "ruined a generation" quote distortion (I re-verified the transcript: that string appears nowhere verbatim), the false 1987 birth year, "cried" outrunning every source, the TL;DR present-tensing a retired 2018 stance, the India Love date/referent problem, and the cold open's standing/sitting contradiction. The shared pattern, named independently by four juries: every escalation makes Duke harder and more absolute than the tape shows — and in most cases the honest version is stronger.
- **Accepted P1 items:** 10 (headlined by adding the 9w8 counter-case the counterarguments section never faces, and detaching the unverified 3.5M-subscriber figure from the Deo-email channel — my adjudication search confirmed he runs multiple large channels with different counts, so the binding is genuinely unsafe).
- **Research required:** 2 — which channel actually holds the ~3.5M (safe detach repair ships regardless), and a pre-publish legal sweep to protect the "only legal mark" sentence, with a standing instruction not to broaden its scope or add the denied allegation cluster.
- **Most important protected hit:** PROTECT-02 — "His mother's sentence outlasted his own" and the four-year-stay paradox held open rather than explained. Five of six reviewers named it the draft's single strongest trust move; no revision, including the new counterargument material, may resolve it.

Also adjudicated along the way: the inner-thought styling concern was dropped after checking the CSS (it renders as a clearly marked interior-beat callout), and one reviewer claim was corrected against the tape — the roller in the cold open is not invented, only the standing detail is.
[Stage 4.6] perspective_synthesis finished 03:06:08 (exit=0, 583s)

─────────────────────────────────────────────────────
[Stage 4.7] perspective_synthesis_gate  (started 03:06:08)
Command: node /Users/djwayne/9takes/scripts/perspective-review-gate.mjs --phase synthesis --review-dir docs/content-analysis/perspective-reviews/Duke-Dennis/2026-08-07_020002
Log:     /Users/djwayne/9takes/docs/content-analysis/pipeline-logs/2026-08-07_020002_duke-dennis/4.7_perspective_synthesis_gate.log
─────────────────────────────────────────────────────
ok    perspective synthesis is complete and actionable
[Stage 4.7] perspective_synthesis_gate finished (exit=0, 0s)

─────────────────────────────────────────────────────
[Stage 5] editor_pass  (started 03:06:08)
Command: /blog_content_editor_pass_people Duke-Dennis --perspective-review-dir=docs/content-analysis/perspective-reviews/Duke-Dennis/2026-08-07_020002
Log:     /Users/djwayne/9takes/docs/content-analysis/pipeline-logs/2026-08-07_020002_duke-dennis/5_editor_pass.log
─────────────────────────────────────────────────────
Editor pass complete on `src/blog/people/drafts/Duke-Dennis.md`, run in perspective-jury mode against the 2026-08-07_020002 synthesis.

**All 7 P0 repairs applied** (each verified against the repo transcripts before editing):

- **Drawer claim** — now tells the truth in all three locations: the videos that miss his bar get demoted to his live channel, with the verbatim tail quote the draft had cut off. The anti-Type-3 case now stands only on transcript-supported planks.
- **"He ruined a generation"** — rendered as the actual exchange: Speedy quotes the line back, Duke softens it ("I wouldn't say ruined it"), then re-owns it under pressure. No unverbatim strings in quotation marks anywhere in the section.
- **Cold open** — he's now sitting at the machine per his own telling; "Then he stood, walked out of the building, and walked home" is untouched and now literally true.
- **Dee shirt** — "got visibly emotional, and put his shades on mid-stream. Even that moment got armor." Verb at source strength, canonical shades detail restored.
- **TL;DR Army bullet** — past-anchored; "still counts the years as wasted" survives because the 2024 tape supports it.
- **India Love** — re-dated "In 2025," swapped to her Duke-specific quote that can't be reassigned to DDG, testimony ledger updated.
- **1987** — the ending now reads "a fake birth year, 1987 for a man born in 1994"; a fresh reader leaves with the right fact and the Unc joke legible.

**All 10 accepted P1s applied**: 9w8 and the four-year stay now face the counterarguments section (with the merge-vs-exit discriminator), guardedness is no longer double-counted, "no doors" is scoped to journalists, the rizz-credit intro inconsistency is fixed, four newcomer glosses added (NBA 2K, AMP, Streamer University, the review/commitment split on "I'm doing this"), the professorship is past-tensed, all counts are detached from the Deo-email claim and stamped "as of mid-2026," the sealed-six TL;DR is attributed to Duke's rule, the legal universal is bounded with an agency clause, and "creator alive" became "of 2024." Aura joined the labels inventory (paraphrased pushback, no unverified quote). P2-01's superlative fix rode along.

**Exit checks**: `blog-lint` 0 fail with **0 strong contrast pairs** (target 0) and 0 prose em-dashes; `blog-quality-report` confirms 0 total contrast pairs. All ten PROTECT hits regression-checked by literal grep — the shift-bell paragraph, the mother's-sentence paradox, the falsifier clause, and the aunt/name close are byte-identical.

**Artifacts**: resolution log at `docs/content-analysis/perspective-reviews/Duke-Dennis/2026-08-07_020002/editor-resolution.md`; the future proxy's twelve-month refresh list and publish-time actions appended to `docs/content-analysis/research/Duke-Dennis.md`.

**Still open (none block this pass)**: RQ-01 (which channel actually holds the 3.5M — safe detached wording is live; re-attach only after checking the About pages), RQ-02 (publish-time legal sweep, off-page), and P2-04 (archive the three clip-only source URLs at publish). The draft reads production-ready to me, but that's for `/blog_perspective_verify_people` to confirm independently — the lint warning about missing FAQ frontmatter also means the enrich stage hasn't run yet.
[Stage 5] editor_pass finished 03:16:58 (exit=0, 650s)

─────────────────────────────────────────────────────
[Stage 5.05] perspective_editor_resolution_gate  (started 03:16:58)
Command: node /Users/djwayne/9takes/scripts/perspective-review-gate.mjs --phase resolution --review-dir docs/content-analysis/perspective-reviews/Duke-Dennis/2026-08-07_020002 --resolution-file editor-resolution.md
Log:     /Users/djwayne/9takes/docs/content-analysis/pipeline-logs/2026-08-07_020002_duke-dennis/5.05_perspective_editor_resolution_gate.log
─────────────────────────────────────────────────────
ok    editor-resolution.md is complete and tied to the frozen draft
[Stage 5.05] perspective_editor_resolution_gate finished (exit=0, 0s)

─────────────────────────────────────────────────────
[Stage 6] enrich_frontmatter  (started 03:16:58)
Command: /blog_content_frontmatter_enrich_people Duke-Dennis
Log:     /Users/djwayne/9takes/docs/content-analysis/pipeline-logs/2026-08-07_020002_duke-dennis/6_enrich_frontmatter.log
─────────────────────────────────────────────────────
All checks pass — YAML parses, no em-dashes, and the draft is an untracked new file so nothing else was touched. Enrichment done.

---

**Frontmatter enrichment complete: Duke-Dennis**

**Fields filled:**

- `wikidata_qid` (`Q124466749`), `imdb_id` (`nm15242465` — cross-checked: Wikidata has no P345, but the IMDb page independently confirms matching birth name *Denzel Shaquille Dennis* and birth date), `birth_date` (`1994-02-26`), `birth_place` (Greenville, South Carolina, United States), `nationality` (American), `occupation` (3), `knows_about` (6 — NBA 2K content creation, live streaming, YouTube channel growth, personal branding, short-form clip strategy, fitness content), `keywords` (10), `same_as` (3), `citations` (4), `faqs` (5)

**Fields already present (preserved):** `wikipedia` (verified it points to the correct Duke Dennis page), `instagram`, `tiktok`, and all creator-owned fields. `lastmod` untouched. Body and all HTML comment ledgers untouched.

**FAQs generated (5)** — all anchors match real H2 slugs in the body:

1. What is Duke Dennis's personality type? → `#what-is-duke-denniss-personality-type`
2. Why does Duke Dennis call the Army his biggest regret? → `#why-duke-dennis-calls-the-army-his-biggest-regret`
3. Why does Duke Dennis hate the word rizz? → `#why-duke-dennis-hates-the-word-rizz`
4. What is Duke Dennis's real name? → `#the-name-he-never-asked-about`
5. Why will AMP never add a seventh member? → `#why-amp-will-never-add-a-seventh-member`

**Issues:**

- The body contains **zero inline external URLs**. The `citations` list resolves the sources the body explicitly names and quotes: Wikipedia (facts/numbers per the research file's source ledger), the two primary YouTube sources whose transcripts live in the repo (360 With Speedy `C8QOpUByFB8`, the 2018 Army story time `cslGptGMfJs`), and Rolling Stone's 2024 creators list. No citations were invented beyond that resolution.
- `twitter: ''` is empty but is a creator-owned field I don't touch — note that Wikidata lists his handle as `ImDukeDennis` if DJ wants to fill it.
- I removed em-dashes from three FAQ answers after drafting, since the body was written under the pipeline's em-dash ban (the Einstein gold standard predates it and still has them).

Sources: [Duke Dennis — Wikidata](https://www.wikidata.org/wiki/Q124466749), [Duke Dennis — Wikipedia](https://en.wikipedia.org/wiki/Duke_Dennis), [Duke Dennis — IMDb](https://www.imdb.com/name/nm15242465/), [Rolling Stone — 25 Most Influential Creators of 2024](https://www.rollingstone.com/culture/culture-lists/top-social-media-influencers-creators-2024-1235084589/), [Rolling Stone on X (No. 5 blurb)](https://x.com/RollingStone/status/1828168036215382460)
[Stage 6] enrich_frontmatter finished 03:21:02 (exit=0, 244s)

─────────────────────────────────────────────────────
[Stage 6.1] perspective_verify  (started 03:21:02)
Command: /blog_perspective_verify_people Duke-Dennis --review-dir=docs/content-analysis/perspective-reviews/Duke-Dennis/2026-08-07_020002 --draft-sha=b98e726c3df7db72dbd36a9aef2eb7220bef5b4aad2c4a1f2d8051df476b60bb --output=verification-initial.md
Log:     /Users/djwayne/9takes/docs/content-analysis/pipeline-logs/2026-08-07_020002_duke-dennis/6.1_perspective_verify.log
─────────────────────────────────────────────────────
Verification complete — the Duke-Dennis revision passes.

- **Output:** `docs/content-analysis/perspective-reviews/Duke-Dennis/2026-08-07_020002/verification-initial.md`
- **Verification status:** `pass`
- **Open P0:** 0
- **Protected-hit regressions:** 0

All seven P0 repairs check out against primary evidence, not just the resolution log — I re-verified the drawer/live-channel quote, the "ruined it" soften-then-re-own exchange, and the seated cold-open posture directly against the repo transcripts, and the sitting fix makes the protected "Then he stood" line literally true. One wrinkle worth knowing: `grep` does find "ruined a generation" in the transcript, but only as YouTube chapter labels, so the synthesis's no-verbatim-speech premise holds. All ten P1s are completed (none rejected), and a full body diff shows every change maps to a synthesis item with zero collateral edits to the ten protected passages.

Carried forward as publish-time work: RQ-01 (which channel actually holds the 3.5M — the new "his YouTube channels hold roughly 3.5M" phrasing follows the research file but may undercount if the trackers are right), RQ-02 (legal sweep before publish), and the clip-URL archiving. The deterministic gate script makes the final call from the report.
[Stage 6.1] perspective_verify finished 03:27:59 (exit=0, 417s)

─────────────────────────────────────────────────────
[Stage 6.2] perspective_verification_gate  (started 03:27:59)
Command: node /Users/djwayne/9takes/scripts/perspective-review-gate.mjs --phase verification --draft src/blog/people/drafts/Duke-Dennis.md --review-dir docs/content-analysis/perspective-reviews/Duke-Dennis/2026-08-07_020002 --verification-file verification-initial.md
Log:     /Users/djwayne/9takes/docs/content-analysis/pipeline-logs/2026-08-07_020002_duke-dennis/6.2_perspective_verification_gate.log
─────────────────────────────────────────────────────
ok    perspective verification covers the current reader-visible draft
[Stage 6.2] perspective_verification_gate finished (exit=0, 0s)

─────────────────────────────────────────────────────
[Stage 6.5] lint (deterministic checks — scripts/blog-lint.sh)
Log:     /Users/djwayne/9takes/docs/content-analysis/pipeline-logs/2026-08-07_020002_duke-dennis/6.5_lint.log
─────────────────────────────────────────────────────
ok    frontmatter field present: title
ok    frontmatter field present: meta_title
ok    frontmatter field present: persona_title
ok    frontmatter field present: description
ok    frontmatter field present: author
ok    frontmatter field present: date
ok    frontmatter field present: enneagram
ok    frontmatter field present: person
ok    frontmatter field present: suggestions
ok    frontmatter field present: production_pretext
ok    description length 159 chars
ok    meta_title length 54 chars
ok    meta_title contains a searchable head term
ok    meta_title contains a person-name token
ok    required H2 'What is [Person]'s personality type?' present
ok    required H3 '[Person] is an Enneagram Type X' present
ok    type-answer opening block is extractable (35 words)
ok    Enneagram Rabbit Hole block present (exactly one)
ok    TL;DR accordion present
ok    firstLetter intro paragraph present
ok    ledger present: TESTIMONY LEDGER
ok    ledger present: HEADING MIX LEDGER
ok    ledger present: DISTRIBUTION LEDGER
ok    ledger present: FORMULA FINGERPRINT LEDGER
ok    no self-loop links
ok    no visible FAQ section in body
ok    no templated FAQ filler
ok    no unfinished markers
ok    faqs present and FAQPage-eligible (5 real Q/A pairs)
ok    contrast-pair sentence engines: 0 strong (target <= 0)
ok    no comparative contrast patterns detected
ok    internal link count: 6
WARN  body is 4135 words (ceiling 4500) — thin headroom for the next refresh
ok    no prose em-dashes (quote attributions exempt)
ok    no banned AI phrases

blog-lint: Duke-Dennis — 0 fail, 1 warn
[Stage 6.5] lint passed

─────────────────────────────────────────────────────
[Stage 6.6] quality_report  (started 03:27:59)
Command: node /Users/djwayne/9takes/scripts/blog-quality-report.mjs src/blog/people/drafts/Duke-Dennis.md
Log:     /Users/djwayne/9takes/docs/content-analysis/pipeline-logs/2026-08-07_020002_duke-dennis/6.6_quality_report.log
─────────────────────────────────────────────────────
blog-quality-report: Duke-Dennis
────────────────────────────────────────────────────────────
2.1 Contrast pairs: 0 total  (strong 0, comparative 0)

2.4 Head-term: PASS  meta_title=Why Duke Dennis Hates the Word Rizz: A Type 8 Analysis
   answer-block: ok (35 words; <=60)

1.4 Corpus-count drift: none (corpus total = 401)
[Stage 6.6] quality_report finished (exit=0, 0s)

─────────────────────────────────────────────────────
[Stage 6.7] source_audit  (started 03:27:59)
Command: node /Users/djwayne/9takes/scripts/blog-source-audit.mjs src/blog/people/drafts/Duke-Dennis.md --fail-on-untagged-load-bearing
Log:     /Users/djwayne/9takes/docs/content-analysis/pipeline-logs/2026-08-07_020002_duke-dennis/6.7_source_audit.log
─────────────────────────────────────────────────────
========================================================================
LOAD-BEARING SOURCE AUDIT — Duke-Dennis  (Type 8)
src/blog/people/drafts/Duke-Dennis.md
========================================================================

### EPIGRAPH
  [INLINE  ] "I feel like my life didn't really start until I got out of the army."
             outlet="Complex's 360 With Speedy"  year=2024

### COLD OPEN
  (no quoted material in slot)

### DIAGNOSIS
  [VAGUE   ] "The army wasn't for me because I don't like being told what to do. Being told when to eat, sleep, when to go to work... I just had bigger plans for myself. … I don't even like my girlfriend telling me what to do. Whenever my girlfriend say,"
             year=2018  venue="youtube"
  [INLINE  ] "It was the best feeling of my life. Being free, it felt like I got out of jail or something."
             outlet="Complex"  year=2018
  [INLINE  ] "Waking up not having to worry about financial circumstances, I feel like that's one of the most slept-on freedoms. … If you had the opportunity to be your own boss, I think everybody want to take that."
             outlet="Complex"  year=2024  venue="interview"

### EMPATHY TURN
  (no quoted material in slot)

### CLOSE
  (no quoted material in slot)

------------------------------------------------------------------------
SUMMARY: 4 load-bearing quote(s) — 3 inline, 1 vague, 0 untagged
  untagged quote in epigraph OR cold open: no
  any untagged load-bearing quote:         no
------------------------------------------------------------------------
[Stage 6.7] source_audit finished (exit=0, 0s)

─────────────────────────────────────────────────────
[Stage 6.8] same_type_similarity  (started 03:27:59)
Command: node /Users/djwayne/9takes/scripts/same-type-similarity.mjs src/blog/people/drafts/Duke-Dennis.md --n 8 --fail-on-trip
Log:     /Users/djwayne/9takes/docs/content-analysis/pipeline-logs/2026-08-07_020002_duke-dennis/6.8_same_type_similarity.log
─────────────────────────────────────────────────────
==============================================================================
SAME-TYPE ARGUMENT-SIMILARITY SCAN — Duke-Dennis (Type 8)
/Users/djwayne/9takes/src/blog/people/drafts/Duke-Dennis.md
==============================================================================

Target diagnosis+counter-typing units: 40
Comparison set (last 8 other Type-8 drafts by date):
  - Nara-Smith  (2026-08-04, 48 units)
  - Tyler1  (2026-07-29, 17 units)
  - gordon-ramsay  (2026-07-08, 43 units)
  - nicki-minaj  (2026-06-29, 24 units)
  - susan-sarandon  (2026-06-28, 24 units)
  - ella-langley  (2026-06-01, 15 units)
  - david-goggins  (2026-05-30, 37 units)
  - jamie-dimon  (2026-05-27, 25 units)

Noise floor over 9320 unit pairs:  median=0  p90=0  p99=0.006  max=0.253
Trip threshold: 0.04  →  TRIPPED

TRIP PAIRS:
------------------------------------------------------------------------------
score 0.253   Duke-Dennis  <->  susan-sarandon
   TARGET [diagnosis] The fuller pressure test waits in the Rabbit Hole below. ---
   OTHER  [diagnosis] and that argument lives in the Rabbit Hole below.


Most similar drafts (max unit-pair score):
  0.253 ##########           susan-sarandon
  0.174 #######              Nara-Smith
  0.067 ###                  jamie-dimon
  0.066 ###                  Tyler1
  0.034 #                    david-goggins
  0.033 #                    gordon-ramsay
  0.025 #                    nicki-minaj
  0.020 #                    ella-langley

TOP SIMILAR SENTENCE/CLAUSE PAIRS:
------------------------------------------------------------------------------
score 0.253   Duke-Dennis  <->  susan-sarandon
   TARGET [diagnosis] The fuller pressure test waits in the Rabbit Hole below. ---
   OTHER  [diagnosis] and that argument lives in the Rabbit Hole below.

score 0.174   Duke-Dennis  <->  Nara-Smith
   TARGET [diagnosis] The obvious counter-read is Type 3
   OTHER  [diagnosis] 29 July 2026 The obvious alternative reading is Type 3.

score 0.099   Duke-Dennis  <->  susan-sarandon
   TARGET [diagnosis] An Enneagram Type 8 organizes life around one requirement
   OTHER  [diagnosis] Susan Sarandon is an Enneagram Type 8

score 0.067   Duke-Dennis  <->  jamie-dimon
   TARGET [diagnosis] I feel like that's one of the most slept-on freedoms." On work
   OTHER  [diagnosis] He is also one of the most consequential emergency acquirers in American banking history.

score 0.066   Duke-Dennis  <->  Tyler1
   TARGET [diagnosis] An Enneagram Type 8 organizes life around one requirement
   OTHER  [diagnosis] Tyler1 is best read as an Enneagram Type 8.

score 0.050   Duke-Dennis  <->  Nara-Smith
   TARGET [diagnosis] "I don't even like my girlfriend telling me what to do.
   OTHER  [diagnosis] "I don't think a trad wife would be cooking in like Schiaparelli

score 0.042   Duke-Dennis  <->  Nara-Smith
   TARGET [diagnosis] "The army wasn't for me because I don't like being told what to do.
   OTHER  [diagnosis] "I don't think a trad wife would be cooking in like Schiaparelli

score 0.036   Duke-Dennis  <->  Nara-Smith
   TARGET [diagnosis] The obvious counter-read is Type 3
   OTHER  [counter-typing] What holds the Eight read is the handling

score 0.034   Duke-Dennis  <->  david-goggins
   TARGET [diagnosis] But watch what he does with attention when it arrives
   OTHER  [diagnosis] running underneath everything he does.

score 0.034   Duke-Dennis  <->  Tyler1
   TARGET [counter-typing] yet his defining allergy is authority itself rather than uncertainty
   OTHER  [diagnosis] His defining pattern is not simply anger.

score 0.033   Duke-Dennis  <->  gordon-ramsay
   TARGET [counter-typing] and this analysis has already admitted the type doesn't explain it.
   OTHER  [diagnosis] Ramsay doesn't just command kitchens

score 0.026   Duke-Dennis  <->  Nara-Smith
   TARGET [counter-typing] A Nine accommodates them and calls it peace
   OTHER  [diagnosis] and she called it "basically a one-man show

------------------------------------------------------------------------------
Top pair scores 0.253 vs median 0  (~∞x the noise floor).
[Stage 6.8] same_type_similarity finished (exit=1, 0s)

[pre-grade] No existing content_quality block on draft
─────────────────────────────────────────────────────
[Stage 7] grade  (started 03:27:59)
Command: /grade_blog Duke-Dennis
Log:     /Users/djwayne/9takes/docs/content-analysis/pipeline-logs/2026-08-07_020002_duke-dennis/7_grade.log
─────────────────────────────────────────────────────
## Grading Complete — Duke-Dennis

| Blog | Evid | Orig | Disc | Ennea | Writing | Hook | Overall | Grade |
|------|------|------|------|-------|---------|------|---------|-------|
| Duke-Dennis | 8 | 9 | 9 | 8 | 8 | 9 | **8.5** | **B+** |

(Weighted: `(8×1.5 + 9×1.5 + 9×1.5 + 8 + 8 + 9×0.5) / 7 = 8.5`. Discoverability ≥ 7, so no gate. Grade written to the draft's frontmatter; feedback sidecar at `docs/content-analysis/grades/Duke-Dennis.review.md`.)

### Key observations

- **Calibrated against Matt-Smith (the B anchor), this lands a notch above it.** Where they're even on craft, Duke wins on honesty: the critic pressure is faced rather than ducked (Union Square included, Rolling Stone's own flattening write-up quoted *and* conceded — "he profits from the legend daily, and he knows it"), and "His mother's sentence outlasted his own" holds the four-year-stay paradox the type does *not* explain instead of smoothing it. The empathy turn ("what he hears is a shift bell") uses Duke's own clock/script vocabulary, not the house armor/scar-tissue grammar — Matt-Smith's equivalent is literally "scar tissue."
- **Originality 9 is earned, not drift**: the Army-regret → factory-walkout → rizz-hate through-line is a connection no existing Duke Dennis profile makes, "The factory got twenty-nine days" is a real signature detail, and the Professor Dennis syllabus section is a bespoke form that collapses on any other subject. Full 9–10 checklist (novel insight, public/private gap, critic pressure, current anchor — July 2026 Streamer University, swap test) honestly met.
- **What kept it out of the A band**: Evidence rests on a narrow base — essentially two anchor sources (2018 story time, Feb 2024 Complex 360) plus clip-only coverage for the Dee shirt and Veterans Day beats, with Union Square and the follower counts lacking a named publisher inline. Two stress/growth-mechanics sentences bleed into the body's stress section (disclosed in the draft's own ledger), and three reader-command imperatives plus the epigraph→cold-open→reframe furniture keep the house template visible. Concrete path to 9.0 is in the sidecar — mostly sourcing chores the draft's own open items (RQ-01, P2-04) already name.
- **Deterministic checks all clean**: 0 contrast pairs, head-term PASS, source audit 3 inline / 1 vague / 0 untagged. The similarity scan's one trip is a structural rabbit-hole pointer sentence, not argument reuse; cross-draft comparison with the three most recently graded drafts found shared architecture but no near-verbatim move reuse. No caps applied.

**Total graded this session: 1**
[Stage 7] grade finished 03:32:19 (exit=0, 260s)

[Stage 8] Revision loop triggered: deterministic report warnings; 
─────────────────────────────────────────────────────
[Stage 8] revise  (started 03:32:19)
Command: /blog_content_revision_pass_people Duke-Dennis --perspective-review-dir=docs/content-analysis/perspective-reviews/Duke-Dennis/2026-08-07_020002
Log:     /Users/djwayne/9takes/docs/content-analysis/pipeline-logs/2026-08-07_020002_duke-dennis/8_revise.log
─────────────────────────────────────────────────────
Revision pass complete on `src/blog/people/drafts/Duke-Dennis.md`.

**What triggered it, and a notable finding:** the pipeline invoked this pass in perspective mode, but the perspective verification had *already passed* — zero open P0s, zero incomplete P1s, zero protected-hit regressions. So the entire work list came from the grader sidecar (8.5 B+, with Evidence, Enneagram, and Writing all at 8) plus its TO REACH A(9.0) list. Lint had no failures going in.

**Fixes applied, mapped to grader items:**
- **Evidence breadth** — Union Square now carries a named written source inline (the Associated Press wire, May 8, 2024, from the packet's S7), and the AP, Tubefilter, and Sportskeeda (Dee shirt) URLs were added to the citations frontmatter so the clip-backed beats travel with written sources.
- **Typology bleed** — the two flagged mechanics sentences ("signature Eight stress move… withdrawn side of the map" and "a secure Eight turns provider") moved from the stress section into the Rabbit Hole's arrows section; the Germany scene and the mother's-house sequencing now stand behaviorally in the body. Distribution ledger updated from 2 to 1.
- **House cadence** — cut two of the three reader-command imperatives: "Read the body the way he reads money" deleted outright, and the ending's "Think about what the internet has done…" rewritten declaratively ("The internet has spent the years since doing the opposite," which also sharpens the aunt-name contrast). "Sit with Unit 3" kept, per both the grader and PROTECT-06.
- **Rolling Stone repetition** — the intro no longer names Rolling Stone (the ranking phrase stays), so the AMP section's full telling now lands as the first attribution.

**Rejected/deferred, with reasons:** RQ-01 (re-attaching subscriber counts to a named publisher) stays publish-time per the verifier — an About-page check must settle per-channel vs. aggregate first; archive.org captures of the clip URLs remain the standing P2-04 publish item; and the Veterans Day call has no written source in existence, so its quote-free treatment is the honest ceiling.

**Verification:** lint re-run is clean (0 FAILs; the word-count WARN is pre-existing and the body sits at 4144 against a 4500 ceiling), and a post-edit grep confirms all ten PROTECT literals intact. The resolution artifact is at `docs/content-analysis/perspective-reviews/Duke-Dennis/2026-08-07_020002/revision-resolution.md` with status `complete`, and a REVISION PASS NOTES block is at the bottom of the draft.

The pipeline should now clear the consumed review sidecar and re-grade, and targeted perspective verification (`/blog_perspective_verify_people`) must rerun against the post-revision draft — this pass does not declare the gate passed.
[Stage 8] revise finished 03:38:32 (exit=0, 373s)

─────────────────────────────────────────────────────
[Stage 8.2] perspective_revision_resolution_gate  (started 03:38:32)
Command: node /Users/djwayne/9takes/scripts/perspective-review-gate.mjs --phase resolution --review-dir docs/content-analysis/perspective-reviews/Duke-Dennis/2026-08-07_020002 --resolution-file revision-resolution.md
Log:     /Users/djwayne/9takes/docs/content-analysis/pipeline-logs/2026-08-07_020002_duke-dennis/8.2_perspective_revision_resolution_gate.log
─────────────────────────────────────────────────────
ok    revision-resolution.md is complete and tied to the frozen draft
[Stage 8.2] perspective_revision_resolution_gate finished (exit=0, 0s)

─────────────────────────────────────────────────────
[Stage 8.4] perspective_reverify  (started 03:38:32)
Command: /blog_perspective_verify_people Duke-Dennis --review-dir=docs/content-analysis/perspective-reviews/Duke-Dennis/2026-08-07_020002 --draft-sha=b98e726c3df7db72dbd36a9aef2eb7220bef5b4aad2c4a1f2d8051df476b60bb --output=verification-final.md
Log:     /Users/djwayne/9takes/docs/content-analysis/pipeline-logs/2026-08-07_020002_duke-dennis/8.4_perspective_reverify.log
─────────────────────────────────────────────────────
Verification complete — **pass**.

- **Output:** `docs/content-analysis/perspective-reviews/Duke-Dennis/2026-08-07_020002/verification-final.md`
- **Verification status:** pass
- **Open P0:** 0
- **Protected-hit regressions:** 0

What this pass established, beyond re-confirming the initial verification: the frozen snapshot hashes to exactly the supplied SHA; a full diff between the snapshot and the live draft shows every change maps to a synthesis item or one of the four logged grade-driven edits (nothing collateral); all seven P0 acceptance tests were re-applied against the current text with the quote repairs re-checked verbatim against the repo transcript; and the revision pass's one new factual assertion — the Associated Press wire attribution for the Union Square dismissal — has a complete source trail (the AP tweet ID in citations decodes to May 8, 2024, matching the packet's Tubefilter source and the critic's research log). All ten protected hits survive; the revision's two prose cuts sit outside every protected span.

The deterministic gate script decides finalization from here. Publish-time items remain: RQ-01 (channel-count re-attachment), RQ-02 (legal sweep), and P2-04 (clip URL archiving).
[Stage 8.4] perspective_reverify finished 03:43:27 (exit=0, 295s)

─────────────────────────────────────────────────────
[Stage 8.45] perspective_reverification_gate  (started 03:43:27)
Command: node /Users/djwayne/9takes/scripts/perspective-review-gate.mjs --phase verification --draft src/blog/people/drafts/Duke-Dennis.md --review-dir docs/content-analysis/perspective-reviews/Duke-Dennis/2026-08-07_020002 --verification-file verification-final.md
Log:     /Users/djwayne/9takes/docs/content-analysis/pipeline-logs/2026-08-07_020002_duke-dennis/8.45_perspective_reverification_gate.log
─────────────────────────────────────────────────────
ok    perspective verification covers the current reader-visible draft
[Stage 8.45] perspective_reverification_gate finished (exit=0, 0s)

─────────────────────────────────────────────────────
[Stage 8.5] lint (deterministic checks — scripts/blog-lint.sh)
Log:     /Users/djwayne/9takes/docs/content-analysis/pipeline-logs/2026-08-07_020002_duke-dennis/8.5_lint.log
─────────────────────────────────────────────────────
ok    frontmatter field present: title
ok    frontmatter field present: meta_title
ok    frontmatter field present: persona_title
ok    frontmatter field present: description
ok    frontmatter field present: author
ok    frontmatter field present: date
ok    frontmatter field present: enneagram
ok    frontmatter field present: person
ok    frontmatter field present: suggestions
ok    frontmatter field present: production_pretext
ok    description length 159 chars
ok    meta_title length 54 chars
ok    meta_title contains a searchable head term
ok    meta_title contains a person-name token
ok    required H2 'What is [Person]'s personality type?' present
ok    required H3 '[Person] is an Enneagram Type X' present
ok    type-answer opening block is extractable (35 words)
ok    Enneagram Rabbit Hole block present (exactly one)
ok    TL;DR accordion present
ok    firstLetter intro paragraph present
ok    ledger present: TESTIMONY LEDGER
ok    ledger present: HEADING MIX LEDGER
ok    ledger present: DISTRIBUTION LEDGER
ok    ledger present: FORMULA FINGERPRINT LEDGER
ok    no self-loop links
ok    no visible FAQ section in body
ok    no templated FAQ filler
ok    no unfinished markers
ok    faqs present and FAQPage-eligible (5 real Q/A pairs)
ok    contrast-pair sentence engines: 0 strong (target <= 0)
ok    no comparative contrast patterns detected
ok    internal link count: 6
WARN  body is 4144 words (ceiling 4500) — thin headroom for the next refresh
ok    no prose em-dashes (quote attributions exempt)
ok    no banned AI phrases

blog-lint: Duke-Dennis — 0 fail, 1 warn
[Stage 8.5] lint passed

[pre-grade] Stripping existing content_quality block from src/blog/people/drafts/Duke-Dennis.md for a clean re-grade
[pre-grade] Removing prior grade-feedback sidecar for Duke-Dennis
─────────────────────────────────────────────────────
[Stage 9] post_revision_grade  (started 03:43:27)
Command: /grade_blog Duke-Dennis
Log:     /Users/djwayne/9takes/docs/content-analysis/pipeline-logs/2026-08-07_020002_duke-dennis/9_post_revision_grade.log
─────────────────────────────────────────────────────
## Grading Complete — Duke-Dennis (regrade)

| Blog | Evid | Orig | Disc | Ennea | Writing | Hook | Overall | Grade |
|------|------|------|------|-------|---------|------|---------|-------|
| Duke-Dennis | 8 | 9 | 9 | 8 | 8 | 9 | 8.5 | B+ |

(Overall is weighted: `(Evid×1.5 + Orig×1.5 + Disc×1.5 + Ennea + Writing + Hook×0.5) / 7`. No caps applied; Discoverability ≥ 7 so no gate.)

### Key Observations:

- **Stability delta 0.0.** First grade was 8.5 B+ with Evidence/Enneagram/Writing at 8; after the revision pass those three are still the 8s. The fixes were real (AP wire inline for Union Square, arrow mechanics moved into the Rabbit Hole, reader imperatives cut from 3 to 1) but each landed inside its integer band rather than clearing it.
- **What's genuinely strong:** the unifying thesis — labels are orders, and Duke leaves arrangements other people made for him — carries from the Army to the factory to "rizz" to the never-asked-about name, and the ending passes the swap test cleanly. The draft also does something rare: "His mother's sentence outlasted his own" holds the four-year stay as a fact the typing does *not* explain, and the Rabbit Hole faces it with a 9w8 counter-case and a stated falsifier. Both controversies (Union Square, Rolling Stone's flattening write-up) are faced, not ducked.
- **What keeps the three 8s at 8:** the load-bearing Army scenes rest on self-published story times with venue-level rather than per-quote tagging, and the mid-2026 platform counts (3.5M/232M/3.3M) have no named publisher — the draft's own open item RQ-01. One subtype sentence still sits in the body ("for a self-preservation Eight… is the baseline"), and nearly every section closes on an aphoristic fragment — earned individually, metronomic in sequence.
- **Sameness check: 2 reused house moves, below the 3-move cap** — the "obvious counter-read is Type 3" pivot is near-verbatim across four recent drafts, and the Rabbit Hole pointer sentence matches susan-sarandon's (the similarity scan's only trip, 0.253, is that pointer, not an argument unit). Both are listed in the sidecar for the next variation pass.
- Deterministic checks all clean: 0 contrast-pair engines, head-term PASS, answer block 35 words, source audit 3 inline / 1 vague / 0 untagged.

Grades written to the draft frontmatter (with `first_overall: 8.5` / `regrade_overall: 8.5` recorded) and full feedback to `docs/content-analysis/grades/Duke-Dennis.review.md` — including the concrete path to A: source the platform counts, inline-tag the bus quote, de-jargon the sp-8 sentence, vary two section closers, and reword the two corpus-shared phrasings.

**Total graded this session: 1**
[Stage 9] post_revision_grade finished 03:48:23 (exit=0, 296s)

[Stage 9.1] Running independent stability regrade on the final revised text
[pre-grade] Stripping existing content_quality block from src/blog/people/drafts/Duke-Dennis.md for a clean re-grade
[pre-grade] Removing prior grade-feedback sidecar for Duke-Dennis
─────────────────────────────────────────────────────
[Stage 9.1] stability_regrade  (started 03:48:23)
Command: /grade_blog Duke-Dennis
Log:     /Users/djwayne/9takes/docs/content-analysis/pipeline-logs/2026-08-07_020002_duke-dennis/9.1_stability_regrade.log
─────────────────────────────────────────────────────
## Grading Complete — Duke-Dennis

| Blog | Evid | Orig | Disc | Ennea | Writing | Hook | Overall | Grade |
|------|------|------|------|-------|---------|------|---------|-------|
| Duke-Dennis | 8 | 8.5 | 9 | 8 | 8 | 9 | 8.4 | B |

(Weighted: `(8×1.5 + 8.5×1.5 + 9×1.5 + 8 + 8 + 9×0.5) / 7` = 8.4. Discoverability ≥ 7, so no gate cap. This is a regrade after the revision pass — prior pipeline grade was 8.5, so stability delta is 0.1.)

### Key observations

- **This is top-of-B, anchor-consistent output.** Compared dimension-by-dimension against the Matt-Smith B anchor, Duke matches or beats it in the places that matter: the thesis (every exit is the same exit — Army, factory, "rizz") is genuinely person-specific, and "His mother's sentence outlasted his own" holds the disconfirming fact (he *stayed* four years) instead of smoothing it, which is exactly the monocausal-thesis failure Matt-Smith was docked for. The Professor Dennis syllabus section is a bespoke form that collapses on any other subject.
- **Deterministic checks were clean**: 0 contrast pairs, 0 untagged quotes in the audited slots, answer-block PASS. The similarity scan's single trip (0.253 vs susan-sarandon) is just the structural "rabbit hole below" pointer sentence, not argument reuse — no cap.
- **What held it at B rather than B+** (all fixable in one pass): three load-bearing quotes in the AMP section have no inline venue/date (the sealed-six rule, the Kai "no ego" verdict, the "Big Bang Theory" line); the follower counts still lack a named publisher (the draft's own open RQ-01); and one subtype sentence ("for a self-preservation Eight…") bleeds typology into the body stress section.
- **Serial-reader flag, no cap applied**: this is the third consecutive graded draft to close on a name/label beat (Keira's signed "Natalie Portman," Victoria's noun printed over her head, Duke's "a sound with no orders inside"). Each is strong alone — Duke's is the best of the three — but the move is hardening into house furniture. Worth varying in the next drafts.

Grade written to the frontmatter (`content_quality` block) and full feedback saved to `docs/content-analysis/grades/Duke-Dennis.review.md`. No legacy QUALITY GRADE comments existed in the body.

**Total graded this session: 1**
[Stage 9.1] stability_regrade finished 03:53:19 (exit=0, 296s)

─────────────────────────────────────────────────────
[Stage 9.2] record_grade_stability  (started 03:53:19)
Command: node /Users/djwayne/9takes/scripts/personBlogParser.js Duke-Dennis --record-grade-stability --first-overall=8.5
Log:     /Users/djwayne/9takes/docs/content-analysis/pipeline-logs/2026-08-07_020002_duke-dennis/9.2_record_grade_stability.log
─────────────────────────────────────────────────────
Recorded grade stability for Duke-Dennis: 8.5 -> 8.4 (delta 0.1)
[Stage 9.2] record_grade_stability finished (exit=0, 1s)

═════════════════════════════════════════════════════
Pipeline complete for: duke-dennis
Finished: Fri Aug  7 03:53:20 EDT 2026
All logs: /Users/djwayne/9takes/docs/content-analysis/pipeline-logs/2026-08-07_020002_duke-dennis
LINT: passed
─────────────────────────────────────────────────────
[Stage 9.5] quality_report_after_revision  (started 03:53:20)
Command: node /Users/djwayne/9takes/scripts/blog-quality-report.mjs src/blog/people/drafts/Duke-Dennis.md
Log:     /Users/djwayne/9takes/docs/content-analysis/pipeline-logs/2026-08-07_020002_duke-dennis/9.5_quality_report_after_revision.log
─────────────────────────────────────────────────────
blog-quality-report: Duke-Dennis
────────────────────────────────────────────────────────────
2.1 Contrast pairs: 0 total  (strong 0, comparative 0)

2.4 Head-term: PASS  meta_title=Why Duke Dennis Hates the Word Rizz: A Type 8 Analysis
   answer-block: ok (35 words; <=60)

1.4 Corpus-count drift: none (corpus total = 401)
[Stage 9.5] quality_report_after_revision finished (exit=0, 0s)

─────────────────────────────────────────────────────
[Stage 9.6] source_audit_after_revision  (started 03:53:20)
Command: node /Users/djwayne/9takes/scripts/blog-source-audit.mjs src/blog/people/drafts/Duke-Dennis.md --fail-on-untagged-load-bearing
Log:     /Users/djwayne/9takes/docs/content-analysis/pipeline-logs/2026-08-07_020002_duke-dennis/9.6_source_audit_after_revision.log
─────────────────────────────────────────────────────
========================================================================
LOAD-BEARING SOURCE AUDIT — Duke-Dennis  (Type 8)
src/blog/people/drafts/Duke-Dennis.md
========================================================================

### EPIGRAPH
  [INLINE  ] "I feel like my life didn't really start until I got out of the army."
             outlet="Complex's 360 With Speedy"  year=2024

### COLD OPEN
  (no quoted material in slot)

### DIAGNOSIS
  [VAGUE   ] "The army wasn't for me because I don't like being told what to do. Being told when to eat, sleep, when to go to work... I just had bigger plans for myself. … I don't even like my girlfriend telling me what to do. Whenever my girlfriend say,"
             year=2018  venue="youtube"
  [INLINE  ] "It was the best feeling of my life. Being free, it felt like I got out of jail or something."
             outlet="Complex"  year=2018
  [INLINE  ] "Waking up not having to worry about financial circumstances, I feel like that's one of the most slept-on freedoms. … If you had the opportunity to be your own boss, I think everybody want to take that."
             outlet="Complex"  year=2024  venue="interview"

### EMPATHY TURN
  (no quoted material in slot)

### CLOSE
  (no quoted material in slot)

------------------------------------------------------------------------
SUMMARY: 4 load-bearing quote(s) — 3 inline, 1 vague, 0 untagged
  untagged quote in epigraph OR cold open: no
  any untagged load-bearing quote:         no
------------------------------------------------------------------------
[Stage 9.6] source_audit_after_revision finished (exit=0, 0s)

─────────────────────────────────────────────────────
[Stage 9.7] same_type_similarity_after_revision  (started 03:53:20)
Command: node /Users/djwayne/9takes/scripts/same-type-similarity.mjs src/blog/people/drafts/Duke-Dennis.md --n 8 --fail-on-trip
Log:     /Users/djwayne/9takes/docs/content-analysis/pipeline-logs/2026-08-07_020002_duke-dennis/9.7_same_type_similarity_after_revision.log
─────────────────────────────────────────────────────
==============================================================================
SAME-TYPE ARGUMENT-SIMILARITY SCAN — Duke-Dennis (Type 8)
/Users/djwayne/9takes/src/blog/people/drafts/Duke-Dennis.md
==============================================================================

Target diagnosis+counter-typing units: 40
Comparison set (last 8 other Type-8 drafts by date):
  - Nara-Smith  (2026-08-04, 48 units)
  - Tyler1  (2026-07-29, 17 units)
  - gordon-ramsay  (2026-07-08, 43 units)
  - nicki-minaj  (2026-06-29, 24 units)
  - susan-sarandon  (2026-06-28, 24 units)
  - ella-langley  (2026-06-01, 15 units)
  - david-goggins  (2026-05-30, 37 units)
  - jamie-dimon  (2026-05-27, 25 units)

Noise floor over 9320 unit pairs:  median=0  p90=0  p99=0.006  max=0.253
Trip threshold: 0.04  →  TRIPPED

TRIP PAIRS:
------------------------------------------------------------------------------
score 0.253   Duke-Dennis  <->  susan-sarandon
   TARGET [diagnosis] The fuller pressure test waits in the Rabbit Hole below. ---
   OTHER  [diagnosis] and that argument lives in the Rabbit Hole below.


Most similar drafts (max unit-pair score):
  0.253 ##########           susan-sarandon
  0.174 #######              Nara-Smith
  0.067 ###                  jamie-dimon
  0.066 ###                  Tyler1
  0.034 #                    david-goggins
  0.033 #                    gordon-ramsay
  0.025 #                    nicki-minaj
  0.020 #                    ella-langley

TOP SIMILAR SENTENCE/CLAUSE PAIRS:
------------------------------------------------------------------------------
score 0.253   Duke-Dennis  <->  susan-sarandon
   TARGET [diagnosis] The fuller pressure test waits in the Rabbit Hole below. ---
   OTHER  [diagnosis] and that argument lives in the Rabbit Hole below.

score 0.174   Duke-Dennis  <->  Nara-Smith
   TARGET [diagnosis] The obvious counter-read is Type 3
   OTHER  [diagnosis] 29 July 2026 The obvious alternative reading is Type 3.

score 0.099   Duke-Dennis  <->  susan-sarandon
   TARGET [diagnosis] An Enneagram Type 8 organizes life around one requirement
   OTHER  [diagnosis] Susan Sarandon is an Enneagram Type 8

score 0.067   Duke-Dennis  <->  jamie-dimon
   TARGET [diagnosis] I feel like that's one of the most slept-on freedoms." On work
   OTHER  [diagnosis] He is also one of the most consequential emergency acquirers in American banking history.

score 0.066   Duke-Dennis  <->  Tyler1
   TARGET [diagnosis] An Enneagram Type 8 organizes life around one requirement
   OTHER  [diagnosis] Tyler1 is best read as an Enneagram Type 8.

score 0.050   Duke-Dennis  <->  Nara-Smith
   TARGET [diagnosis] "I don't even like my girlfriend telling me what to do.
   OTHER  [diagnosis] "I don't think a trad wife would be cooking in like Schiaparelli

score 0.042   Duke-Dennis  <->  Nara-Smith
   TARGET [diagnosis] "The army wasn't for me because I don't like being told what to do.
   OTHER  [diagnosis] "I don't think a trad wife would be cooking in like Schiaparelli

score 0.036   Duke-Dennis  <->  Nara-Smith
   TARGET [diagnosis] The obvious counter-read is Type 3
   OTHER  [counter-typing] What holds the Eight read is the handling

score 0.034   Duke-Dennis  <->  david-goggins
   TARGET [diagnosis] But watch what he does with attention when it arrives
   OTHER  [diagnosis] running underneath everything he does.

score 0.034   Duke-Dennis  <->  Tyler1
   TARGET [counter-typing] yet his defining allergy is authority itself rather than uncertainty
   OTHER  [diagnosis] His defining pattern is not simply anger.

score 0.033   Duke-Dennis  <->  gordon-ramsay
   TARGET [counter-typing] and this analysis has already admitted the type doesn't explain it.
   OTHER  [diagnosis] Ramsay doesn't just command kitchens

score 0.026   Duke-Dennis  <->  Nara-Smith
   TARGET [counter-typing] A Nine accommodates them and calls it peace
   OTHER  [diagnosis] and she called it "basically a one-man show

------------------------------------------------------------------------------
Top pair scores 0.253 vs median 0  (~∞x the noise floor).
[Stage 9.7] same_type_similarity_after_revision finished (exit=1, 0s)

REVISION LOOP: ran once (trigger: deterministic report warnings)
GRADE: 8.5 pre-revision → 8.5 post-revision → 8.4 stability regrade
STILL BELOW BAR after one revision — human review needed; the loop does not repeat.
─────────────────────────────────────────────────────
[Stage 9.8] perspective_finalize  (started 03:53:20)
Command: node /Users/djwayne/9takes/scripts/perspective-review-gate.mjs --phase finalize --draft src/blog/people/drafts/Duke-Dennis.md --review-dir docs/content-analysis/perspective-reviews/Duke-Dennis/2026-08-07_020002 --verification-file verification-final.md
Log:     /Users/djwayne/9takes/docs/content-analysis/pipeline-logs/2026-08-07_020002_duke-dennis/9.8_perspective_finalize.log
─────────────────────────────────────────────────────
ok    editor-resolution.md is complete and tied to the frozen draft
ok    revision-resolution.md is complete and tied to the frozen draft
ok    latest publish manifest written: docs/content-analysis/perspective-reviews/Duke-Dennis/latest.json
ok    perspective verification covers the current reader-visible draft
[Stage 9.8] perspective_finalize finished (exit=0, 0s)

PERSPECTIVE REVIEW: pass
PERSPECTIVE ARTIFACTS: docs/content-analysis/perspective-reviews/Duke-Dennis/2026-08-07_020002

Final draft frontmatter (grade summary):
enneagram: '8'
  hook: 9
  enneagram: 8
  evidence: 8
  writing: 8
  originality: 8.5
  discoverability: 9
  overall: 8.4
  first_overall: 8.5
  regrade_overall: 8.4
  grade_stability_delta: 0.1
  letter: B
  rubric_version: 2
  graded_at: '2026-08-07'
Summary JSON: /Users/djwayne/9takes/docs/content-analysis/pipeline-logs/2026-08-07_020002_duke-dennis/summary.json
═════════════════════════════════════════════════════
[2026-08-07 03:53:20] [INFO] Pipeline exited code=0 after 113 min
[2026-08-07 03:53:22] [WARN] DRAFT COMPLETE, PUBLISH BLOCKED: content_quality_below_8.5:8.4; missing_full_image; missing_thumbnail_image
[2026-08-07 03:53:22] [WARN] Pipeline left STAGE_WARNINGS (a stage errored but the run continued): stage=6.8_same_type_similarity exit=1 dur=0s at=2026-08-07 03:27:59
stage=9.7_same_type_similarity_after_revision exit=1 dur=0s at=2026-08-07 03:53:20
[2026-08-07 03:53:22] [WARN] Draft completed but publish-blocked: Duke Dennis — grade 8.4 (B)
[2026-08-07 03:53:22] [INFO] NOTIFY: ⚠️ 9takes nightly blog: Duke Dennis (Type ?) — draft complete but PUBLISH BLOCKED: content_quality_below_8.5:8.4; missing_full_image; missing_thumbnail_image
[2026-08-07 03:53:23] [INFO] Nightly blog cron finished
