[2026-07-31 02:00:00] [INFO] Nightly blog cron starting (dry-run=0)
[2026-07-31 02:00:00] [INFO] SELECTED: ksi (Type ?)
[2026-07-31 02:00:00] [INFO] Launching pipeline for ksi
═════════════════════════════════════════════════════
9takes blog pipeline
Mode:    create
Person:  ksi
Draft:   src/blog/people/drafts/ksi.md
Logs:    /Users/djwayne/9takes/docs/content-analysis/pipeline-logs/2026-07-31_020000_ksi
Started: Fri Jul 31 02:00:00 EDT 2026
═════════════════════════════════════════════════════

─────────────────────────────────────────────────────
[Stage 1] create  (started 02:00:00)
Command: /blog_content_creator_people_v2 ksi --non-interactive
Log:     /Users/djwayne/9takes/docs/content-analysis/pipeline-logs/2026-07-31_020000_ksi/1_create.log
─────────────────────────────────────────────────────
KSI draft is complete and all gates pass. Here's the completion report:

```
MODE: non-interactive
DRAFT: /src/blog/people/drafts/KSI.md
STATUS: production_pretext.status = draft
BLOCKERS: none
GATES: Gate 1 (testimony): PASS — 10 qualifying quotes enumerated
       Gate 2 (heading mix): PASS — 6 of 7 H2s search-intent/hybrid
       Gate 4 (anti-imitation): PASS — zero "A [Type]" ending sentences, scene hook
       Gate 5 (distribution): PASS — 1 type-theory paragraph outside diagnosis/Rabbit Hole (limit 4)
       Gate 6 (formula fingerprint): PASS — 0 contrast engines, similarity top score 0.047, bespoke timeline section, Froch/Fantano critic anchors, empathy turn, 2026 anchors
LIMITATIONS: Tobi "burning"/gaslighting quote is medium-confidence (Sportskeeda coverage, attributed as reported in-text); Diary of a CEO does not exist for KSI (corrected — True Geordie #18 substituted); Hearn's 2M PPV figure attributed as promoter-claimed, not audited
```

**The thesis:** KSI is an Enneagram 3 whose engine was built on results day 2011 — he failed his A-levels, hid in the bathroom for two hours, then watched his mum smash glasses screaming "all this money we've wasted, you stupid boy" while his dad called him "a disgrace to the family." Everything since is an appeal against that verdict: he converts every public L into a metric (the mocked "Thick of It" → No. 6 UK → BRIT nomination → "defeated the internet" → singing it at Wembley halftime), and he literally told Andrew Schulz he engineered "a goal that isn't achievable" so the striving never stops. The ending lands on May 2026: the man who prices feelings in views crying on live TV at a stranger's poem about hugging your dad.

**Mechanics:** verified quotes throughout (6 transcripts saved to `youtube-transcripts/ksi/`), stats from Bloomberg/Official Charts/Marketing Week/Front Office Sports, corpus stat (T3/T7 tied at 21 among 88 creators) in the Rabbit Hole counterarguments, and cross-links to Logan Paul and iShowSpeed (the #1 traffic page, per the backlog's priority rationale). Current anchors run through June 2026 (Sidemen exit, Tate/Misfits ousting, BGT chair, Dagenham stake). blog-lint: 0 fail, 2 expected warns (FAQs belong to the frontmatter-enrich stage; 4,132 words vs 4,500 ceiling).

Worth knowing: the 2am pipeline run died before writing anything (`1_create.log` is empty), so this run did the full build. Next steps in the chain are `/grade_blog` and then `blog_content_production_people` after human review — this draft is intentionally not auto-promoted to `ready`.
[Stage 1] create finished 02:30:30 (exit=0, 1830s)

─────────────────────────────────────────────────────
[Stage 2] fresh_eyes  (started 02:30:30)
Command: /blog_content_fresh_eyes_people ksi
Log:     /Users/djwayne/9takes/docs/content-analysis/pipeline-logs/2026-07-31_020000_ksi/2_fresh_eyes.log
─────────────────────────────────────────────────────
Fresh-eyes review complete on `src/blog/people/drafts/KSI.md` — notes appended as a `FRESH EYES REVIEW (2026-07-31)` block at the bottom of the file. No body edits made.

The two biggest issues I flagged:

1. **There's no joy on the page.** The draft explains the wound brilliantly but never shows why 46 million people subscribed — the laugh, the improv chaos, and especially that inside the Sidemen *he's* the designated punching bag who takes roasting gleefully. That's not just a missing dimension; it hides a paradox that would strengthen the thesis: he thrives on mockery of the persona but mockery of the music (his one self-authored arena) got through every defense. One beat naming that distinction would make the "Thick of It" section hit harder.

2. **The early-career reckoning is missing.** The 2012 Eurogamer harassment controversy (event ban, lost Microsoft partnership) is his most-cited early shame and the draft's only misconduct beat is the 2023 slur. Readers who know the arc will notice — and it's a second data point for the draft's own "shame he agrees with shuts the machine off" claim.

Smaller flags: the Logan Paul enemy→partner arc is named twice but never shown (his biggest relationship L-conversion, currently doing no work), the "sixteen years" math looks like it should be fifteen, and the courtroom metaphor could relax in one or two mid-piece spots to protect the closing run. I also noted what to preserve: the kitchen spine and BGT poem ending, the bespoke timeline, and the slur counterexample — the sharpest analytical move in the piece.
[Stage 2] fresh_eyes finished 02:33:29 (exit=0, 179s)

─────────────────────────────────────────────────────
[Stage 3] second_pass  (started 02:33:29)
Command: /blog_content_second_pass_people ksi
Log:     /Users/djwayne/9takes/docs/content-analysis/pipeline-logs/2026-07-31_020000_ksi/3_second_pass.log
─────────────────────────────────────────────────────
Second pass on `src/blog/people/drafts/KSI.md` is done: source audit went from **2 inline / 1 vague / 3 untagged** to **5 inline / 0 vague / 0 untagged**, and blog-lint is at 0 fails.

**Source traceability (fixed first, per the audit):** All three untagged diagnosis quotes turned out to live in the mined Flagrant transcript from August 2022 — the "goal that isn't achievable" line, "a bit of a power fiend," and the therapist-for-"more power" quote — so each is now attributed inline, with the last two merged into a single attributed unit. I also added `Flagrant` to the audit script's outlet list, following the same dated-comment pattern earlier passes used for Joe Rogan Experience and The Wild Project. The cold-open "Thick of It" slot got upgraded from vague to inline for free by moving the Official Charts citation into range.

**A fact error the fresh-eyes review didn't catch:** the primary transcript (True Geordie, 2017) says the exam failure was his **AS-levels** — grades C, D, F, U, texted by his tutor while the family was at a holiday apartment in **Portugal**. The draft's spine image of "a kitchen in Watford" was wrong; the scene now matches the source, and the grades themselves are new texture. This also meant partially rejecting the reviewer's "change sixteen to fifteen years" note — their math assumed August 2011, but AS-levels point to 2010 and no source pins it, so I de-precisioned instead: "ever since," "a decade and a half earlier," and "half a lifetime of exhibits" in the protected close. Also fixed "at fifteen" to "at sixteen" for the July 2009 channel registration.

**Accepted fresh-eyes notes:** added the roast-paradox beat to the backlash section (he's the Sidemen's designated punchline and monetizes it, but the song was signed by the man behind the character — anchored to Schulz's on-air observation); added the 2012 Eurogamer incident beside the 2023 slur so "shame he agrees with shuts the machine off" is now a two-case pattern (Kotaku 2012 and Esports News UK 2017 added to citations); showed the Logan Paul venom-to-Prime conversion in the reflex paragraph; clarified the confusing "collaborator's name" sentence; and trimmed the two most expendable courtroom-metaphor uses while leaving the closing run untouched.

**Still open:** the body sits at 4,408 words against a 4,500 ceiling, so the next refresh should cut before it adds; the Tobi "burning" beats still rest on Sportskeeda-only coverage; and the faqs frontmatter awaits the enrich stage.
[Stage 3] second_pass finished 02:48:29 (exit=0, 900s)

─────────────────────────────────────────────────────
[Stage 4] cohesion  (started 02:48:29)
Command: /cohesion-check src/blog/people/drafts/ksi.md
Log:     /Users/djwayne/9takes/docs/content-analysis/pipeline-logs/2026-07-31_020000_ksi/4_cohesion.log
─────────────────────────────────────────────────────
## Cohesion Check Complete: ksi.md

**Before score: 8.5/10**
**After score: 9/10**

### Central Thesis
KSI is an Enneagram Type 3 whose entire public life is one machine for overturning a single childhood verdict (the Portugal kitchen after his failed AS-levels): shame gets converted into measurable results before he ever has to sit in it.

### Thread Map
1. **Cold open (Wembley halftime)** — poses the puzzle: why sing the joke? Promises the kitchen as the answer.
2. **What is KSI's personality type?** — names the mechanism (unachievable goal, counting everything, shame-to-motion reflex), collapses the 7/8 counter-typings on post-loss behavior, and pre-seeds the backlash section ("We'll get to those thirty days").
3. **Why KSI's A-Level Results Still Run His Life** — the origin scene the reflex answers; ends "retaking that exam ever since."
4. **Who Is KSI When the Camera Stops?** — the persona as the instrument built for that retake; the one unscored room (the relationship).
5. **Why KSI Keeps Picking Fights He Can Lose** — jeopardy as product, the Fury loss, the stress-arrow stall, and the universal L-conversion list.
6. **Thirty Days Inside the "Thick of It" Backlash** — the one mockery that got through (self-authored arena), the empathy turn back to the kitchen, and the two counterexamples proving the machine only spins for verdicts he disputes.
7. **Why KSI Left the Sidemen** — the 2025–26 loss stack culminating in the first exit that broke the pattern.
8. **The Poem About Dads** — pays off the kitchen; the appeal is still open.

The chain holds top to bottom. Every section feeds the verdict/conversion spine, and the intro's promise is paid off in the final line.

| Check | Score | Issues |
|---|---|---|
| Through-Line Clarity | 9/10 | 0 |
| Promise-Delivery Match | 9/10 | 0 |
| Reader Mental Model | 9/10 | 0 |
| Section Transitions | 8/10 | 2 |
| Internal Paragraph Flow | 9/10 | 0 |

### Changes Made (2 total)

**Transition Fixes (2):**
- [Diagnosis] → [A-Levels]: The diagnosis ended on "shame gets converted into motion" and the next section cold-opened on his father's biography with no connective tissue. Added "The reflex was installed early, and expensively." at the section top — "reflex" carries the previous section's closing concept forward, and "expensively" sets up the Berkhamsted fees two sentences later.
- [A-Levels] → [Camera Stops]: The exam-retake close jumped straight to Dr Disrespect tape study. Added "Results on that scale took a louder man than the one his parents raised." — carries "results" from the prior section's final line and frames the persona as the machine built to generate them, which is exactly what the section then shows.

Both additions pass the AI-language ban (no em-dashes, no banned words, short declaratives matching the surrounding rhythm).

### What Was Preserved
- All frontmatter, working-notes comments, ledgers, and fresh-eyes/second-pass blocks
- All Svelte-adjacent markup (accordions, timeline, pull-quote, inner-thought), all internal links
- 5 of 7 section boundaries untouched — the fights→backlash handoff (pre-seeded by "We'll get to those thirty days") and the Sidemen→poem close are genuinely strong, and the intro's kitchen tease carrying across the diagnosis section is deliberate house structure that works

### Remaining Concerns
- **Word budget**: the second-pass notes flag the body at 4,408 words against a 4,500 ceiling with "cut before adding." My two bridges add ~20 words, so you're at roughly 4,430 — still under, but the next pass should trim, not grow.
- **Minor chronology back-step**: the final section (May 16, 2026) sits two weeks before the Sidemen exit (May 31) that closes the previous section. The date-stamps make it visible to a careful reader, but the poem must end the piece and reordering would wreck the structure — I'd leave it. Flagging only so nobody "fixes" it into a worse shape later.
[Stage 4] cohesion finished 02:51:11 (exit=0, 162s)

─────────────────────────────────────────────────────
[Stage 5] editor_pass  (started 02:51:11)
Command: /blog_content_editor_pass_people ksi
Log:     /Users/djwayne/9takes/docs/content-analysis/pipeline-logs/2026-07-31_020000_ksi/5_editor_pass.log
─────────────────────────────────────────────────────
Editor pass on the KSI draft is complete, and all exit checks pass.

**What I found:** This draft arrived unusually clean — the overnight pipeline's second pass had already killed the em-dashes, contrast pairs, and banned phrases, so the mechanical checks were green before I touched anything. The remaining problems were rhythm-level, not rule-level.

**What I changed:**
- Rewrote the one lecture-y instructional opener ("Understand what mockery normally is in his economy, because this is the paradox the whole month turns on...") into a direct claim: "Mockery is normally an asset in his economy." The draft leans on imperative sentence-starters as a voice motif (Read it again / Look at how he counts / Listen to the last three words / Consider...), and at six instances it was tipping from motif into tic — this was the weakest one, so it went. The five that remain each earn their slot.
- Split the two densest paragraphs for mobile: the L-conversion list (Luna crypto / Sweden show / Logan Paul / Deji) and the Eurogamer-plus-slur counterexample block, which now runs one paragraph per case.
- Cut the closing "Even the family feud got converted," which repeated the same paragraph's own "Even enemies get converted" opener. Deji's "he's a king" quote lands the point better on its own.

**What I deliberately left alone:** the Title Case H2s (that's the people-corpus convention, confirmed against the other drafts, despite the general sentence-case rule), the empathy turn (the "defeated the internet" brag re-read through the Portugal kitchen), the bathroom-door interior beat, and the BGT poem ending — the strongest writing in the piece.

**Exit checks:** blog-lint 0 fail / 2 warn, contrast pairs 0 strong / 0 comparative, em-dashes 0, head-term PASS. The two warns are expected: `faqs` frontmatter awaits the enrich stage, and the body sits at 4,410 words against the 4,500 ceiling (my pass trimmed it slightly; the next refresh should cut before adding).

**Verdict:** production-ready from an editorial standpoint. Remaining pipeline steps are the frontmatter enrich stage and the grade gate — no further substantive prose pass needed.
[Stage 5] editor_pass finished 02:54:41 (exit=0, 210s)

─────────────────────────────────────────────────────
[Stage 6] enrich_frontmatter  (started 02:54:41)
Command: /blog_content_frontmatter_enrich_people ksi
Log:     /Users/djwayne/9takes/docs/content-analysis/pipeline-logs/2026-07-31_020000_ksi/6_enrich_frontmatter.log
─────────────────────────────────────────────────────
Frontmatter enrichment complete: **KSI**

**Fields filled:**
- `wikidata_qid: 'Q16235544'` — verified against Wikidata directly ([wikidata.org/wiki/Q16235544](https://www.wikidata.org/wiki/Q16235544))
- `imdb_id: 'nm6518846'` — cross-checked via Wikidata property P345 per the spec, not guessed
- `same_as` — expanded from 1 to 4 entries: Wikipedia (existing, untouched) + Wikidata + IMDb + his [Official Charts artist page](https://www.officialcharts.com/artist/48106/ksi/) (appropriate since chart positions are load-bearing evidence in this analysis)
- `faqs` — 5 entries, freshly generated (second-pass notes explicitly left this for the enrich stage)

**Fields already present (preserved untouched):**
- `wikipedia`, `birth_date`, `birth_place`, `nationality`, `occupation` (5), `knows_about` (6, all real — no templated-backfill pattern), `keywords` (9), `citations` (14), all social handles, `lastmod`

**FAQs generated (5):**
1. What is KSI's personality type? → `#what-is-ksis-personality-type`
2. Why did KSI leave the Sidemen? → `#why-ksi-left-the-sidemen`
3. Why did KSI perform 'Thick of It' at Wembley after the backlash? → `#thirty-days-inside-the-thick-of-it-backlash`
4. What is KSI like off camera? → `#who-is-ksi-when-the-camera-stops`
5. Why does KSI keep boxing opponents who can beat him? → `#why-ksi-keeps-picking-fights-he-can-lose`

All anchors map to actual H2 headings in the body, all answers summarize arguments the body actually makes, and quoting follows the Einstein gold-standard convention (double-quoted YAML with inner single quotes). YAML validated with a parser after writing — clean parse, no build-break risk. Body and HTML comment blocks untouched.

**Issues:** none. One minor note: Wikidata lists his birthplace as London while the draft (and Wikipedia) say Watford — the draft's existing value is correct and was left as-is.

Sources: [KSI — Wikidata](https://www.wikidata.org/wiki/Q16235544), [KSI — Official Charts](https://www.officialcharts.com/artist/48106/ksi/)
[Stage 6] enrich_frontmatter finished 02:57:39 (exit=0, 178s)

─────────────────────────────────────────────────────
[Stage 6.5] lint (deterministic checks — scripts/blog-lint.sh)
Log:     /Users/djwayne/9takes/docs/content-analysis/pipeline-logs/2026-07-31_020000_ksi/6.5_lint.log
─────────────────────────────────────────────────────
ok    frontmatter field present: title
ok    frontmatter field present: meta_title
ok    frontmatter field present: persona_title
ok    frontmatter field present: description
ok    frontmatter field present: author
ok    frontmatter field present: date
ok    frontmatter field present: enneagram
ok    frontmatter field present: person
ok    frontmatter field present: suggestions
ok    frontmatter field present: production_pretext
ok    description length 157 chars
ok    meta_title length 49 chars
ok    meta_title contains a searchable head term
ok    meta_title contains a person-name token
ok    required H2 'What is [Person]'s personality type?' present
ok    required H3 '[Person] is an Enneagram Type X' present
ok    type-answer opening block is extractable (60 words)
ok    Enneagram Rabbit Hole block present (exactly one)
ok    TL;DR accordion present
ok    firstLetter intro paragraph present
ok    ledger present: TESTIMONY LEDGER
ok    ledger present: HEADING MIX LEDGER
ok    ledger present: DISTRIBUTION LEDGER
ok    ledger present: FORMULA FINGERPRINT LEDGER
ok    no self-loop links
ok    no visible FAQ section in body
ok    no templated FAQ filler
ok    no unfinished markers
ok    faqs present and FAQPage-eligible (5 real Q/A pairs)
ok    contrast-pair sentence engines: 0 strong (target <= 0)
ok    no comparative contrast patterns detected
ok    internal link count: 6
WARN  body is 4410 words (ceiling 4500) — thin headroom for the next refresh
ok    no prose em-dashes (quote attributions exempt)
ok    no banned AI phrases

blog-lint: ksi — 0 fail, 1 warn
[Stage 6.5] lint passed

─────────────────────────────────────────────────────
[Stage 6.6] quality_report  (started 02:57:40)
Command: node /Users/djwayne/9takes/scripts/blog-quality-report.mjs ksi
Log:     /Users/djwayne/9takes/docs/content-analysis/pipeline-logs/2026-07-31_020000_ksi/6.6_quality_report.log
─────────────────────────────────────────────────────
blog-quality-report: ksi
────────────────────────────────────────────────────────────
2.1 Contrast pairs: 0 total  (strong 0, comparative 0)

2.4 Head-term: PASS  meta_title=KSI Enneagram Type 3: Why Mockery Makes Him Money
   answer-block: ok (60 words; <=60)

1.4 Corpus-count drift: none (corpus total = 401)
[Stage 6.6] quality_report finished (exit=0, 0s)

─────────────────────────────────────────────────────
[Stage 6.7] source_audit  (started 02:57:40)
Command: node /Users/djwayne/9takes/scripts/blog-source-audit.mjs ksi --fail-on-untagged-load-bearing
Log:     /Users/djwayne/9takes/docs/content-analysis/pipeline-logs/2026-07-31_020000_ksi/6.7_source_audit.log
─────────────────────────────────────────────────────
========================================================================
LOAD-BEARING SOURCE AUDIT — KSI  (Type 3)
/Users/djwayne/9takes/src/blog/people/drafts/ksi.md
========================================================================

### EPIGRAPH
  [INLINE  ] "I would find a goal, reach it, and I'm like, alright, now what? And then I'll find another goal, and now I'm like, why am I not happy?"
             outlet="Flagrant"  year=2022  venue="podcast"

### COLD OPEN
  [INLINE  ] "Thick of It"
             outlet="Official Charts"  year=2024  venue="youtube"

### DIAGNOSIS
  [INLINE  ] "Now I've essentially got a goal that isn't achievable. But it allows me to constantly just be striving over and over and over,"
             outlet="Flagrant"  year=2022
  [INLINE  ] "Thick of It"
             outlet="BBC"  year=2023  venue="youtube"
  [INLINE  ] "a bit of a power fiend, … to control my mind more, so that I have, I guess, more power."
             outlet="Flagrant"  year=2022

### EMPATHY TURN
  (no quoted material in slot)

### CLOSE
  (no quoted material in slot)

------------------------------------------------------------------------
SUMMARY: 5 load-bearing quote(s) — 5 inline, 0 vague, 0 untagged
  untagged quote in epigraph OR cold open: no
  any untagged load-bearing quote:         no
------------------------------------------------------------------------
[Stage 6.7] source_audit finished (exit=0, 0s)

─────────────────────────────────────────────────────
[Stage 6.8] same_type_similarity  (started 02:57:40)
Command: node /Users/djwayne/9takes/scripts/same-type-similarity.mjs ksi --n 8 --fail-on-trip
Log:     /Users/djwayne/9takes/docs/content-analysis/pipeline-logs/2026-07-31_020000_ksi/6.8_same_type_similarity.log
─────────────────────────────────────────────────────
==============================================================================
SAME-TYPE ARGUMENT-SIMILARITY SCAN — KSI (Type 3)
/Users/djwayne/9takes/src/blog/people/drafts/KSI.md
==============================================================================

Target diagnosis+counter-typing units: 41
Comparison set (last 8 other Type-3 drafts by date):
  - Carina-Zavline  (2026-07-29, 19 units)
  - Alex-Warren  (2026-07-27, 32 units)
  - plaqueboymax  (2026-07-27, 33 units)
  - jynxzi  (2026-07-25, 30 units)
  - margaret-qualley  (2026-07-23, 30 units)
  - pete-hegseth  (2026-07-19, 54 units)
  - madonna  (2026-07-18, 41 units)
  - David-Beckham  (2026-07-13, 43 units)

Noise floor over 11562 unit pairs:  median=0  p90=0  p99=0.007  max=0.163
Trip threshold: 0.04  →  TRIPPED

TRIP PAIRS:
------------------------------------------------------------------------------
score 0.163   KSI  <->  David-Beckham
   TARGET [counter-typing] The Eight case leans on the aggression and the "power fiend" line.
   OTHER  [counter-typing] The Nine case leans on the calm

score 0.121   KSI  <->  David-Beckham
   TARGET [counter-typing] The Eight case leans on the aggression and the "power fiend" line.
   OTHER  [counter-typing] The One case leans on the perfectionism and the visible compulsions


Most similar drafts (max unit-pair score):
  0.163 #######              David-Beckham
  0.135 #####                madonna
  0.099 ####                 pete-hegseth
  0.069 ###                  jynxzi
  0.047 ##                   plaqueboymax
  0.023 #                    margaret-qualley
  0.021 #                    Carina-Zavline
  0.018 #                    Alex-Warren

TOP SIMILAR SENTENCE/CLAUSE PAIRS:
------------------------------------------------------------------------------
score 0.163   KSI  <->  David-Beckham
   TARGET [counter-typing] The Eight case leans on the aggression and the "power fiend" line.
   OTHER  [counter-typing] The Nine case leans on the calm

score 0.135   KSI  <->  madonna
   TARGET [diagnosis] That sentence is an Enneagram Type 3 describing his own operating system with unusual honesty.
   OTHER  [diagnosis] Madonna is an Enneagram Type 3 with a 4 wing

score 0.121   KSI  <->  David-Beckham
   TARGET [counter-typing] The Eight case leans on the aggression and the "power fiend" line.
   OTHER  [counter-typing] The One case leans on the perfectionism and the visible compulsions

score 0.099   KSI  <->  pete-hegseth
   TARGET [diagnosis] and the audience gasped while KSI grinned.
   OTHER  [diagnosis] and the audience became the United States Senate

score 0.069   KSI  <->  jynxzi
   TARGET [diagnosis] Threes fuse their sense of worth to results
   OTHER  [diagnosis] Threes route their sense of being a real person through whatever they produced most recently

score 0.060   KSI  <->  pete-hegseth
   TARGET [diagnosis] then walked back into the same measured arena with a camera rolling.
   OTHER  [diagnosis] every job he has held has come with a camera attached.

score 0.047   KSI  <->  plaqueboymax
   TARGET [diagnosis] Both cases collapse on the same evidence
   OTHER  [diagnosis] and back on the same stage in December 2025 he kept score out loud

score 0.039   KSI  <->  plaqueboymax
   TARGET [diagnosis] The Enneagram files Threes in the heart triad
   OTHER  [counter-typing] and the shame collapse at Streamer University are heart-triad signatures.

score 0.037   KSI  <->  jynxzi
   TARGET [diagnosis] converted into content within weeks.
   OTHER  [diagnosis] February 2024 Ten million followers had not converted into permission to rest.

score 0.037   KSI  <->  David-Beckham
   TARGET [diagnosis] The Eight case points at the aggression
   OTHER  [counter-typing] His perfectionism points at how things look and land

score 0.036   KSI  <->  David-Beckham
   TARGET [diagnosis] The Seven case points at the sprawl
   OTHER  [counter-typing] His perfectionism points at how things look and land

score 0.032   KSI  <->  pete-hegseth
   TARGET [counter-typing] The Eight case leans on the aggression and the "power fiend" line.
   OTHER  [diagnosis] tracks his aggression and misses his mechanism.

------------------------------------------------------------------------------
Top pair scores 0.163 vs median 0  (~∞x the noise floor).
[Stage 6.8] same_type_similarity finished (exit=1, 0s)

[pre-grade] No existing content_quality block on draft
─────────────────────────────────────────────────────
[Stage 7] grade  (started 02:57:40)
Command: /grade_blog ksi
Log:     /Users/djwayne/9takes/docs/content-analysis/pipeline-logs/2026-07-31_020000_ksi/7_grade.log
─────────────────────────────────────────────────────
## Grading Complete — KSI

| Blog | Evid | Orig | Disc | Ennea | Writing | Hook | Overall | Grade |
|------|------|------|------|-------|---------|------|---------|-------|
| KSI | 8 | 7 | 9 | 8 | 8 | 9 | 8.1 | B |

(Overall is weighted: `(Evid×1.5 + Orig×1.5 + Disc×1.5 + Ennea + Writing + Hook×0.5) / 7`. Anchor: Matt-Smith, the B reference. Cap applied: `cross_draft_sameness`.)

### Key Observations:

- **The content is B+/A quality; the house furniture is what's holding the score.** The Originality cap at 7 is a sameness finding, not a content one — uncapped this draft computes to 8.5. Four house moves recur near-verbatim against the last three graded drafts (Jason-Sudeikis, Ibai-Llanos, carina-zavline): the corpus-stat sentence with swapped numbers, the epigraph→cold-open→reframe furniture, five reader-command imperatives ("Read it again, slower" / Look / Notice / Listen / Consider), and the return-to-the-wound closing shape all three recent endings also use.
- **Stale ledger caught**: the draft's Formula Fingerprint Ledger claims the similarity scan passed at 0.047, but running it today trips at 0.163 vs David-Beckham — both trip pairs on the "The [Type] case leans on…" counter-typing template. Either the editor pass reintroduced the pattern after the scan ran or the ledger was never updated; either way the self-report can't be trusted.
- **Genuine strengths worth keeping intact**: the two-counterexample move (Eurogamer 2012 + the 2023 slur proving the conversion machine shuts off for shame he agrees with) is the sharpest analytical beat; the "Thick of It" dated timeline is truly bespoke; and the empathy turn is built from KSI's own wound vocabulary rather than the house "it was armor" grammar.
- **Evidence flags for revision**: the Tobi "gaslighted"/"burning" quotes ride on "Members later say" with no outlet in text (Sportskeeda-only per the draft's own memo), and "defeated the internet" has no inline outlet. Named in the sidecar with the fix list.

Grades written to the draft frontmatter (`caps_applied: ['cross_draft_sameness']`, `graded_at: 2026-07-31`) and full feedback to `docs/content-analysis/grades/KSI.review.md`. No legacy QUALITY GRADE blocks existed in the body to remove.

**Total graded this session: 1**
[Stage 7] grade finished 03:01:54 (exit=0, 254s)

[Stage 8] Revision loop triggered: overall 8.1 < 8.5; deterministic report warnings; 
─────────────────────────────────────────────────────
[Stage 8] revise  (started 03:01:54)
Command: /blog_content_revision_pass_people ksi
Log:     /Users/djwayne/9takes/docs/content-analysis/pipeline-logs/2026-07-31_020000_ksi/8_revise.log
─────────────────────────────────────────────────────
Revision pass on `src/blog/people/drafts/KSI.md` is complete. The loop was triggered by the B (8.1) grade with Originality capped at 7 for cross-draft sameness — lint was already clean going in, so all work came from the grader's feedback.

**Fixed, mapped to the grader's items:**

- **Cross-draft sameness (the cap):** Rewrote both "The [Type] case leans on/points at..." counter-typing template sentences — the diagnosis now runs "Seven, for the sprawl... Eight, for the aggression" and the Rabbit Hole runs "Seven has real evidence behind it... Eight gets argued from..." Re-ran the same-type similarity scan: the two David-Beckham trip pairs (0.163 and 0.121) are gone, Beckham's max is now 0.032, and the scan reports **clear**. Cut the corpus-stat sentence ("Among the 88 creators... tied at 21 each") from the Rabbit Hole. Trimmed reader-command imperatives from 5 to 2, keeping exactly the two the grader said do real work ("Read it again, slower" / "Listen to the last three words").
- **Stale fingerprint ledger:** Updated to record the actual re-run result instead of the false 0.047 PASS.
- **Vague attributions:** The Tobi "burning"/"gaslighted" timeline beat is now attributed inline to Sportskeeda; "defeated the internet" now carries Capital in the timeline item; and the documentary reviewer is named — I verified via the live review that [whynow](https://whynow.co.uk/read/ksi-in-real-life-review) is the source of "immovable sadness" and "desperate to please, needing to make people laugh," and added the URL to citations.
- **Smaller items:** Compressed the stress-arrow paragraph in the boxing section to one non-technical sentence (mechanics and the stress-page link now live only in the Rabbit Hole arrows section; Distribution Ledger updated to 0), and softened "half a lifetime of exhibits, entered into evidence" to "half a lifetime of answers" while leaving the closing courtroom run untouched.

**Rejected:** The other two shared moves the grader catalogued — the epigraph → cold-open → reframe-twist skeleton and the return-to-the-wound ending shape — because restructuring them is a rewrite, the TO REACH list didn't request either, and the ending is explicitly protected by the Ending Rule and both prior review passes.

**Verification:** blog-lint is clean (0 fail; the one warn is the advisory word-count headroom, improved from 4410 to 4361 words) and the source audit holds at 5 inline / 0 vague / 0 untagged. A REVISION PASS NOTES block documents all of this at the bottom of the draft. The pipeline will now clear the consumed review sidecar and re-grade — per the command, I did not touch `content_quality` or grade anything myself.
[Stage 8] revise finished 03:08:00 (exit=0, 366s)

─────────────────────────────────────────────────────
[Stage 8.5] lint (deterministic checks — scripts/blog-lint.sh)
Log:     /Users/djwayne/9takes/docs/content-analysis/pipeline-logs/2026-07-31_020000_ksi/8.5_lint.log
─────────────────────────────────────────────────────
ok    frontmatter field present: title
ok    frontmatter field present: meta_title
ok    frontmatter field present: persona_title
ok    frontmatter field present: description
ok    frontmatter field present: author
ok    frontmatter field present: date
ok    frontmatter field present: enneagram
ok    frontmatter field present: person
ok    frontmatter field present: suggestions
ok    frontmatter field present: production_pretext
ok    description length 157 chars
ok    meta_title length 49 chars
ok    meta_title contains a searchable head term
ok    meta_title contains a person-name token
ok    required H2 'What is [Person]'s personality type?' present
ok    required H3 '[Person] is an Enneagram Type X' present
ok    type-answer opening block is extractable (60 words)
ok    Enneagram Rabbit Hole block present (exactly one)
ok    TL;DR accordion present
ok    firstLetter intro paragraph present
ok    ledger present: TESTIMONY LEDGER
ok    ledger present: HEADING MIX LEDGER
ok    ledger present: DISTRIBUTION LEDGER
ok    ledger present: FORMULA FINGERPRINT LEDGER
ok    no self-loop links
ok    no visible FAQ section in body
ok    no templated FAQ filler
ok    no unfinished markers
ok    faqs present and FAQPage-eligible (5 real Q/A pairs)
ok    contrast-pair sentence engines: 0 strong (target <= 0)
ok    no comparative contrast patterns detected
ok    internal link count: 6
WARN  body is 4361 words (ceiling 4500) — thin headroom for the next refresh
ok    no prose em-dashes (quote attributions exempt)
ok    no banned AI phrases

blog-lint: ksi — 0 fail, 1 warn
[Stage 8.5] lint passed

[pre-grade] Stripping existing content_quality block from src/blog/people/drafts/ksi.md for a clean re-grade
[pre-grade] Removing prior grade-feedback sidecar for ksi
─────────────────────────────────────────────────────
[Stage 9] post_revision_grade  (started 03:08:00)
Command: /grade_blog ksi
Log:     /Users/djwayne/9takes/docs/content-analysis/pipeline-logs/2026-07-31_020000_ksi/9_post_revision_grade.log
─────────────────────────────────────────────────────
## Grading Complete — KSI (supervised regrade)

| Blog | Evid | Orig | Disc | Ennea | Writing | Hook | Overall | Grade |
|------|------|------|------|-------|---------|------|---------|-------|
| KSI | 9 | 8 | 9 | 9 | 8 | 9 | 8.6 | B+ |

(Weighted: `(9×1.5 + 8×1.5 + 9×1.5 + 9 + 8 + 9×0.5) / 7 = 8.6`. Discoverability ≥ 7, no gate. First grade 8.1 → regrade 8.6, stability delta 0.5.)

### Key Observations:

- **The regrade lift is verified, not vibes.** The first grade's B (8.1) came from an Originality cap via cross-draft sameness — the "The [Type] case leans on..." counter-typing template shared with David-Beckham. The revision rewrote it, and the same-type similarity scan now reads CLEAR (Beckham max dropped 0.163 → 0.032; the remaining 0.135 top pair with Madonna is benign type-declaration overlap). Corpus-stat sentence cut, reader-commands trimmed to the two grader-sanctioned instances. Cap lifted, Originality 7 → 8.
- **Deterministic checks all clean:** source audit 5 inline / 0 vague / 0 untagged, 0 contrast pairs, head-term PASS, 60-word answer block. I spot-checked the ledgers against the body (all 7 H2s, all 10 testimony quotes, counter-typing quarantine) — they hold, no stale-ledger flags.
- **Best moves:** the Eurogamer-2012 + 2023-slur counterexample pair (the conversion machine shuts off for shame he agrees with — turns the obvious objection into typing evidence) and the bespoke "Thick of It" dated-timeline autopsy. Enneagram integration passes all three interior checks with quotable lines.
- **Why not an A:** the house skeleton (epigraph → cold-open → reframe-twist, return-to-the-wound close) is still visible against Jason-Sudeikis and Ibai-Llanos — shape-level, not near-verbatim, so no cap, but it holds Writing and Originality at 8. The courtroom metaphor family still runs ~5-6 times, and the tone stays monochrome-intense (no joy section the way the Matt-Smith anchor has one). One minor sourcing note: the load-bearing kitchen quote should get its True Geordie attribution pinned inline rather than inherited from two paragraphs up.

Frontmatter grade block added to `src/blog/people/drafts/KSI.md` (with the first_overall/regrade/delta fields); sidecar written to `docs/content-analysis/grades/KSI.review.md`.

**Total graded this session: 1**
[Stage 9] post_revision_grade finished 03:12:13 (exit=0, 253s)

[Stage 9.1] Running independent stability regrade on the final revised text
[pre-grade] Stripping existing content_quality block from src/blog/people/drafts/ksi.md for a clean re-grade
[pre-grade] Removing prior grade-feedback sidecar for ksi
─────────────────────────────────────────────────────
[Stage 9.1] stability_regrade  (started 03:12:13)
Command: /grade_blog ksi
Log:     /Users/djwayne/9takes/docs/content-analysis/pipeline-logs/2026-07-31_020000_ksi/9.1_stability_regrade.log
─────────────────────────────────────────────────────
## Grading Complete — KSI (regrade after revision)

| Blog | Evid | Orig | Disc | Ennea | Writing | Hook | Overall | Grade |
|------|------|------|------|-------|---------|------|---------|-------|
| KSI | 9 | 7 | 9 | 9 | 8 | 9 | 8.4 | B |

(Overall is weighted: `(Evid×1.5 + Orig×1.5 + Disc×1.5 + Ennea + Writing + Hook×0.5) / 7`. Prior grade was 8.1; this regrade lands at 8.4, delta +0.3.)

### Key Observations

- **This is a strong draft held at B by exactly one thing: the cross-draft sameness cap.** Originality is capped at 7 because four house moves survive near-verbatim against the two most recently graded drafts (Jason-Sudeikis, Ibai-Llanos): the epigraph → cold-open → reframe-twist furniture, the reader-command imperatives ("Read it again, slower"), the return-to-the-wound closing shape ("It goes to that kitchen. It is still open."), and the aphoristic section closers. The revision pass explicitly declined to restructure two of these as "a rewrite, not a revision," so the cap carried over. Uncapped, the piece computes to 8.9 (B+) — releasing it is a structural decision, not a line edit, and I've spelled out the three moves in the sidecar.
- **What earned the 9s:** evidence is corpus-top-tier (10 named-witness testimony quotes all verified in the body, 5/5 load-bearing quotes tagged inline, 0 vague, 0 untagged, metrics sourced); the emotional interior fully lands (bathroom-door inner-thought, an empathy turn built from KSI's own wound vocabulary rather than the banned "it was armor" grammar); and the sharpest move in the piece — the Eurogamer 2012 + 2023 slur counterexamples showing the spin machine *shuts off* for shame he agrees with — turns the obvious objection into typing evidence.
- **Deterministic checks all clean:** 0 contrast pairs, 0 counter-typing ladders in the body, same-type similarity scan CLEAR (the David-Beckham template pairs from the first grade are gone), head-term PASS, 60-word answer block.
- Grade written to frontmatter (with the supervised pair fields: first 8.1 → regrade 8.4), sidecar replaced at `docs/content-analysis/grades/KSI.review.md`. No legacy QUALITY GRADE blocks existed in the draft body.

**Total graded this session: 1**
[Stage 9.1] stability_regrade finished 03:16:17 (exit=0, 244s)

─────────────────────────────────────────────────────
[Stage 9.2] record_grade_stability  (started 03:16:17)
Command: node /Users/djwayne/9takes/scripts/personBlogParser.js ksi --record-grade-stability --first-overall=8.6
Log:     /Users/djwayne/9takes/docs/content-analysis/pipeline-logs/2026-07-31_020000_ksi/9.2_record_grade_stability.log
─────────────────────────────────────────────────────
Recorded grade stability for ksi: 8.6 -> 8.4 (delta 0.2)
[Stage 9.2] record_grade_stability finished (exit=0, 0s)

═════════════════════════════════════════════════════
Pipeline complete for: ksi
Finished: Fri Jul 31 03:16:17 EDT 2026
All logs: /Users/djwayne/9takes/docs/content-analysis/pipeline-logs/2026-07-31_020000_ksi
LINT: passed
─────────────────────────────────────────────────────
[Stage 9.5] quality_report_after_revision  (started 03:16:17)
Command: node /Users/djwayne/9takes/scripts/blog-quality-report.mjs ksi
Log:     /Users/djwayne/9takes/docs/content-analysis/pipeline-logs/2026-07-31_020000_ksi/9.5_quality_report_after_revision.log
─────────────────────────────────────────────────────
blog-quality-report: ksi
────────────────────────────────────────────────────────────
2.1 Contrast pairs: 0 total  (strong 0, comparative 0)

2.4 Head-term: PASS  meta_title=KSI Enneagram Type 3: Why Mockery Makes Him Money
   answer-block: ok (60 words; <=60)

1.4 Corpus-count drift: none (corpus total = 401)
[Stage 9.5] quality_report_after_revision finished (exit=0, 0s)

─────────────────────────────────────────────────────
[Stage 9.6] source_audit_after_revision  (started 03:16:17)
Command: node /Users/djwayne/9takes/scripts/blog-source-audit.mjs ksi --fail-on-untagged-load-bearing
Log:     /Users/djwayne/9takes/docs/content-analysis/pipeline-logs/2026-07-31_020000_ksi/9.6_source_audit_after_revision.log
─────────────────────────────────────────────────────
========================================================================
LOAD-BEARING SOURCE AUDIT — KSI  (Type 3)
/Users/djwayne/9takes/src/blog/people/drafts/ksi.md
========================================================================

### EPIGRAPH
  [INLINE  ] "I would find a goal, reach it, and I'm like, alright, now what? And then I'll find another goal, and now I'm like, why am I not happy?"
             outlet="Flagrant"  year=2022  venue="podcast"

### COLD OPEN
  [INLINE  ] "Thick of It"
             outlet="Official Charts"  year=2024  venue="youtube"

### DIAGNOSIS
  [INLINE  ] "Now I've essentially got a goal that isn't achievable. But it allows me to constantly just be striving over and over and over,"
             outlet="Flagrant"  year=2022
  [INLINE  ] "Thick of It"
             outlet="BBC"  year=2023  venue="youtube"
  [INLINE  ] "a bit of a power fiend, … to control my mind more, so that I have, I guess, more power."
             outlet="Flagrant"  year=2022

### EMPATHY TURN
  (no quoted material in slot)

### CLOSE
  (no quoted material in slot)

------------------------------------------------------------------------
SUMMARY: 5 load-bearing quote(s) — 5 inline, 0 vague, 0 untagged
  untagged quote in epigraph OR cold open: no
  any untagged load-bearing quote:         no
------------------------------------------------------------------------
[Stage 9.6] source_audit_after_revision finished (exit=0, 0s)

─────────────────────────────────────────────────────
[Stage 9.7] same_type_similarity_after_revision  (started 03:16:17)
Command: node /Users/djwayne/9takes/scripts/same-type-similarity.mjs ksi --n 8 --fail-on-trip
Log:     /Users/djwayne/9takes/docs/content-analysis/pipeline-logs/2026-07-31_020000_ksi/9.7_same_type_similarity_after_revision.log
─────────────────────────────────────────────────────
==============================================================================
SAME-TYPE ARGUMENT-SIMILARITY SCAN — KSI (Type 3)
/Users/djwayne/9takes/src/blog/people/drafts/KSI.md
==============================================================================

Target diagnosis+counter-typing units: 38
Comparison set (last 8 other Type-3 drafts by date):
  - Carina-Zavline  (2026-07-29, 19 units)
  - Alex-Warren  (2026-07-27, 32 units)
  - plaqueboymax  (2026-07-27, 33 units)
  - jynxzi  (2026-07-25, 30 units)
  - margaret-qualley  (2026-07-23, 30 units)
  - pete-hegseth  (2026-07-19, 54 units)
  - madonna  (2026-07-18, 41 units)
  - David-Beckham  (2026-07-13, 43 units)

Noise floor over 10716 unit pairs:  median=0  p90=0  p99=0.006  max=0.135
Trip threshold: 0.04  →  clear


Most similar drafts (max unit-pair score):
  0.135 #####                madonna
  0.099 ####                 pete-hegseth
  0.069 ###                  jynxzi
  0.046 ##                   plaqueboymax
  0.032 #                    David-Beckham
  0.023 #                    margaret-qualley
  0.021 #                    Carina-Zavline
  0.015 #                    Alex-Warren

TOP SIMILAR SENTENCE/CLAUSE PAIRS:
------------------------------------------------------------------------------
score 0.135   KSI  <->  madonna
   TARGET [diagnosis] That sentence is an Enneagram Type 3 describing his own operating system with unusual honesty.
   OTHER  [diagnosis] Madonna is an Enneagram Type 3 with a 4 wing

score 0.099   KSI  <->  pete-hegseth
   TARGET [diagnosis] and the audience gasped while KSI grinned.
   OTHER  [diagnosis] and the audience became the United States Senate

score 0.069   KSI  <->  jynxzi
   TARGET [diagnosis] Threes fuse their sense of worth to results
   OTHER  [diagnosis] Threes route their sense of being a real person through whatever they produced most recently

score 0.060   KSI  <->  pete-hegseth
   TARGET [diagnosis] then walked back into the same measured arena with a camera rolling.
   OTHER  [diagnosis] every job he has held has come with a camera attached.

score 0.046   KSI  <->  plaqueboymax
   TARGET [diagnosis] Both readings collapse on the same evidence
   OTHER  [diagnosis] and back on the same stage in December 2025 he kept score out loud

score 0.039   KSI  <->  plaqueboymax
   TARGET [diagnosis] The Enneagram files Threes in the heart triad
   OTHER  [counter-typing] and the shame collapse at Streamer University are heart-triad signatures.

score 0.037   KSI  <->  jynxzi
   TARGET [diagnosis] converted into content within weeks.
   OTHER  [diagnosis] February 2024 Ten million followers had not converted into permission to rest.

score 0.032   KSI  <->  David-Beckham
   TARGET [diagnosis] what he does the morning after a loss.
   OTHER  [diagnosis] 1999 Ferguson watched a teenage Beckham train in the morning

score 0.027   KSI  <->  David-Beckham
   TARGET [diagnosis] Prime hit $1.2 billion in sales in 2023 (Bloomberg).
   OTHER  [diagnosis] On the podcast Stick to Football in 2023

score 0.024   KSI  <->  plaqueboymax
   TARGET [diagnosis] Andrew Schulz asked what drives him
   OTHER  [diagnosis] " he told Forbes in 2026 when asked what he'd tell his younger self.

score 0.024   KSI  <->  madonna
   TARGET [counter-typing] and his response to public shame is conversion
   OTHER  [counter-typing] private-sphere evidence of genuine indifference to public reception

score 0.024   KSI  <->  jynxzi
   TARGET [diagnosis] Every arena he enters gets a number bolted to it
   OTHER  [counter-typing] Jynxzi responded to being number one by walking away from the game that got him there and then entering arenas he had no standing in

------------------------------------------------------------------------------
Top pair scores 0.135 vs median 0  (~∞x the noise floor).
[Stage 9.7] same_type_similarity_after_revision finished (exit=0, 0s)

REVISION LOOP: ran once (trigger: overall 8.1 < 8.5; deterministic report warnings)
GRADE: 8.1 pre-revision → 8.6 post-revision → 8.4 stability regrade
STILL BELOW BAR after one revision — human review needed; the loop does not repeat.

Final draft frontmatter (grade summary):
enneagram: '3'
  hook: 9
  enneagram: 9
  evidence: 9
  writing: 8
  originality: 7
  discoverability: 9
  overall: 8.4
  first_overall: 8.6
  regrade_overall: 8.4
  grade_stability_delta: 0.2
  letter: B
  rubric_version: 2
  graded_at: '2026-07-31'
Summary JSON: /Users/djwayne/9takes/docs/content-analysis/pipeline-logs/2026-07-31_020000_ksi/summary.json
═════════════════════════════════════════════════════
[2026-07-31 03:16:17] [INFO] Pipeline exited code=0 after 76 min
[2026-07-31 03:16:18] [WARN] DRAFT COMPLETE, PUBLISH BLOCKED: content_quality_below_8.5:8.4; missing_full_image; missing_thumbnail_image
[2026-07-31 03:16:18] [WARN] Pipeline left STAGE_WARNINGS (a stage errored but the run continued): stage=6.8_same_type_similarity exit=1 dur=0s at=2026-07-31 02:57:40
[2026-07-31 03:16:18] [WARN] Draft completed but publish-blocked: KSI — grade 8.4 (B)
[2026-07-31 03:16:18] [INFO] NOTIFY: ⚠️ 9takes nightly blog: KSI (Type ?) — draft complete but PUBLISH BLOCKED: content_quality_below_8.5:8.4; missing_full_image; missing_thumbnail_image
[2026-07-31 03:16:18] [INFO] Nightly blog cron finished
