[2026-08-06 02:00:00] [INFO] Nightly blog cron starting (dry-run=0)
[2026-08-06 02:00:02] [WARN] RECONCILING: caitlin-clark has a draft but was never moved to completed (wrapper likely killed post-pipeline). Moving to completed with needsReview.
[2026-08-06 02:00:04] [INFO] SELECTED: kate-middleton (Type ?)
[2026-08-06 02:00:04] [INFO] Launching pipeline for kate-middleton
═════════════════════════════════════════════════════
9takes blog pipeline
Mode:    create
Person:  kate-middleton
Draft:   src/blog/people/drafts/kate-middleton.md
Logs:    /Users/djwayne/9takes/docs/content-analysis/pipeline-logs/2026-08-06_020004_kate-middleton
Started: Thu Aug  6 02:00:07 EDT 2026
═════════════════════════════════════════════════════

─────────────────────────────────────────────────────
[Stage 1] create  (started 02:00:07)
Command: /blog_content_creator_people_v2 kate-middleton --non-interactive
Log:     /Users/djwayne/9takes/docs/content-analysis/pipeline-logs/2026-08-06_020004_kate-middleton/1_create.log
─────────────────────────────────────────────────────
API Error: Unable to connect to API (ENOTFOUND)
[Stage 1] create finished 02:03:05 (exit=1, 178s)

[Stage 1] create did not produce a draft matching 'kate-middleton'; halting remaining stages.
Summary JSON: /Users/djwayne/9takes/docs/content-analysis/pipeline-logs/2026-08-06_020004_kate-middleton/summary.json
[2026-08-06 02:03:07] [INFO] Pipeline exited code=1 after 3 min
[2026-08-06 02:03:09] [ERROR] RETRY 1/3: kate-middleton returned to queue (no draft)
[2026-08-06 02:03:09] [INFO] NOTIFY: ⚠️ 9takes nightly blog: Kate Middleton produced no draft (exit=1). Retry 1/3 tomorrow.
[2026-08-06 02:03:09] [WARN] Telegram send failed (message logged above)
[2026-08-06 02:03:09] [INFO] Nightly blog cron finished
[2026-08-06 02:03:41] [INFO] Nightly blog cron starting (dry-run=0)
[2026-08-06 02:03:44] [INFO] SELECTED: kate-middleton (Type ?)
[2026-08-06 02:03:44] [INFO] Launching pipeline for kate-middleton
═════════════════════════════════════════════════════
9takes blog pipeline
Mode:    create
Person:  kate-middleton
Draft:   src/blog/people/drafts/kate-middleton.md
Logs:    /Users/djwayne/9takes/docs/content-analysis/pipeline-logs/2026-08-06_020344_kate-middleton
Started: Thu Aug  6 02:03:46 EDT 2026
═════════════════════════════════════════════════════

─────────────────────────────────────────────────────
[Stage 1] create  (started 02:03:46)
Command: /blog_content_creator_people_v2 kate-middleton --non-interactive
Log:     /Users/djwayne/9takes/docs/content-analysis/pipeline-logs/2026-08-06_020344_kate-middleton/1_create.log
─────────────────────────────────────────────────────
API Error: Unable to connect to API (ENOTFOUND)
[Stage 1] create finished 02:06:55 (exit=1, 189s)

[Stage 1] create did not produce a draft matching 'kate-middleton'; halting remaining stages.
Summary JSON: /Users/djwayne/9takes/docs/content-analysis/pipeline-logs/2026-08-06_020344_kate-middleton/summary.json
[2026-08-06 02:06:57] [INFO] Pipeline exited code=1 after 3 min
[2026-08-06 02:06:59] [ERROR] RETRY 2/3: kate-middleton returned to queue (no draft)
[2026-08-06 02:06:59] [INFO] NOTIFY: ⚠️ 9takes nightly blog: Kate Middleton produced no draft (exit=1). Retry 2/3 tomorrow.
[2026-08-06 02:06:59] [WARN] Telegram send failed (message logged above)
[2026-08-06 02:06:59] [INFO] Nightly blog cron finished
[2026-08-06 02:08:01] [INFO] Nightly blog cron starting (dry-run=0)
[2026-08-06 02:08:03] [INFO] SELECTED: kate-middleton (Type ?)
[2026-08-06 02:08:03] [INFO] Launching pipeline for kate-middleton
═════════════════════════════════════════════════════
9takes blog pipeline
Mode:    create
Person:  kate-middleton
Draft:   src/blog/people/drafts/kate-middleton.md
Logs:    /Users/djwayne/9takes/docs/content-analysis/pipeline-logs/2026-08-06_020803_kate-middleton
Started: Thu Aug  6 02:08:05 EDT 2026
═════════════════════════════════════════════════════

─────────────────────────────────────────────────────
[Stage 1] create  (started 02:08:05)
Command: /blog_content_creator_people_v2 kate-middleton --non-interactive
Log:     /Users/djwayne/9takes/docs/content-analysis/pipeline-logs/2026-08-06_020803_kate-middleton/1_create.log
─────────────────────────────────────────────────────
API Error: Unable to connect to API (ENOTFOUND)
[Stage 1] create finished 02:11:02 (exit=1, 177s)

[Stage 1] create did not produce a draft matching 'kate-middleton'; halting remaining stages.
Summary JSON: /Users/djwayne/9takes/docs/content-analysis/pipeline-logs/2026-08-06_020803_kate-middleton/summary.json
[2026-08-06 02:11:04] [INFO] Pipeline exited code=1 after 3 min
[2026-08-06 02:11:06] [ERROR] MOVED TO FAILED: kate-middleton after 3 attempts (no draft)
[2026-08-06 02:11:06] [INFO] NOTIFY: ❌ 9takes nightly blog: Kate Middleton FAILED permanently (3 attempts, no draft). Check pipeline logs.
[2026-08-06 02:11:06] [WARN] Telegram send failed (message logged above)
[2026-08-06 02:11:06] [INFO] Nightly blog cron finished
[2026-08-06 02:16:08] [INFO] Nightly blog cron starting (dry-run=0)
[2026-08-06 02:16:11] [INFO] SELECTED: duke-dennis (Type ?)
[2026-08-06 02:16:11] [INFO] Launching pipeline for duke-dennis
═════════════════════════════════════════════════════
9takes blog pipeline
Mode:    create
Person:  duke-dennis
Draft:   src/blog/people/drafts/duke-dennis.md
Logs:    /Users/djwayne/9takes/docs/content-analysis/pipeline-logs/2026-08-06_021611_duke-dennis
Started: Thu Aug  6 02:16:13 EDT 2026
═════════════════════════════════════════════════════

─────────────────────────────────────────────────────
[Stage 1] create  (started 02:16:13)
Command: /blog_content_creator_people_v2 duke-dennis --non-interactive
Log:     /Users/djwayne/9takes/docs/content-analysis/pipeline-logs/2026-08-06_021611_duke-dennis/1_create.log
─────────────────────────────────────────────────────
API Error: Unable to connect to API (ENOTFOUND)
[Stage 1] create finished 02:19:08 (exit=1, 175s)

[Stage 1] create did not produce a draft matching 'duke-dennis'; halting remaining stages.
Summary JSON: /Users/djwayne/9takes/docs/content-analysis/pipeline-logs/2026-08-06_021611_duke-dennis/summary.json
[2026-08-06 02:19:10] [INFO] Pipeline exited code=1 after 2 min
[2026-08-06 02:19:12] [ERROR] RETRY 1/3: duke-dennis returned to queue (no draft)
[2026-08-06 02:19:12] [INFO] NOTIFY: ⚠️ 9takes nightly blog: Duke Dennis produced no draft (exit=1). Retry 1/3 tomorrow.
[2026-08-06 02:19:12] [WARN] Telegram send failed (message logged above)
[2026-08-06 02:19:12] [INFO] Nightly blog cron finished
