[2026-08-08 02:07:40] [INFO] Nightly blog cron starting (dry-run=0)
[2026-08-08 02:07:42] [INFO] SELECTED: lebron-james (Type ?)
[2026-08-08 02:07:42] [INFO] Launching pipeline for lebron-james
═════════════════════════════════════════════════════
9takes blog pipeline
Mode:    create
Person:  lebron-james
Draft:   src/blog/people/drafts/lebron-james.md
Logs:    /Users/djwayne/9takes/docs/content-analysis/pipeline-logs/2026-08-08_020742_lebron-james
Started: Sat Aug  8 02:07:45 EDT 2026
═════════════════════════════════════════════════════

─────────────────────────────────────────────────────
[Stage 1] create  (started 02:07:45)
Command: /blog_content_creator_people_v2 lebron-james --non-interactive
Log:     /Users/djwayne/9takes/docs/content-analysis/pipeline-logs/2026-08-08_020742_lebron-james/1_create.log
─────────────────────────────────────────────────────
API Error: Unable to connect to API (ENOTFOUND)
[Stage 1] create finished 03:42:09 (exit=1, 5664s)

[Stage 1] create did not produce a draft matching 'lebron-james'; halting remaining stages.
Summary JSON: /Users/djwayne/9takes/docs/content-analysis/pipeline-logs/2026-08-08_020742_lebron-james/summary.json
[2026-08-08 03:42:10] [INFO] Pipeline exited code=1 after 94 min
[2026-08-08 03:42:12] [ERROR] RETRY 1/3: lebron-james returned to queue (no draft)
[2026-08-08 03:42:12] [INFO] NOTIFY: ⚠️ 9takes nightly blog: LeBron James produced no draft (exit=1). Retry 1/3 tomorrow.
[2026-08-08 03:42:12] [WARN] Telegram send failed (message logged above)
[2026-08-08 03:42:12] [INFO] Nightly blog cron finished
[2026-08-08 04:09:42] [INFO] Nightly blog cron starting (dry-run=0)
[2026-08-08 04:09:44] [INFO] SELECTED: lebron-james (Type ?)
[2026-08-08 04:09:44] [INFO] Launching pipeline for lebron-james
═════════════════════════════════════════════════════
9takes blog pipeline
Mode:    create
Person:  lebron-james
Draft:   src/blog/people/drafts/lebron-james.md
Logs:    /Users/djwayne/9takes/docs/content-analysis/pipeline-logs/2026-08-08_040944_lebron-james
Started: Sat Aug  8 04:09:45 EDT 2026
═════════════════════════════════════════════════════

─────────────────────────────────────────────────────
[Stage 1] create  (started 04:09:45)
Command: /blog_content_creator_people_v2 lebron-james --non-interactive
Log:     /Users/djwayne/9takes/docs/content-analysis/pipeline-logs/2026-08-08_040944_lebron-james/1_create.log
─────────────────────────────────────────────────────
API Error: Unable to connect to API (ENOTFOUND)
[Stage 1] create finished 06:00:06 (exit=1, 6621s)

[Stage 1] create did not produce a draft matching 'lebron-james'; halting remaining stages.
Summary JSON: /Users/djwayne/9takes/docs/content-analysis/pipeline-logs/2026-08-08_040944_lebron-james/summary.json
[2026-08-08 06:00:08] [INFO] Pipeline exited code=1 after 110 min
[2026-08-08 06:00:10] [ERROR] RETRY 2/3: lebron-james returned to queue (no draft)
[2026-08-08 06:00:10] [INFO] NOTIFY: ⚠️ 9takes nightly blog: LeBron James produced no draft (exit=1). Retry 2/3 tomorrow.
[2026-08-08 06:00:10] [WARN] Telegram send failed (message logged above)
[2026-08-08 06:00:10] [INFO] Nightly blog cron finished
[2026-08-08 07:02:03] [INFO] Nightly blog cron starting (dry-run=0)
[2026-08-08 07:02:05] [INFO] SELECTED: lebron-james (Type ?)
[2026-08-08 07:02:05] [INFO] Launching pipeline for lebron-james
═════════════════════════════════════════════════════
9takes blog pipeline
Mode:    create
Person:  lebron-james
Draft:   src/blog/people/drafts/lebron-james.md
Logs:    /Users/djwayne/9takes/docs/content-analysis/pipeline-logs/2026-08-08_070205_lebron-james
Started: Sat Aug  8 07:12:45 EDT 2026
═════════════════════════════════════════════════════

─────────────────────────────────────────────────────
[Stage 1] create  (started 07:12:45)
Command: /blog_content_creator_people_v2 lebron-james --non-interactive
Log:     /Users/djwayne/9takes/docs/content-analysis/pipeline-logs/2026-08-08_070205_lebron-james/1_create.log
─────────────────────────────────────────────────────
API Error: Unable to connect to API (ENOTFOUND)
[Stage 1] create finished 08:33:24 (exit=1, 4839s)

[Stage 1] create did not produce a draft matching 'lebron-james'; halting remaining stages.
Summary JSON: /Users/djwayne/9takes/docs/content-analysis/pipeline-logs/2026-08-08_070205_lebron-james/summary.json
[2026-08-08 08:33:26] [INFO] Pipeline exited code=1 after 91 min
[2026-08-08 08:33:28] [ERROR] MOVED TO FAILED: lebron-james after 3 attempts (no draft)
[2026-08-08 08:33:28] [INFO] NOTIFY: ❌ 9takes nightly blog: LeBron James FAILED permanently (3 attempts, no draft). Check pipeline logs.
[2026-08-08 08:33:28] [WARN] Telegram send failed (message logged above)
[2026-08-08 08:33:28] [INFO] Nightly blog cron finished
[2026-08-08 09:47:22] [INFO] Nightly blog cron starting (dry-run=0)
[2026-08-08 09:47:24] [INFO] SELECTED: noah-wyle (Type ?)
[2026-08-08 09:47:24] [INFO] Launching pipeline for noah-wyle
═════════════════════════════════════════════════════
9takes blog pipeline
Mode:    create
Person:  noah-wyle
Draft:   src/blog/people/drafts/noah-wyle.md
Logs:    /Users/djwayne/9takes/docs/content-analysis/pipeline-logs/2026-08-08_094724_noah-wyle
Started: Sat Aug  8 10:02:43 EDT 2026
═════════════════════════════════════════════════════

─────────────────────────────────────────────────────
[Stage 1] create  (started 10:02:43)
Command: /blog_content_creator_people_v2 noah-wyle --non-interactive
Log:     /Users/djwayne/9takes/docs/content-analysis/pipeline-logs/2026-08-08_094724_noah-wyle/1_create.log
─────────────────────────────────────────────────────
API Error: Unable to connect to API (ENOTFOUND)
[Stage 1] create finished 11:33:33 (exit=1, 5450s)

[Stage 1] create did not produce a draft matching 'noah-wyle'; halting remaining stages.
Summary JSON: /Users/djwayne/9takes/docs/content-analysis/pipeline-logs/2026-08-08_094724_noah-wyle/summary.json
[2026-08-08 11:33:35] [INFO] Pipeline exited code=1 after 106 min
[2026-08-08 11:33:37] [ERROR] RETRY 1/3: noah-wyle returned to queue (no draft)
[2026-08-08 11:33:37] [INFO] NOTIFY: ⚠️ 9takes nightly blog: Noah Wyle produced no draft (exit=1). Retry 1/3 tomorrow.
[2026-08-08 11:33:37] [WARN] Telegram send failed (message logged above)
[2026-08-08 11:33:37] [INFO] Nightly blog cron finished
