[2026-07-29 02:00:00] [INFO] Nightly blog cron starting (dry-run=0)
[2026-07-29 02:00:00] [INFO] SELECTED: ibai-llanos (Type ?)
[2026-07-29 02:00:00] [INFO] Launching pipeline for ibai-llanos
═════════════════════════════════════════════════════
9takes blog pipeline
Mode:    create
Person:  ibai-llanos
Draft:   src/blog/people/drafts/ibai-llanos.md
Logs:    /Users/djwayne/9takes/docs/content-analysis/pipeline-logs/2026-07-29_020000_ibai-llanos
Started: Wed Jul 29 02:00:00 EDT 2026
═════════════════════════════════════════════════════

─────────────────────────────────────────────────────
[Stage 1] create  (started 02:00:00)
Command: /blog_content_creator_people_v2 ibai-llanos --non-interactive
Log:     /Users/djwayne/9takes/docs/content-analysis/pipeline-logs/2026-07-29_020000_ibai-llanos/1_create.log
─────────────────────────────────────────────────────
You've hit your weekly limit · resets 5pm (America/New_York)
[Stage 1] create finished 02:00:02 (exit=1, 2s)

[Stage 1] create did not produce src/blog/people/drafts/ibai-llanos.md; halting remaining stages.
Summary JSON: /Users/djwayne/9takes/docs/content-analysis/pipeline-logs/2026-07-29_020000_ibai-llanos/summary.json
[2026-07-29 02:00:02] [INFO] Pipeline exited code=1 after 0 min
[2026-07-29 02:00:03] [ERROR] RETRY 2/3: ibai-llanos returned to queue (no draft)
[2026-07-29 02:00:03] [INFO] NOTIFY: ⚠️ 9takes nightly blog: Ibai Llanos produced no draft (exit=1). Retry 2/3 tomorrow.
[2026-07-29 02:00:03] [INFO] Nightly blog cron finished
