[2026-08-09 02:02:05] [INFO] Nightly blog cron starting (dry-run=0)
[2026-08-09 02:02:05] [INFO] Rate-limit week rolled over (was 2026-08-02) — resetting count
[2026-08-09 02:02:07] [INFO] SELECTED: noah-wyle (Type ?)
[2026-08-09 02:02:07] [INFO] Launching pipeline for noah-wyle
═════════════════════════════════════════════════════
9takes blog pipeline
Mode:    create
Person:  noah-wyle
Draft:   src/blog/people/drafts/noah-wyle.md
Logs:    /Users/djwayne/9takes/docs/content-analysis/pipeline-logs/2026-08-09_020207_noah-wyle
Started: Sun Aug  9 02:02:09 EDT 2026
═════════════════════════════════════════════════════

─────────────────────────────────────────────────────
[Stage 1] create  (started 02:02:09)
Command: /blog_content_creator_people_v2 noah-wyle --non-interactive
Log:     /Users/djwayne/9takes/docs/content-analysis/pipeline-logs/2026-08-09_020207_noah-wyle/1_create.log
─────────────────────────────────────────────────────
Draft complete and saved. Full run summary:

**The blog:** Noah Wyle typed as **Enneagram 6w7**, built around the thesis that his family put pain in drawers and he built a television show that opens them. The hook is his 2025 Emmy win in a tuxedo made of scrubs, 26 years after his last nomination; the emotional core is a 2026 podcast story where his nurse mother revealed she once put an eight-year-old in a morgue drawer (his brother's age at the time), came home, and made dinner. The ending lands on her one-word answer to where she put that memory: "Somewhere." The Crichton-estate lawsuit serves as the critic-pressure anchor, with the empathy turn built from his own words ("I volunteer," "profoundly sad," "we really felt like we'd done it"). Current anchor: The Pitt leads the 2026 Emmys with 25 nominations.

**Notable catches during research:**
- An attribution near-miss: the auto-transcript of the Actors on Actors episode nearly handed Sally Field's quotes (including the note-from-her-son story) to Wyle. Excluded, and I updated the attribution-trap memory with this second instance.
- Variety/THR/GoldDerby now block WebFetch behind a Tollbit 402 paywall; I worked around it via syndicated copies and YouTube transcripts, and saved that workaround as a memory.
- Two transcripts fetched and saved to `youtube-transcripts/noah-wyle/`; durable evidence file written to `docs/content-analysis/research/Noah-Wyle.md` for the downstream perspective commands.

**Deterministic checks:** blog-lint 0 fail / 1 warn (comparative-contrast warn only), blog-quality-report 0 strong contrast pairs, same-type similarity scan clear (three initial trips rewritten), Type 6 avoid-list phrases 0.

```
MODE: non-interactive
DRAFT: /src/blog/people/drafts/Noah-Wyle.md
STATUS: production_pretext.status = draft
BLOCKERS: none
GATES: Gate 1: pass (4 qualifying testimony quotes — McCormack x2, Field, Gemmill),
       Gate 2: pass (6 of 8 H2s search-intent/hybrid),
       Gate 4: pass (no type-anaphora ending, hook shape original),
       Gate 5: pass (2 type-theory paragraphs outside diagnosis/Rabbit Hole, limit 4),
       Gate 6: pass (bespoke Capitol two-date section, Crichton lawsuit critic anchor,
                empathy turn, current-tense anchor, interior beat, ending swap-test clear)
LIMITATIONS: NPR Fresh Air transcript unreachable (timeouts); 2026 directing Emmy
       nomination unverified so phrased as "submitted"; ER episode-count stat omitted
       as unverified; Great Chat quotes are auto-transcript wording (flagged in
       working notes for pre-publish verification)
```

**Internal links added (4 total):**
- Type 6 → `/enneagram-corner/enneagram-type-6`
- Stress patterns → `/enneagram-corner/enneagram-types-in-stress`
- Wings → `/enneagram-corner/enneagram-wings-complete-guide` (Rabbit Hole)
- Instinctual subtypes → `/enneagram-corner/enneagram-instinctual-subtypes` (Rabbit Hole)

Per non-interactive rules, no grade was emitted (that's `/grade_blog`'s job) and the draft was not promoted to ready — human review is still required before production.
[Stage 1] create finished 03:21:24 (exit=0, 4755s)

─────────────────────────────────────────────────────
[Stage 2] fresh_eyes  (started 03:21:26)
Command: /blog_content_fresh_eyes_people Noah-Wyle
Log:     /Users/djwayne/9takes/docs/content-analysis/pipeline-logs/2026-08-09_020207_noah-wyle/2_fresh_eyes.log
─────────────────────────────────────────────────────
Fresh-eyes review complete on `src/blog/people/drafts/Noah-Wyle.md` — notes appended as a `FRESH EYES REVIEW (2026-08-09)` block at the bottom of the file, no body edits made.

The two biggest issues I flagged:

1. **His real service record is missing, and it's the piece's own thesis.** The draft closes on "he spent thirty years reporting for duty," but skips his strongest duty evidence: volunteering with Doctors of the World in Kosovo refugee camps (which directly seeded ER's Congo/Darfur storylines) and decades as artistic producer of The Blank Theatre Company in LA. The "Capitol Twice" section currently implies those two visits are the whole case file — these two facts outrank both visits.

2. **The wilderness years are a hole.** Fifteen years get compressed to "science-fiction dads and swashbuckling librarians" without naming Falling Skies or The Librarians. Readers who know him from those franchises will feel a third of his career waved off — and both shows are unused Loyalist evidence (anchoring long-run ensembles instead of chasing reinvention, which is exactly the point that section is making).

Other notes in the block: the volunteer email is leaned on five times across sections; the season 2 "intervention for a fictional doctor" clause is the most startling claim in the piece and gets half an ambiguous sentence; Pirates of Silicon Valley (the Macworld imposter story is dead on-theme and would let the body *show* his humor instead of telling it); a narrator-command tic ("Read that sentence closely," "Notice what he did," etc.) that makes the template audible; plus preserve-list items — the drawer dialogue, the "Somewhere" ending, and the Capitol two-date structure are the best material and shouldn't be touched.

Sources: [From ER to Global Humanitarian (2024 doc)](https://www.imdb.com/title/tt34913553/), [Life Stories interview](https://www.lifestories.org/podcast-items/noah-wyle-from-er-to-global-humanitarian), [About the Artists — Blank Theatre credits](https://www.abouttheartists.com/artists/326070-noah-wyle)
[Stage 2] fresh_eyes finished 03:24:05 (exit=0, 159s)

─────────────────────────────────────────────────────
[Stage 3] second_pass  (started 03:24:05)
Command: /blog_content_second_pass_people Noah-Wyle
Log:     /Users/djwayne/9takes/docs/content-analysis/pipeline-logs/2026-08-09_020207_noah-wyle/3_second_pass.log
─────────────────────────────────────────────────────
Second pass on `src/blog/people/drafts/Noah-Wyle.md` is complete. Source audit went from 3 untagged / 1 vague to **5/5 inline, 0 untagged**, and blog-lint is at **0 fail, 1 warn** (the comparative-contrast warn is review-only and mostly pre-existing).

**Source traceability (done first, per the audit):**
- Tagged all three untagged diagnosis quotes: McCormack's "old, old, old" (Gold Derby, 2026), the therapy/competency-mask lines (Great Chat, 2026), and the volunteer email (Television Academy, 2025). Restructured the cold open so the Emmy-speech quote grades inline.
- Added `Television Academy`, `Gold Derby`, `Great Chat`, and `SlashFilm` to the audit script's outlet list with a dated pass comment — this follows the script's own established pattern (same class as the GRAMMY.com and ESPN additions), but note it's a change to `scripts/blog-source-audit.mjs`, not just the draft.

**Substance added (all verified before writing):**
- **The service record** the fresh-eyes review correctly called the biggest gap: 1999 Kosovo trip (three weeks, Doctors of the World, Macedonian camp of 10,000 — [Psychology Today](https://www.psychologytoday.com/us/articles/200203/noah-wyle-and-real-life-trauma), [Life Stories](https://www.lifestories.org/podcast-items/noah-wyle-from-er-to-global-humanitarian)), the Human Rights Watch board, and ~two decades as the [Blank Theatre's artistic producer](https://playbill.com/article/er-doc-noah-wyle-named-producer-of-las-blank-theatre-com-72758) — folded into "Capitol Twice" without breaking its two-date structure. I avoided the "co-founder" claim some bios make since Playbill says he was *named* producer.
- **Pirates of Silicon Valley / Macworld 1999** beat ([Cult of Mac](https://www.cultofmac.com/news/steve-jobs-loves-noah-wyle-in-pirates-of-silicon-valley)) — Jobs hated the movie, liked the performance, and invited the live imposture; it lands right on the piece's impostor theme.
- **A real fatherhood beat**: the Actors on Actors transcript shows he left ER to be home with his son ("a divorce with visitation rights"; "I don't question the time I spent with my son"). I verified the speaker is Wyle, not Sally Field — the Carter/pilot/Wells context is unambiguous, which mattered given this transcript's known attribution trap.
- **Season 2 clause cashed out**: it's Dr. Abbott's in-show one-man intervention and Robby's "leaching something from my soul" admission ([Time finale recap](https://time.com/article/2026/04/10/the-pitt-season-2-finale-robby/)); also added "one year after Wyle's win" to de-blur the two Emmy ceremonies.

**Trims:** wilderness shows now named (Falling Skies, the Librarians franchise, Leverage: Redemption); volunteer-email touches cut from 5+ to 3; narrator commands cut from 8 to 3; the three same-shaped lens-turn sentences varied; TL;DR bullets deduped against the cold open and the fear-speech overuse.

**Still open** (noted in the SECOND PASS NOTES block): NPR Fresh Air transcript remains unretrievable, the Crichton lawsuit status hasn't been re-checked past the "can proceed" ruling, and the "what he passes down" generational loop is only lightly served — the son beat was all the sourced material supported.
[Stage 3] second_pass finished 03:35:45 (exit=0, 700s)

─────────────────────────────────────────────────────
[Stage 4] cohesion  (started 03:35:45)
Command: /cohesion-check src/blog/people/drafts/Noah-Wyle.md
Log:     /Users/djwayne/9takes/docs/content-analysis/pipeline-logs/2026-08-09_020207_noah-wyle/4_cohesion.log
─────────────────────────────────────────────────────
## Cohesion Check Complete: Noah-Wyle.md

**Before score: 8.5/10**
**After score: 9/10**

### Central Thesis

Noah Wyle is a Type 6 Loyalist whose strangest career decisions (the fifteen-year vow, the volunteer email, the two Capitol visits) all trace back to his nurse mother's silent competence, and The Pitt is him finally building the room where helpers like her get to open the drawer.

### Thread Map

| Section | Contribution | Links because |
|---|---|---|
| Cold open (scrubs tuxedo) | Sets the paradox: never worked a shift, dressed as the profession | Ends on "who helps the helper?", which the whole piece answers |
| What is his personality type? | The diagnosis: loyalty record, self-report, the volunteer email tiebreaker | "Running that program since 1994" begs the origin question |
| The Drawer | Origin: mother's filed-away trauma is the formative curriculum | Closes on "built a career out of the filing system" → career section |
| Why He Swore Off Doctors | ER fame, the vow, the wilderness years | Ends "even his exile looked like showing up" → what broke the vow |
| The Letters | COVID letters → The Pitt as debt repayment | "Then the pandemic arrived" picks up the wilderness directly |
| Capitol Twice | Off-camera service ledger proving the enlistment pattern | "When no camera needs him" pivots cleanly from the show narrative |
| Set of 300 | The pattern applied to his own set: he guards his people | Now bridged from Capitol's "institutions that guard people he considers his" |
| The Lawsuit | Critic-pressure section: honest steelman, then the motive reframe | "Sharpest criticism of his second act" turns from the praise section |
| Where Did You Put That Memory | Lands the thesis on "Somewhere" and the shift bookend | Explicitly named "the question this entire analysis orbits" |

| Check | Score | Issues |
|---|---|---|
| Through-Line Clarity | 9/10 | 0 |
| Promise-Delivery Match | 9/10 | 0 |
| Reader Mental Model | 9/10 | 0 |
| Section Transitions | 8→9/10 | 2 fixed |
| Internal Paragraph Flow | 8→9/10 | 1 fixed |

### Changes Made (3 total, all minor)

**Transition fixes (2):**
- Diagnosis → The Drawer: the diagnosis ended on Rabbit Hole housekeeping, then jumped to childhood cold. Added "The program got installed early." to open the Drawer section, carrying the "running that program" keyword from the diagnosis into the origin story.
- Capitol Twice → Set of 300: the Capitol section closed on "institutions that guard people he considers his," then the next section opened on production logistics with no link. Added "The institution he guards most days is his own set." to carry both keywords across the boundary.

**Internal flow fix (1):**
- Lawsuit section: split the final paragraph before "You can watch what stress does to each type." It was carrying motive analysis, the wound reframe, the stress arrow, the season 2 Robby arc, and the Emmy count in one block; the break separates the wound argument from the working-harder evidence. No words changed.

### What Was Preserved

- All frontmatter, ledgers, working notes, and pass-note comments
- The drawer dialogue scene, the "Somewhere" ending, and the shift bookend (fresh-eyes do-not-touch items, untouched)
- All internal links, the Rabbit Hole accordion, pull quote, and inner-thought beat
- Six of eight section transitions were already strong (Swore → Letters and Letters → Capitol are the best in the piece) and were left alone

### Remaining Concerns

None structural. No orphaned threads: the "who helps the helper?" question from the intro is answered by both the Abbott intervention and the ending, and the impostor thread (epigraph → Pirates of Silicon Valley → set reassurance → lawsuit wound) resolves cleanly. The lawsuit section still ends on Emmy stats before the pivot to the mother scene, but the signature H2 plus "the question this entire analysis orbits" re-anchors fast enough that I left the ending untouched rather than risk diluting the closer.
[Stage 4] cohesion finished 03:38:12 (exit=0, 147s)

─────────────────────────────────────────────────────
[Stage 4.1] perspective_snapshot  (started 03:38:12)
Command: node /Users/djwayne/9takes/scripts/perspective-review-gate.mjs --phase snapshot --draft src/blog/people/drafts/Noah-Wyle.md --review-dir docs/content-analysis/perspective-reviews/Noah-Wyle/2026-08-09_020207 --subject Noah-Wyle
Log:     /Users/djwayne/9takes/docs/content-analysis/pipeline-logs/2026-08-09_020207_noah-wyle/4.1_perspective_snapshot.log
─────────────────────────────────────────────────────
ok    frozen draft: src/blog/people/drafts/Noah-Wyle.md
ok    snapshot sha256: a5870ab69f657ac8cd2e75567849ae2d8cb17d4a0e05638ea30dda5a3e3e5894
ok    review directory: docs/content-analysis/perspective-reviews/Noah-Wyle/2026-08-09_020207
[Stage 4.1] perspective_snapshot finished (exit=0, 0s)

─────────────────────────────────────────────────────
[Stage 4.2] perspective_evidence  (started 03:38:12)
Command: /blog_perspective_research_people Noah-Wyle --review-dir=docs/content-analysis/perspective-reviews/Noah-Wyle/2026-08-09_020207 --draft-sha=a5870ab69f657ac8cd2e75567849ae2d8cb17d4a0e05638ea30dda5a3e3e5894
Log:     /Users/djwayne/9takes/docs/content-analysis/pipeline-logs/2026-08-09_020207_noah-wyle/4.2_perspective_evidence.log
─────────────────────────────────────────────────────
Evidence packet complete.

**Artifact:** `docs/content-analysis/perspective-reviews/Noah-Wyle/2026-08-09_020207/evidence-packet.md`

The packet covers a 20-claim inventory (CLM-01 through CLM-20), a 42-source ledger (3 repository, 39 external), and full verification of every load-bearing quote — the drawer dialogue, fear speech, volunteer email, and all four testimony-ledger quotes checked verbatim against local transcripts or live pages. Notable findings recorded for the evaluators, without verdicts:

- **Now-outdated phrasing:** the draft says Wyle "submitted" for directing; the Television Academy record shows he was *nominated* (for "12:00 P.M.") on July 8, 2026.
- **Contradicted characterizations:** the suit is pled as breach of contract, not "a copyright case"; the phone ban was instituted by John Wells, not Wyle; "a set of 300" traces to 300+ characters cast across the season.
- **Lawsuit currency:** alive and fully briefed at the California Court of Appeal as of May 12, 2026 — no trial, settlement, or ruling found; the draft is silent on the appeal, and R. Scott Gemmill is an unmentioned fourth defendant.
- **Framing nuances:** the "really good" arrest quote was about the crowd's cheer; the nurse-advocacy trip was June 2025, not spring; "You deserve to be seen and heard" is only retrievable as nurse.org's headline.

**Largest unresolved evidence gap:** no Tier 1 court document was ever read — the complaint, the anti-SLAPP ruling, and the appellate briefs are known only through press coverage, and the claim that nothing has happened since May 2026 rests on absence of news coverage rather than a docket check. Any evaluator judgment about the lawsuit section must stay qualified accordingly.
[Stage 4.2] perspective_evidence finished 03:50:26 (exit=0, 734s)

─────────────────────────────────────────────────────
[Stage 4.3] perspective_packet_gate  (started 03:50:26)
Command: node /Users/djwayne/9takes/scripts/perspective-review-gate.mjs --phase packet --review-dir docs/content-analysis/perspective-reviews/Noah-Wyle/2026-08-09_020207
Log:     /Users/djwayne/9takes/docs/content-analysis/pipeline-logs/2026-08-09_020207_noah-wyle/4.3_perspective_packet_gate.log
─────────────────────────────────────────────────────
ok    shared evidence packet is complete and tied to the frozen draft
[Stage 4.3] perspective_packet_gate finished (exit=0, 0s)

─────────────────────────────────────────────────────
[Stage 4.4] perspective_jury (six isolated reviews in parallel)
Snapshot: docs/content-analysis/perspective-reviews/Noah-Wyle/2026-08-09_020207/draft-reviewed.md
Evidence: docs/content-analysis/perspective-reviews/Noah-Wyle/2026-08-09_020207/evidence-packet.md
─────────────────────────────────────────────────────
  starting subject → /Users/djwayne/9takes/docs/content-analysis/pipeline-logs/2026-08-09_020207_noah-wyle/4.4_perspective_subject.log
  starting fan → /Users/djwayne/9takes/docs/content-analysis/pipeline-logs/2026-08-09_020207_noah-wyle/4.4_perspective_fan.log
  starting critic → /Users/djwayne/9takes/docs/content-analysis/pipeline-logs/2026-08-09_020207_noah-wyle/4.4_perspective_critic.log
  starting unfamiliar → /Users/djwayne/9takes/docs/content-analysis/pipeline-logs/2026-08-09_020207_noah-wyle/4.4_perspective_unfamiliar.log
  starting enneagram → /Users/djwayne/9takes/docs/content-analysis/pipeline-logs/2026-08-09_020207_noah-wyle/4.4_perspective_enneagram.log
  starting future → /Users/djwayne/9takes/docs/content-analysis/pipeline-logs/2026-08-09_020207_noah-wyle/4.4_perspective_future.log
  subject finished (313s)
  fan finished (438s)
  critic finished (438s)
  unfamiliar finished (438s)
  enneagram finished (438s)
  future finished (438s)

─────────────────────────────────────────────────────
[Stage 4.5] perspective_reviews_gate  (started 03:57:44)
Command: node /Users/djwayne/9takes/scripts/perspective-review-gate.mjs --phase reviews --review-dir docs/content-analysis/perspective-reviews/Noah-Wyle/2026-08-09_020207
Log:     /Users/djwayne/9takes/docs/content-analysis/pipeline-logs/2026-08-09_020207_noah-wyle/4.5_perspective_reviews_gate.log
─────────────────────────────────────────────────────
ok    subject review complete
ok    fan review complete
ok    critic review complete
ok    unfamiliar review complete
ok    enneagram review complete
ok    future review complete
[Stage 4.5] perspective_reviews_gate finished (exit=0, 0s)

─────────────────────────────────────────────────────
[Stage 4.6] perspective_synthesis  (started 03:57:44)
Command: /blog_perspective_synthesis_people Noah-Wyle --review-dir=docs/content-analysis/perspective-reviews/Noah-Wyle/2026-08-09_020207 --draft-sha=a5870ab69f657ac8cd2e75567849ae2d8cb17d4a0e05638ea30dda5a3e3e5894
Log:     /Users/djwayne/9takes/docs/content-analysis/pipeline-logs/2026-08-09_020207_noah-wyle/4.6_perspective_synthesis.log
─────────────────────────────────────────────────────
Synthesis complete.

- **Synthesis path:** `docs/content-analysis/perspective-reviews/Noah-Wyle/2026-08-09_020207/synthesis.md`
- **P0 items:** 7 — the "copyright case" mislabel, the stale "submitted"-vs-nominated Emmy status, the arrest-quote referent distortion, the Capitol/service-file precision cluster (June date, unverified quote, HRW role, camp size), the phone-ban misattribution to Wyle instead of John Wells, the incomplete lawsuit roster/posture (Gemmill omitted, appeal unmentioned), and the undisclosed FIGS partnership — which I verified during synthesis against FIGS's own May 7, 2026 investor-relations announcement, promoting the critic's lone finding to mandatory.
- **Accepted P1 items:** 9 — including the empathy-turn retarget at the actual contract-circumvention charge, the self-narration acknowledgment, the mother's-interiority attribution cues, newcomer orientation for Crichton and The Pitt, the universalizer sweep, the Rabbit Hole Type 3/counterphobic completeness pass, and the Carter-intervention mirror (the informed fan's biggest unplayed connection).
- **Research required:** 2 — whether any FIGS compensation predated the June 2025 trip (decides if the disclosure clause must be stronger), and whether "You deserve to be seen and heard" exists on video (optional quote upgrade). Neither blocks the revision.
- **Most important protected hit:** the drawer dialogue block and the one-word "Somewhere" ending — flagged untouchable by all six perspectives; every accepted repair routes around it, with attribution cues confined to the surrounding narration.

Notable adjudications: the copyright fix goes label-free ("a lawsuit") rather than "contract case," since press coverage of the ruling itself renders the cause of action inconsistently; and the unfamiliar reviewer's inner-thought concern was rejected after I confirmed `.inner-thought` renders sitewide as a distinct thought-bubble callout. No reviewer challenged the Type 6 thesis or the structure — every trust issue is a small fact polished past its source, and the full worklist is roughly 25 sentence-level edits with zero structural changes.
[Stage 4.6] perspective_synthesis finished 04:06:43 (exit=0, 539s)

─────────────────────────────────────────────────────
[Stage 4.7] perspective_synthesis_gate  (started 04:06:43)
Command: node /Users/djwayne/9takes/scripts/perspective-review-gate.mjs --phase synthesis --review-dir docs/content-analysis/perspective-reviews/Noah-Wyle/2026-08-09_020207
Log:     /Users/djwayne/9takes/docs/content-analysis/pipeline-logs/2026-08-09_020207_noah-wyle/4.7_perspective_synthesis_gate.log
─────────────────────────────────────────────────────
ok    perspective synthesis is complete and actionable
[Stage 4.7] perspective_synthesis_gate finished (exit=0, 1s)

─────────────────────────────────────────────────────
[Stage 5] editor_pass  (started 04:06:44)
Command: /blog_content_editor_pass_people Noah-Wyle --perspective-review-dir=docs/content-analysis/perspective-reviews/Noah-Wyle/2026-08-09_020207
Log:     /Users/djwayne/9takes/docs/content-analysis/pipeline-logs/2026-08-09_020207_noah-wyle/5_editor_pass.log
─────────────────────────────────────────────────────
Editor pass complete on `src/blog/people/drafts/Noah-Wyle.md`, run in perspective-jury mode against the `2026-08-09_020207` synthesis (frozen-draft SHA verified before editing).

**All 7 P0 repairs applied:**
1. The lawsuit is no longer called a "copyright case" — label-free "a lawsuit" per the synthesis's adjudication.
2. Emmy status is nomination-current: "was nominated twice over, for acting and for directing the episode '12:00 P.M.'", with absolute September 2026 dating.
3. The 2012 arrest beat now uses both verified quotes with correct referents (the "really good" was about the activists' cheer; his verdict was "a good fight to fight").
4. Capitol/service precision: **June 2025** date, the "seen and heard" line paraphrased as attributed headline framing, HRW corrected to the Los Angeles committee, camp figure softened to "thousands."
5. The phone ban is reattributed to John Wells, with Wyle as champion/enforcer.
6. Gemmill added to the defendant lists in body and FAQ; the ruling qualified as an early screen; appeal noted as briefed and undecided as of mid-2026.
7. FIGS disclosure added in the Capitol paragraph (May 2026 partnership, with the IR release added to citations), and the unpaid service ledger now explicitly reads "no sponsor."

**Research questions:** RQ-01 resolved — I fetched the FIGS IR release; the ambassadorship kicked off May 21, 2026 with no evidence of a paid tie predating the June 2025 trip, so the one-clause disclosure stands. RQ-02 stays open — the "seen and heard" sentence exists only as a nurse.org headline, so the paraphrase repair holds until someone finds event video.

**All 9 accepted P1s plus P2-01 landed**, the highlights being the retargeted empathy turn (now answers the sequence-of-events charge with a concession and one sentence of estate interiority, guardrail verbatim), the self-narration caveat before the confidence claim, the Carter-intervention mirror at the finale beat, and the Rabbit Hole's new Type 3 counterargument, counterphobic clause, and three-falsifier exit. Universalizers swept ("by castmates' accounts," "Cast of 300" with the Variety referent glossed), and the closer now reads "a son building," which drops the aging number and arguably lands harder.

**Exit checks:** blog-lint 0 fail with contrast target 0 (0 strong / 5 comparative, unchanged from baseline), no prose em-dashes, no banned phrases. All 12 protected hits verified byte-intact, including the drawer dialogue, steelman, and bookend.

**Resolution artifact:** `docs/content-analysis/perspective-reviews/Noah-Wyle/2026-08-09_020207/editor-resolution.md` — full per-item log, protected-hit checklist, and unresolved items (RQ-02 video hunt, plus refresh triggers: Sept 14 Emmy results, the appellate ruling, and season 3 in January 2027).

The draft reads production-ready to me — the trust repairs were all clause-scale and nothing structural moved. It now goes to `/blog_perspective_verify_people` for the independent gate check; I have not claimed that gate passed.
[Stage 5] editor_pass finished 04:18:29 (exit=0, 705s)

─────────────────────────────────────────────────────
[Stage 5.05] perspective_editor_resolution_gate  (started 04:18:29)
Command: node /Users/djwayne/9takes/scripts/perspective-review-gate.mjs --phase resolution --review-dir docs/content-analysis/perspective-reviews/Noah-Wyle/2026-08-09_020207 --resolution-file editor-resolution.md
Log:     /Users/djwayne/9takes/docs/content-analysis/pipeline-logs/2026-08-09_020207_noah-wyle/5.05_perspective_editor_resolution_gate.log
─────────────────────────────────────────────────────
ok    editor-resolution.md is complete and tied to the frozen draft
[Stage 5.05] perspective_editor_resolution_gate finished (exit=0, 1s)

─────────────────────────────────────────────────────
[Stage 6] enrich_frontmatter  (started 04:18:30)
Command: /blog_content_frontmatter_enrich_people Noah-Wyle
Log:     /Users/djwayne/9takes/docs/content-analysis/pipeline-logs/2026-08-09_020207_noah-wyle/6_enrich_frontmatter.log
─────────────────────────────────────────────────────
You're out of usage credits. Run /usage-credits to keep using Fable 5 or /model to switch models.
[Stage 6] enrich_frontmatter finished 04:20:18 (exit=1, 108s)

─────────────────────────────────────────────────────
[Stage 6.1] perspective_verify  (started 04:20:18)
Command: /blog_perspective_verify_people Noah-Wyle --review-dir=docs/content-analysis/perspective-reviews/Noah-Wyle/2026-08-09_020207 --draft-sha=a5870ab69f657ac8cd2e75567849ae2d8cb17d4a0e05638ea30dda5a3e3e5894 --output=verification-initial.md
Log:     /Users/djwayne/9takes/docs/content-analysis/pipeline-logs/2026-08-09_020207_noah-wyle/6.1_perspective_verify.log
─────────────────────────────────────────────────────
You're out of usage credits. Run /usage-credits to keep using Fable 5 or /model to switch models.
[Stage 6.1] perspective_verify finished 04:20:28 (exit=1, 10s)

─────────────────────────────────────────────────────
[Stage 6.2] perspective_verification_gate  (started 04:20:28)
Command: node /Users/djwayne/9takes/scripts/perspective-review-gate.mjs --phase verification --draft src/blog/people/drafts/Noah-Wyle.md --review-dir docs/content-analysis/perspective-reviews/Noah-Wyle/2026-08-09_020207 --verification-file verification-initial.md
Log:     /Users/djwayne/9takes/docs/content-analysis/pipeline-logs/2026-08-09_020207_noah-wyle/6.2_perspective_verification_gate.log
─────────────────────────────────────────────────────
FAIL  missing artifact: docs/content-analysis/perspective-reviews/Noah-Wyle/2026-08-09_020207/verification-initial.md
[Stage 6.2] perspective_verification_gate finished (exit=1, 0s)

─────────────────────────────────────────────────────
[Stage 6.5] lint (deterministic checks — scripts/blog-lint.sh)
Log:     /Users/djwayne/9takes/docs/content-analysis/pipeline-logs/2026-08-09_020207_noah-wyle/6.5_lint.log
─────────────────────────────────────────────────────
ok    frontmatter field present: title
ok    frontmatter field present: meta_title
ok    frontmatter field present: persona_title
ok    frontmatter field present: description
ok    frontmatter field present: author
ok    frontmatter field present: date
ok    frontmatter field present: enneagram
ok    frontmatter field present: person
ok    frontmatter field present: suggestions
ok    frontmatter field present: production_pretext
ok    description length 154 chars
ok    meta_title length 51 chars
ok    meta_title contains a searchable head term
ok    meta_title contains a person-name token
ok    required H2 'What is [Person]'s personality type?' present
ok    required H3 '[Person] is an Enneagram Type X' present
ok    type-answer opening block is extractable (35 words)
ok    Enneagram Rabbit Hole block present (exactly one)
ok    TL;DR accordion present
ok    firstLetter intro paragraph present
ok    ledger present: TESTIMONY LEDGER
ok    ledger present: HEADING MIX LEDGER
ok    ledger present: DISTRIBUTION LEDGER
ok    ledger present: FORMULA FINGERPRINT LEDGER
ok    no self-loop links
ok    no visible FAQ section in body
ok    no templated FAQ filler
ok    no unfinished markers
ok    faqs present and FAQPage-eligible (4 real Q/A pairs)
ok    contrast-pair sentence engines: 0 strong (target <= 0)
WARN  comparative contrast patterns detected: 5 (review with blog-quality-report)
ok    internal link count: 4
WARN  body is 4313 words (ceiling 4500) — thin headroom for the next refresh
ok    no prose em-dashes (quote attributions exempt)
ok    no banned AI phrases

blog-lint: Noah-Wyle — 0 fail, 2 warn
[Stage 6.5] lint passed

─────────────────────────────────────────────────────
[Stage 6.6] quality_report  (started 04:20:28)
Command: node /Users/djwayne/9takes/scripts/blog-quality-report.mjs src/blog/people/drafts/Noah-Wyle.md
Log:     /Users/djwayne/9takes/docs/content-analysis/pipeline-logs/2026-08-09_020207_noah-wyle/6.6_quality_report.log
─────────────────────────────────────────────────────
blog-quality-report: Noah-Wyle
────────────────────────────────────────────────────────────
2.1 Contrast pairs: 5 total  (strong 0, comparative 5)
   compar. [more/less-than] L?: <details> <summary class="accordion">TL;DR: Why Noah Wyle is an Enneagram Type 6</summary> <div class="panel"> <ul> <li><b>The scrubs tuxedo
   compar. [looked-like] L191: Love looked like competence.
   compar. [looked-like] L203: Even his exile looked like showing up.
   compar. [more/less-than] L213: I'm bringing more of myself to this part than I think I have invested before."
   compar. [more/less-than] L253: A one-to-one-dominant Six runs hotter and more confrontational than anything in his record.

2.4 Head-term: PASS  meta_title=Why Noah Wyle Went Back to the ER: Enneagram Type 6
   answer-block: ok (35 words; <=60)

1.4 Corpus-count drift: none (corpus total = 401)
[Stage 6.6] quality_report finished (exit=0, 0s)

─────────────────────────────────────────────────────
[Stage 6.7] source_audit  (started 04:20:28)
Command: node /Users/djwayne/9takes/scripts/blog-source-audit.mjs src/blog/people/drafts/Noah-Wyle.md --fail-on-untagged-load-bearing
Log:     /Users/djwayne/9takes/docs/content-analysis/pipeline-logs/2026-08-09_020207_noah-wyle/6.7_source_audit.log
─────────────────────────────────────────────────────
========================================================================
LOAD-BEARING SOURCE AUDIT — noah-wyle  (Type 6)
src/blog/people/drafts/Noah-Wyle.md
========================================================================

### EPIGRAPH
  [INLINE  ] "Fear is the attendant emotion on a film set. Everybody shows up worried that they're not going to do a good enough job or they're going to be called out as an impostor."
             outlet="Great Chat"  year=2026  venue="podcast"

### COLD OPEN
  [INLINE  ] "If anybody is going on shift tonight or coming off shift tonight, thank you for being in that job. This is for you."
             outlet="SlashFilm"  year=1999

### DIAGNOSIS
  [INLINE  ] "old, old, old"
             outlet="Gold Derby"  year=2026  venue="podcast"
  [INLINE  ] "the therapeutic process throughout my life and career … put down your competency mask and admit that you're having a little bit of impostor syndrome or worse, an existential crisis."
             outlet="Great Chat"  year=2026  venue="podcast"
  [INLINE  ] "I know you don't want to do the show again, and I don't really either, but if you ever want to talk about what's happening right now and need someone to scream from a mountaintop, I volunteer."
             outlet="Television Academy"  year=2025

### EMPATHY TURN
  (no quoted material in slot)

### CLOSE
  (no quoted material in slot)

------------------------------------------------------------------------
SUMMARY: 5 load-bearing quote(s) — 5 inline, 0 vague, 0 untagged
  untagged quote in epigraph OR cold open: no
  any untagged load-bearing quote:         no
------------------------------------------------------------------------
[Stage 6.7] source_audit finished (exit=0, 1s)

─────────────────────────────────────────────────────
[Stage 6.8] same_type_similarity  (started 04:20:29)
Command: node /Users/djwayne/9takes/scripts/same-type-similarity.mjs src/blog/people/drafts/Noah-Wyle.md --n 8 --fail-on-trip
Log:     /Users/djwayne/9takes/docs/content-analysis/pipeline-logs/2026-08-09_020207_noah-wyle/6.8_same_type_similarity.log
─────────────────────────────────────────────────────
==============================================================================
SAME-TYPE ARGUMENT-SIMILARITY SCAN — noah-wyle (Type 6)
/Users/djwayne/9takes/src/blog/people/drafts/Noah-Wyle.md
==============================================================================

Target diagnosis+counter-typing units: 57
Comparison set (last 8 other Type-6 drafts by date):
  - samara-weaving  (2026-08-03, 29 units)
  - Jack-Antonoff  (2026-07-30, 27 units)
  - mila-kunis  (2026-07-29, 40 units)
  - jensen-huang  (2026-07-28, 16 units)
  - ninja  (2026-07-28, 43 units)
  - Sadie-Sink  (2026-07-24, 34 units)
  - Joe-Lonsdale  (2026-07-19, 28 units)
  - Kaia-Gerber  (2026-07-19, 30 units)

Noise floor over 14079 unit pairs:  median=0  p90=0  p99=0.006  max=0.1
Trip threshold: 0.04  →  clear


Most similar drafts (max unit-pair score):
  0.100 ####                 Sadie-Sink
  0.075 ###                  Jack-Antonoff
  0.059 ##                   samara-weaving
  0.043 ##                   ninja
  0.037 #                    Kaia-Gerber
  0.030 #                    mila-kunis
  0.028 #                    Joe-Lonsdale
  0.019 #                    jensen-huang

TOP SIMILAR SENTENCE/CLAUSE PAIRS:
------------------------------------------------------------------------------
score 0.100   noah-wyle  <->  Sadie-Sink
   TARGET [counter-typing] evidence that the calm is temperamental baseline rather than practiced (9)
   OTHER  [diagnosis] Type 6 says the calm is the finished product

score 0.085   noah-wyle  <->  Sadie-Sink
   TARGET [counter-typing] but the calm is practiced integration rather than temperament (see the arrows above)
   OTHER  [diagnosis] Type 6 says the calm is the finished product

score 0.075   noah-wyle  <->  Jack-Antonoff
   TARGET [counter-typing] evidence that the calm is temperamental baseline rather than practiced (9)
   OTHER  [counter-typing] evidence that the safety language is aesthetic rather than lived.

score 0.073   noah-wyle  <->  Jack-Antonoff
   TARGET [counter-typing] evidence that the service record is publicity-managed (3).
   OTHER  [counter-typing] evidence that the safety language is aesthetic rather than lived.

score 0.059   noah-wyle  <->  samara-weaving
   TARGET [counter-typing] the opposite of a Nine's self-forgetting.
   OTHER  [diagnosis] but being really famous never appealed to me." But a Nine's peace comes from not looking too hard at what might go wrong.

score 0.046   noah-wyle  <->  Jack-Antonoff
   TARGET [counter-typing] evidence that the caretaking is primarily about being irreplaceable to specific people rather than useful to a chosen tribe (that would point to 2)
   OTHER  [counter-typing] evidence that the safety language is aesthetic rather than lived.

score 0.043   noah-wyle  <->  ninja
   TARGET [counter-typing] The Type 3 case is the one a skeptic reaches for first
   OTHER  [diagnosis] The chair is the one place where there is no time to ask whether he is slowing down.

score 0.037   noah-wyle  <->  Kaia-Gerber
   TARGET [counter-typing] Sixes run phobic to counterphobic
   OTHER  [diagnosis] The Enneagram Type 6 runs on exactly this wiring.

score 0.034   noah-wyle  <->  samara-weaving
   TARGET [diagnosis] "I know you don't want to do the show again
   OTHER  [diagnosis] so I don't know." That is a baseline condition

score 0.031   noah-wyle  <->  Sadie-Sink
   TARGET [diagnosis] offered across back-to-back Emmy campaigns.
   OTHER  [counter-typing] The behavior that keeps pointing back to Six is her open

score 0.030   noah-wyle  <->  Sadie-Sink
   TARGET [diagnosis] documented behavior that predates any campaign
   OTHER  [counter-typing] The behavior that keeps pointing back to Six is her open

score 0.030   noah-wyle  <->  mila-kunis
   TARGET [counter-typing] evidence that the service record is publicity-managed (3).
   OTHER  [diagnosis] Her public record is organized around preparation

------------------------------------------------------------------------------
Top pair scores 0.1 vs median 0  (~∞x the noise floor).
[Stage 6.8] same_type_similarity finished (exit=0, 0s)

[pre-grade] No existing content_quality block on draft
─────────────────────────────────────────────────────
[Stage 7] grade  (started 04:20:29)
Command: /grade_blog Noah-Wyle
Log:     /Users/djwayne/9takes/docs/content-analysis/pipeline-logs/2026-08-09_020207_noah-wyle/7_grade.log
─────────────────────────────────────────────────────
You're out of usage credits. Run /usage-credits to keep using Fable 5 or /model to switch models.
[Stage 7] grade finished 04:20:31 (exit=1, 2s)

[Stage 8] Skipped revision loop: no grade found (grade stage may have failed)

[Stage 9] Stability regrade skipped because stage 7 produced no overall score
[Stage 9.2] Grade stability not recorded — same-version first=missing, regrade=missing

═════════════════════════════════════════════════════
Pipeline complete for: noah-wyle
Finished: Sun Aug  9 04:20:31 EDT 2026
All logs: /Users/djwayne/9takes/docs/content-analysis/pipeline-logs/2026-08-09_020207_noah-wyle
LINT: passed
REVISION LOOP: not needed
─────────────────────────────────────────────────────
[Stage 9.8] perspective_finalize  (started 04:20:31)
Command: node /Users/djwayne/9takes/scripts/perspective-review-gate.mjs --phase finalize --draft src/blog/people/drafts/Noah-Wyle.md --review-dir docs/content-analysis/perspective-reviews/Noah-Wyle/2026-08-09_020207 --verification-file verification-initial.md
Log:     /Users/djwayne/9takes/docs/content-analysis/pipeline-logs/2026-08-09_020207_noah-wyle/9.8_perspective_finalize.log
─────────────────────────────────────────────────────
FAIL  missing artifact: docs/content-analysis/perspective-reviews/Noah-Wyle/2026-08-09_020207/verification-initial.md
[Stage 9.8] perspective_finalize finished (exit=1, 0s)

PERSPECTIVE REVIEW: needs_revision
PERSPECTIVE ARTIFACTS: docs/content-analysis/perspective-reviews/Noah-Wyle/2026-08-09_020207

Final draft frontmatter (grade summary):
enneagram: 6
Summary JSON: /Users/djwayne/9takes/docs/content-analysis/pipeline-logs/2026-08-09_020207_noah-wyle/summary.json
═════════════════════════════════════════════════════
