[2026-08-05 02:00:00] [INFO] Nightly blog cron starting (dry-run=0)
[2026-08-05 02:00:02] [INFO] SELECTED: caitlin-clark (Type ?)
[2026-08-05 02:00:02] [INFO] Launching pipeline for caitlin-clark
═════════════════════════════════════════════════════
9takes blog pipeline
Mode:    create
Person:  caitlin-clark
Draft:   src/blog/people/drafts/caitlin-clark.md
Logs:    /Users/djwayne/9takes/docs/content-analysis/pipeline-logs/2026-08-05_020002_caitlin-clark
Started: Wed Aug  5 02:00:04 EDT 2026
═════════════════════════════════════════════════════

─────────────────────────────────────────────────────
[Stage 1] create  (started 02:00:04)
Command: /blog_content_creator_people_v2 caitlin-clark --non-interactive
Log:     /Users/djwayne/9takes/docs/content-analysis/pipeline-logs/2026-08-05_020002_caitlin-clark/1_create.log
─────────────────────────────────────────────────────
All gates pass. Draft is saved.

```
MODE: non-interactive
DRAFT: /src/blog/people/drafts/Caitlin-Clark.md
STATUS: production_pretext.status = draft
BLOCKERS: none
GATES: Gate 1: pass (6 qualifying quotes) | Gate 2: pass (6 of 8 H2s search-intent/hybrid) | Gate 3: pass (no self-loops) | Gate 4: pass | Gate 5: pass (1 type-theory paragraph, limit 4) | Gate 6: pass (0 contrast pairs, similarity clear)
LIMITATIONS: Letterman quotes sourced from secondary write-ups (Netflix has no fetchable transcript; cross-verified across 3 outlets). ESPN sit-down quotes come from auto-generated captions — sentence-level wording reliable, punctuation inferred, interviewer not named on-transcript so attributed to ESPN's NBA Today. No substantive teammate testimony located (Boston/Martin quotes found were social-media reactions and did not qualify).
```

**The read: Enneagram Type 1 (1w2), confidence medium-high.**

The thesis is that Clark's driver is a private accounting of hours, not the scoreboard. The tiebreaker against Type 3 is her own words in a 2026 ESPN sit-down, where she was handed the flattering answer and refused it: *"I don't think it's like an obsession with winning. I think that comes because you're obsessed with all the time you put in."* A Three protects the visible result; Clark disclaimed it, and at Iowa she burned enough room-management capital holding teammates to her standard that Lisa Bluder ejected her from practice.

The hook is the six. Asked in 2026 to rate herself out of ten, she answered instantly and low, months before the only 40-point/10-assist game in WNBA history.

**What made the draft:**
- **Bespoke section** — an annotated box score from July 17, 2026, read row by row. The payoff row: the greatest individual game in league history came inside a three-point escape against the league's worst team. That's the number she'd start with.
- **Critic pressure** — Sheryl Swoopes conceded in full before the type lens is applied. Her timeline claim was right.
- **Empathy turn** — the on-court fury read as entitlement, reframed by the fact that a sports psychologist had to assign her a facial expression. It reframes without excusing; teammates still absorbed it.
- **Falsifiable spine** — 223 turnovers against a prior record of 137 is the disconfirming evidence, kept visible and resolved rather than buried.

Two things worth your call: I flagged her ease inside the commercial machine as the softest seam in the typing (noted in the memo and the Rabbit Hole counterarguments rather than smoothed over), and the ESPN transcript attribution is deliberately conservative.

Durable evidence file is at `docs/content-analysis/research/Caitlin-Clark.md` for the downstream perspective-research stage. One lint warning remains — no `faqs` in frontmatter — which is the enrich stage's job, not this command's. No grade was assigned; that's `/grade_blog`.
[Stage 1] create finished 02:16:05 (exit=0, 961s)

─────────────────────────────────────────────────────
[Stage 2] fresh_eyes  (started 02:16:07)
Command: /blog_content_fresh_eyes_people Caitlin-Clark
Log:     /Users/djwayne/9takes/docs/content-analysis/pipeline-logs/2026-08-05_020002_caitlin-clark/2_fresh_eyes.log
─────────────────────────────────────────────────────
Reviewed `src/blog/people/drafts/Caitlin-Clark.md` and appended the `FRESH EYES REVIEW` block at the bottom. No body edits.

**The two biggest flags:**

1. **The draft skips the two most famous unclosed items on her ledger** — she lost the national championship game twice and never won one, and she was left off the 2024 Olympic team. For a piece whose whole thesis is "the audit never closes," those are the audit. Her own quotes on both are gifts for the Type 1 read (on the Olympic snub she basically conceded the case against herself), and neither appears anywhere.

2. **Angel Reese and the race discourse are entirely absent.** Any reader who knows Clark notices this immediately, and it's the hardest available test of the typing: she's at the center of a racialized fight she didn't start, and her moral account of herself is exactly what's at stake. The draft already has the raw material — "Black women that grew up making this league what it is deserve all the credit" — but files it in the Rabbit Hole as a wing-2 footnote. Swoopes is the safe critic; this is the real one.

Also worth knowing before the next pass: "That is the empathy turn" is house vocabulary sitting on the page, the Bluder-throws-her-out-of-practice fact is referenced three times and never rendered as a scene, and the fingerprint ledger's "0 contrast pairs" undercounts — the same "not X, but Y" move fires four times in four consecutive sections.

Sources for the reality check: [Yahoo Sports on the title losses](https://sports.yahoo.com/articles/caitlin-clark-answers-not-winning-143000121.html), [SI on the Olympic snub reaction](https://www.si.com/onsi/womens-fastbreak/news/caitlin-clark-reveals-raw-reaction-to-team-usa-olympics-snub-01jerjzdgfcg), [Salon on the Clark–Reese discourse](https://www.salon.com/2025/05/28/caitlin-clark-and-angel-reeses-rivalry-reveals-the-ugly-side-of-the-wnbas-rise/), [Hawk Central on the Fever's August 2026 record](https://www.hawkcentral.com/story/sports/college/iowa/basketball-women/2026/08/02/caitlin-clark-stats-points-indiana-fever-minnesota-today/91139388007/).
[Stage 2] fresh_eyes finished 02:18:58 (exit=0, 171s)

─────────────────────────────────────────────────────
[Stage 3] second_pass  (started 02:18:58)
Command: /blog_content_second_pass_people Caitlin-Clark
Log:     /Users/djwayne/9takes/docs/content-analysis/pipeline-logs/2026-08-05_020002_caitlin-clark/3_second_pass.log
─────────────────────────────────────────────────────
Second pass done on `src/blog/people/drafts/Caitlin-Clark.md`.

## What changed

**Source audit first (per priority 1).** Went from 4 quotes / 2 inline / 1 vague / 1 untagged → **5 quotes, 5 inline, 0 vague, 0 untagged**. The epigraph was untagged *and* slightly misquoted; it's now the verbatim Fever-practice line with attribution. The cold open was re-anchored to the actual interview: Malika Andrews / ESPN, June 2026, using her real words ("Honestly, I think I'm at a six, probably").

**One thing to veto if you want:** I added `'ESPN'` to the OUTLETS array in `scripts/blog-source-audit.mjs:322`. It was absent, so every dated ESPN citation on any athlete graded vague no matter how precisely sourced — same gap the script's own comments describe for Dexerto, Club Shay Shay, etc. One line, additive, unambiguous all-caps token. The draft's attributions are traceable either way.

**Two new sections, both from the fresh-eyes gaps:**
- `Why Caitlin Clark never won a national championship` — the missing career spine (staying home, the logo threes, passing Maravich's 3,667 on a free throw *she didn't notice*, the 18.9M-viewer final) carrying both title-game losses and the Olympic snub. The Goldman Sachs "doesn't keep me up at night" quote and the TIME "who are you taking off the team" quote land here. Her arguing the selection committee's case against herself is the strongest single beat in the piece now.
- `Why Caitlin Clark's fame turned into a fight about race` — replaces the standalone Swoopes section and folds Swoopes in as the soft critic before the hard one. Carter hip-check, the June 2024 "using my name to push those agendas," the TIME privilege quote, the "fabricated" Reese line, then the July 2026 Andrews sit-down. Payoff is the fear beat you asked for: why "not dominating" bounces and an accusation about character can't.

**A correction that matters:** the draft asserted three times that Bluder "threw her out of practice." She was whistled for a technical during a drill against the scout team and was back in for the next one. It's now rendered once as a scene with the accurate detail, and the two later references are clauses.

**Also:** cut the house vocabulary ("That is the empathy turn," "That correction is the whole diagnosis"), rebuilt the box-score table on verified numbers only (dropped the 11-of-18 FG and 4-turnover rows I couldn't source; added 17-of-19 from the line), added a peak-moment interior beat so the hotel room isn't the only inside view, and rewrote two of the four "not X, Y" constructions.

**Rejected one note:** moving the childhood section later. The new championship section solves the underlying problem — the reader now watches her lose with stakes before hitting the 2026 material — without breaking the bike bookend.

## Still open

`blog-lint`: 0 fail, 3 warn. The piece sits at **4485 words against a 4500 ceiling**, so there is no headroom left; anything an editor pass adds has to come out somewhere else. Frontmatter `faqs` still hasn't been enriched. The wider season of hard fouls and officiating is still only the Carter incident plus a clause — no room for it. And I trimmed the Cynthia Cooper quote to a fragment purely for length; worth restoring if an editor pass frees words.
[Stage 3] second_pass finished 02:37:05 (exit=0, 1087s)

─────────────────────────────────────────────────────
[Stage 4] cohesion  (started 02:37:05)
Command: /cohesion-check src/blog/people/drafts/Caitlin-Clark.md
Log:     /Users/djwayne/9takes/docs/content-analysis/pipeline-logs/2026-08-05_020002_caitlin-clark/4_cohesion.log
─────────────────────────────────────────────────────
## Cohesion Check Complete: `src/blog/people/drafts/Caitlin-Clark.md`

**Before: 7/10 → After: 9/10**

**Central thesis:** Clark is a Type 1 who grades hours and correct decisions rather than results, so no outcome can close the audit — which is why she instantly rates herself a six.

The through-line was already strong. The problem was mechanical: six of eight section seams were cold starts, because the sections were written as excellent standalone units and then butted together.

### Changes made (13 total)

**Transition fixes (8)** — each carries a keyword forward; none is a generic "now let's look at" connective:

| Seam | Before | Bridge added |
|---|---|---|
| intro → H2 1 | Broken loop | "The six came out fast because the audit had already run." |
| H2 1 → H2 2 | Adequate | "She learned to carry it early." |
| H2 2 → H2 3 | **Weak** | "Take that standard somewhere the result counts." |
| H2 3 → H2 4 | Weak | "She runs the numbers on her best nights too." |
| H2 4 → H2 5 | Adequate | "Remember what she wanted to know about those ten assists." |
| H2 6 → H2 7 | Adequate | "That charge does not come from nowhere." |
| H2 7 → H2 8 | **Weak** | "In 2025 the fire had nothing to burn." |
| H2 8 → H2 9 | Adequate | "…and she is spending the hours again." |

The most valuable one is the first. Your cold open ends on "None of it explains how fast the number came out" and the diagnosis section never actually answered it — the open loop stayed open through the whole piece.

**Redundancy cuts (5)** — these funded the bridges against your hard 4500-word fail:
- "She is the most-watched athlete in her sport" (verbatim repeat of the cold open)
- "That is the whole formative mechanism in one anecdote" (same self-grading species as the "empathy turn" label fresh eyes cut)
- "The reframe does not clear her" (said again 3 paragraphs later, better)
- Rabbit Hole wing: a sentence restating the paragraph above it, which was also one of the flagged "not X, Y" shapes — negative-parallelism count is now 1
- Rabbit Hole counterarguments: the Three case re-ran the body's four data points sentence by sentence; compressed to one clause pointing back at the diagnosis, all four points kept

**Net: 4485 → 4490 words.** Still under ceiling. Lint unchanged at 0 fail, 3 warn; no new contrast pairs, no em-dashes, type-answer block still 55 words.

### Preserved
All frontmatter, the box-score table and its final row, the turnover resolution, the bike bookend, every internal link, all quote attributions, and the childhood section's position.

### Two things I left for you
1. **H2 3 is titled "Why Caitlin Clark never won a national championship" and never answers the why.** It's a search-intent heading and the section itself is strong, but someone landing from that exact query gets an account of the losses rather than a cause. Fixing it means either a new sentence you don't have the words for, or a heading change.
2. **The commercial seam** in H2 6 stays open — your ledger marks it unresolved-by-design, so I didn't touch it. Worth confirming that's still the call, since it's the one place a reader can feel the piece decline to land.
[Stage 4] cohesion finished 02:44:29 (exit=0, 444s)

─────────────────────────────────────────────────────
[Stage 4.1] perspective_snapshot  (started 02:44:29)
Command: node /Users/djwayne/9takes/scripts/perspective-review-gate.mjs --phase snapshot --draft src/blog/people/drafts/Caitlin-Clark.md --review-dir docs/content-analysis/perspective-reviews/Caitlin-Clark/2026-08-05_020002 --subject Caitlin-Clark
Log:     /Users/djwayne/9takes/docs/content-analysis/pipeline-logs/2026-08-05_020002_caitlin-clark/4.1_perspective_snapshot.log
─────────────────────────────────────────────────────
ok    frozen draft: src/blog/people/drafts/Caitlin-Clark.md
ok    snapshot sha256: 4573f054476806a5f939660a6be57fbeafce53b0941d183d6fb2df9b186a2925
ok    review directory: docs/content-analysis/perspective-reviews/Caitlin-Clark/2026-08-05_020002
[Stage 4.1] perspective_snapshot finished (exit=0, 0s)

─────────────────────────────────────────────────────
[Stage 4.2] perspective_evidence  (started 02:44:29)
Command: /blog_perspective_research_people Caitlin-Clark --review-dir=docs/content-analysis/perspective-reviews/Caitlin-Clark/2026-08-05_020002 --draft-sha=4573f054476806a5f939660a6be57fbeafce53b0941d183d6fb2df9b186a2925
Log:     /Users/djwayne/9takes/docs/content-analysis/pipeline-logs/2026-08-05_020002_caitlin-clark/4.2_perspective_evidence.log
─────────────────────────────────────────────────────
All ten required H2 headings present, frontmatter matches `context.json` exactly, and the frozen draft's SHA is unchanged.

**Artifact:** `docs/content-analysis/perspective-reviews/Caitlin-Clark/2026-08-05_020002/evidence-packet.md`

**Largest unresolved evidence gap:** the practice-ejection scene (CLM-05). The draft renders it as one specific incident — Iowa starters against a scout team, "the blue squad," reserves and walk-ons, Bluder whistling a technical mid-drill and sending Clark off the floor, Clark back in for the next drill. The only located account is Jan Jensen on *Talkin' Hawks with The VandeBergs*, who says Bluder "kicked her out of practice and gave her a technical **and those things**" — plural and habitual, with no scout team, no blue squad, and no return. Bluder separately describes practice technicals as a recurring management tool, and Clark's own comment on it is "That hasn't happened in a while." Only "technical" and "practice" are sourced; every other specific is unsupported. This matters disproportionately because the scene is referenced three times and is the concrete anchor of the draft's Three-vs-One tiebreaker. Both source URLs refused direct fetch (HTTP 403 and 405), so resolving it requires listening to the Jensen podcast episode.

Four other findings reviewers will want in hand:

- **CLM-13** — TIME's Olympic-snub material has Clark conceding the roster math *and* maintaining she was good enough. The draft presents only the concession, in the paragraph doing its heaviest typing work.
- **CLM-08** — Her Maravich-record quote ("Not really. When they announced it and everybody screamed, that's when I knew") is weaker than the draft's "she had not realized it happened."
- **CLM-15** — The Swoopes block quote reads "hella good numbers"; every located source renders it "helluva numbers."
- **CLM-29** — "Third in the league in scoring" doesn't check out cleanly; one leaderboard snapshot has Clark second in PPG. "Second in assists" is confirmed. This is a same-week verifiable number.

The pass also *resolved* two limitations the upstream research file had flagged as open: the ESPN interviewer is confirmed as Malika Andrews (June 2026), and Bluder's "Caitlin is a perfectionist" quote is sourceable to KCRG, February 1, 2025.
[Stage 4.2] perspective_evidence finished 02:57:37 (exit=0, 788s)

─────────────────────────────────────────────────────
[Stage 4.3] perspective_packet_gate  (started 02:57:37)
Command: node /Users/djwayne/9takes/scripts/perspective-review-gate.mjs --phase packet --review-dir docs/content-analysis/perspective-reviews/Caitlin-Clark/2026-08-05_020002
Log:     /Users/djwayne/9takes/docs/content-analysis/pipeline-logs/2026-08-05_020002_caitlin-clark/4.3_perspective_packet_gate.log
─────────────────────────────────────────────────────
ok    shared evidence packet is complete and tied to the frozen draft
[Stage 4.3] perspective_packet_gate finished (exit=0, 0s)

─────────────────────────────────────────────────────
[Stage 4.4] perspective_jury (six isolated reviews in parallel)
Snapshot: docs/content-analysis/perspective-reviews/Caitlin-Clark/2026-08-05_020002/draft-reviewed.md
Evidence: docs/content-analysis/perspective-reviews/Caitlin-Clark/2026-08-05_020002/evidence-packet.md
─────────────────────────────────────────────────────
  starting subject → /Users/djwayne/9takes/docs/content-analysis/pipeline-logs/2026-08-05_020002_caitlin-clark/4.4_perspective_subject.log
  starting fan → /Users/djwayne/9takes/docs/content-analysis/pipeline-logs/2026-08-05_020002_caitlin-clark/4.4_perspective_fan.log
  starting critic → /Users/djwayne/9takes/docs/content-analysis/pipeline-logs/2026-08-05_020002_caitlin-clark/4.4_perspective_critic.log
  starting unfamiliar → /Users/djwayne/9takes/docs/content-analysis/pipeline-logs/2026-08-05_020002_caitlin-clark/4.4_perspective_unfamiliar.log
  starting enneagram → /Users/djwayne/9takes/docs/content-analysis/pipeline-logs/2026-08-05_020002_caitlin-clark/4.4_perspective_enneagram.log
  starting future → /Users/djwayne/9takes/docs/content-analysis/pipeline-logs/2026-08-05_020002_caitlin-clark/4.4_perspective_future.log
  subject finished (562s)
  fan finished (562s)
  critic finished (562s)
  unfamiliar finished (599s)
  enneagram finished (599s)
  future finished (599s)

─────────────────────────────────────────────────────
[Stage 4.5] perspective_reviews_gate  (started 03:07:36)
Command: node /Users/djwayne/9takes/scripts/perspective-review-gate.mjs --phase reviews --review-dir docs/content-analysis/perspective-reviews/Caitlin-Clark/2026-08-05_020002
Log:     /Users/djwayne/9takes/docs/content-analysis/pipeline-logs/2026-08-05_020002_caitlin-clark/4.5_perspective_reviews_gate.log
─────────────────────────────────────────────────────
ok    subject review complete
ok    fan review complete
ok    critic review complete
ok    unfamiliar review complete
ok    enneagram review complete
ok    future review complete
[Stage 4.5] perspective_reviews_gate finished (exit=0, 0s)

─────────────────────────────────────────────────────
[Stage 4.6] perspective_synthesis  (started 03:07:36)
Command: /blog_perspective_synthesis_people Caitlin-Clark --review-dir=docs/content-analysis/perspective-reviews/Caitlin-Clark/2026-08-05_020002 --draft-sha=4573f054476806a5f939660a6be57fbeafce53b0941d183d6fb2df9b186a2925
Log:     /Users/djwayne/9takes/docs/content-analysis/pipeline-logs/2026-08-05_020002_caitlin-clark/4.6_perspective_synthesis.log
─────────────────────────────────────────────────────
Synthesis written to `docs/content-analysis/perspective-reviews/Caitlin-Clark/2026-08-05_020002/synthesis.md`.

**10 P0 · 11 P1 accepted · 5 research-required · 11 protected hits · requires_revision: true**

All six perspectives recorded `delight: clear_hit` and all six said revise. The argument is sound; the evidence handling is what breaks.

The organizing finding — four perspectives arrived at it independently, and I confirmed all four instances against the frozen text — is that **every time Clark pairs self-criticism with self-assertion, the draft keeps the criticism and drops the assertion.** The ESPN obsession quote is cut mid-sentence at "because I want to be the best player in the world" (and truncated at the identical comma again in the Rabbit Hole). The Olympic paragraph drops her simultaneous insistence she was good enough. "We'll have to see" is absent. "The fire is what makes me, me" is absent. Those are the exact three points the pre-write memo names as its Type 1 vs Type 3 tiebreakers.

Three other P0s sit outside that pattern: the practice scene is specified far past its sourcing and *reverses* its only named account; the Rabbit Hole's falsification list cites an interior monologue the article invented four sections earlier; and the subtype section defines the sexual instinct in a way this site's own Type 1 pillar contradicts, one paragraph from a link to that pillar.

**Most important protected hit:** the H2 5 turnover-resolution paragraph — named by all six reviewers, the only passage every seat independently called the article's reason to exist. P0-05 changes one sentence of its *framing* (mark the mechanism as inference, since Clark has never described her standard that way and a competing first-person account exists); nothing else touches it, and it must not be compressed to fund any other edit.

Three things worth flagging to you directly:

- **The ten P0 repairs are roughly word-neutral** — five free words, five cost a clause. They fit inside the 4,500 ceiling as-is (body is at 4,494). The P1s are where the ceiling bites: four of them cost ~95 words that don't exist. I named three funding sources no reviewer protects and made a recommendation, but the reserve-vs-scope call is yours.
- **The Swoopes misquote originates upstream.** "Those are hella good numbers" is verbatim in `docs/content-analysis/research/Caitlin-Clark.md:128`. The draft faithfully reproduced a bad research file — fix both, or it returns on the next refresh and in every future piece built from that research.
- **One conflict I settled with a direct check:** the critic wanted "draining" and "shoulders tense" verified or cut as unlocated. Both are verbatim ("It's draining." / "It makes your shoulders tense."). The draft is correct, packet CLM-20 resolves in its favor, and I logged it as not-to-be-re-raised.

Sources used for adjudication: [Yahoo Sports — McNutt criticism](https://sports.yahoo.com/articles/espn-monica-mcnutt-criticizes-caitlin-165559733.html), [AOL — ESPN host flips criticism back on Caitlin Clark](https://www.aol.com/articles/espn-host-flips-criticism-back-161906000.html).
[Stage 4.6] perspective_synthesis finished 03:20:45 (exit=0, 789s)

─────────────────────────────────────────────────────
[Stage 4.7] perspective_synthesis_gate  (started 03:20:45)
Command: node /Users/djwayne/9takes/scripts/perspective-review-gate.mjs --phase synthesis --review-dir docs/content-analysis/perspective-reviews/Caitlin-Clark/2026-08-05_020002
Log:     /Users/djwayne/9takes/docs/content-analysis/pipeline-logs/2026-08-05_020002_caitlin-clark/4.7_perspective_synthesis_gate.log
─────────────────────────────────────────────────────
ok    perspective synthesis is complete and actionable
[Stage 4.7] perspective_synthesis_gate finished (exit=0, 1s)

─────────────────────────────────────────────────────
[Stage 5] editor_pass  (started 03:20:46)
Command: /blog_content_editor_pass_people Caitlin-Clark --perspective-review-dir=docs/content-analysis/perspective-reviews/Caitlin-Clark/2026-08-05_020002
Log:     /Users/djwayne/9takes/docs/content-analysis/pipeline-logs/2026-08-05_020002_caitlin-clark/5_editor_pass.log
─────────────────────────────────────────────────────
Polished `src/blog/people/drafts/Caitlin-Clark.md` against the six-perspective synthesis.

**The core problem wasn't prose, it was evidence handling — and it was directional.** Four reviewers independently found the same pattern: every time Clark paired self-criticism with self-assertion, the draft kept the criticism and dropped the assertion, manufacturing a more self-flagellating person than the record contains. All four instances are restored, including the block quote that had been cut mid-sentence (twice) at the exact clause contradicting the argument built on it.

**All 10 P0s fixed.** Highlights: the Swoopes block quote said "hella good numbers," which no source uses — traced upstream to `research/Caitlin-Clark.md:129` and fixed both files so it can't re-propagate. The Rabbit Hole's falsification list was citing the article's own invented interior monologue as disconfirming evidence. The subtype section defined the sexual instinct in a way our own Type 1 pillar contradicts, one paragraph from a link to that pillar.

**Two research questions resolved from text, one not.** RQ-03 pinned the "toxic part of me" turnover quote to Sue Bird's *Bird's Eye View* (SI, Aug 2025), which upgraded the central mechanism repair from "mark it as inference" to quoting her competing account and naming a falsifier — the article's weakest-sourced paragraph is now its most testable. RQ-02 came back negative, confirming the practice scene was invented specificity; it's de-specified to what Jensen and Bluder support. **RQ-01 I could not resolve** — it needs ten seconds of video — so I removed the draft's dependency on it rather than publish an unverified tempo claim.

**Exit checks:** `blog-lint.sh` 0 fail, 3 warn. Contrast-pair engines **0 strong** (1 comparative, inside the protected filter paragraph). 0 prose em-dashes. All 11 protected hits verified present; the mechanism sentence is verbatim. `lastmod` untouched.

**Two things you should know:**

The word ceiling bit hard. The strong P0-05 repair cost more than the synthesis budgeted, so I funded it by cutting material reviewers flagged as weak — TL;DR bullet 3, the unsourced wing quote (the article's only unledgered quotation), two unsourced superlatives, and a Rabbit Hole paragraph my own subtype fix had made redundant. Body landed at **4,497 of 4,500**.

That leaves **the one decision I didn't make**: the October postseason refresh is not optional and has three words of headroom. Either this page gets a one-time `BLOG_LINT_WORD_CEILING` exception, or someone cuts ~150 words before adding anything. The synthesis called it a pipeline-policy call, and I agree — it's yours.

Resolution artifact: `docs/content-analysis/perspective-reviews/Caitlin-Clark/2026-08-05_020002/editor-resolution.md`.

The draft reads as production-ready to me, but it hasn't cleared the gate — `/blog_perspective_verify_people` checks that independently, and it should run before publish.
[Stage 5] editor_pass finished 03:41:09 (exit=0, 1223s)

─────────────────────────────────────────────────────
[Stage 5.05] perspective_editor_resolution_gate  (started 03:41:09)
Command: node /Users/djwayne/9takes/scripts/perspective-review-gate.mjs --phase resolution --review-dir docs/content-analysis/perspective-reviews/Caitlin-Clark/2026-08-05_020002 --resolution-file editor-resolution.md
Log:     /Users/djwayne/9takes/docs/content-analysis/pipeline-logs/2026-08-05_020002_caitlin-clark/5.05_perspective_editor_resolution_gate.log
─────────────────────────────────────────────────────
ok    editor-resolution.md is complete and tied to the frozen draft
[Stage 5.05] perspective_editor_resolution_gate finished (exit=0, 0s)

─────────────────────────────────────────────────────
[Stage 6] enrich_frontmatter  (started 03:41:09)
Command: /blog_content_frontmatter_enrich_people Caitlin-Clark
Log:     /Users/djwayne/9takes/docs/content-analysis/pipeline-logs/2026-08-05_020002_caitlin-clark/6_enrich_frontmatter.log
─────────────────────────────────────────────────────
```
Frontmatter enrichment complete: Caitlin-Clark
```

**Fields filled:** `wikidata_qid`, `imdb_id`, `birth_date`, `birth_place`, `nationality`, `occupation`, `knows_about`, `keywords`, `same_as`, `citations`, `faqs`

**Fields already present (preserved):** `wikipedia`, `twitter`, `instagram`, `tiktok` (empty, creator-owned), `production_pretext`

**Key values verified:**
- `wikidata_qid: Q106298476` — Wikidata search, "American basketball player (born 2002)"
- `birth_date: 2002-01-22` / `birth_place: Des Moines, Iowa, United States` — Wikidata P569 + P19 (Q39709 = Des Moines) agree with Wikipedia
- `imdb_id: nm14710113` — see caveat below

**FAQs generated (5)** — all five anchors resolve to real H2 slugs in the body (verified programmatically):
1. What is Caitlin Clark's personality type? → `#what-is-caitlin-clarks-personality-type`
2. Why did Caitlin Clark rate herself a six out of ten? → `#caitlin-clark-is-still-going-to-the-gym-about-it`
3. Why does Caitlin Clark have the WNBA single-season turnover record? → `#why-caitlin-clark-set-the-wnba-turnover-record`
4. Why does Caitlin Clark look angry when she plays? → `#why-caitlin-clark-looks-angry-when-she-plays`
5. How does Caitlin Clark handle criticism? → `#why-caitlin-clarks-fame-turned-into-a-fight-about-race`

Frontmatter parses clean through gray-matter; no em-dashes; `lastmod` untouched at `2026-08-05`; body not modified.

**Issues:**

- **The body has zero external hyperlinks.** Every source is named in prose only (ESPN, TIME, The Gazette, Yahoo Sports, Netflix, Gil's Arena, Talks at GS). I built `citations` by searching out and confirming the real URLs behind the load-bearing attributions rather than fabricating them — TIME's Athlete of the Year piece (confirmed to contain the "as a white person, there is privilege" quote), The Gazette's Jeff Linder retirement profile (confirmed to contain the Bluder leadership quote), and two Yahoo Sports pieces covering the six-out-of-ten interview and the "draining" All-Star complaint. This is a content-quality gap worth fixing upstream: the article cites well but links nothing.
- **`imdb_id` is lower-confidence than usual.** Wikidata has no P345 claim for her. `nm14710113` is confirmed by IMDb search results matching name, birth date (22 January 2002), state (Iowa), and basketball-broadcast credits — that satisfies the command's WebSearch fallback, but it isn't Wikidata-backed. Easy to drop if you'd rather omit it.
- Britannica (`biography/Caitlin-Clark`) is confirmed via Wikidata P1417 rather than direct fetch; the page 403s to automated requests.
- `same_as` has 4 entries (spec range is 3–6). I left out Basketball-Reference because I couldn't verify the WNBA URL path without guessing.
- The SECOND PASS NOTES line "No faqs in frontmatter — the enrich stage has not run" is now stale. Also note this draft has no `path:` or `content_quality:` block yet, which the grader stage adds.
[Stage 6] enrich_frontmatter finished 03:45:43 (exit=0, 274s)

─────────────────────────────────────────────────────
[Stage 6.1] perspective_verify  (started 03:45:43)
Command: /blog_perspective_verify_people Caitlin-Clark --review-dir=docs/content-analysis/perspective-reviews/Caitlin-Clark/2026-08-05_020002 --draft-sha=4573f054476806a5f939660a6be57fbeafce53b0941d183d6fb2df9b186a2925 --output=verification-initial.md
Log:     /Users/djwayne/9takes/docs/content-analysis/pipeline-logs/2026-08-05_020002_caitlin-clark/6.1_perspective_verify.log
─────────────────────────────────────────────────────
**Output:** `docs/content-analysis/perspective-reviews/Caitlin-Clark/2026-08-05_020002/verification-initial.md`

- **verification_status:** `pass`
- **open_p0:** 0
- **protected_hit_regressions:** 0
- **final_content_sha256:** `e38aaaea002f5336799727e838fa9ca2f88826d2e048628170a038c4818438ea`

Snapshot SHA matched `context.json`, `synthesis.md`, `editor-resolution.md`, and the supplied `--draft-sha`. All ten P0 acceptance tests pass against the current text, all eleven accepted P1s plus P2-02 are complete, and all eleven `PROTECT-*` items survive verbatim or with only the changes the synthesis authorized. The two hits the editor logged as "spent" (the walk-on gloss, PROTECT-08's follow-through) were both pre-adjudicated by the synthesis, so neither scores as a regression.

Four non-blocking items are recorded in Remaining work — the sharpest is a stale `SECOND PASS NOTES` line instructing a future editor to restore the Cynthia Cooper sentence that P0-09 cut, and a Sue Bird podcast date in the body that conflicts with the packet's own dating. Lint: 0 fail, 2 warn.
[Stage 6.1] perspective_verify finished 03:52:50 (exit=0, 427s)

─────────────────────────────────────────────────────
[Stage 6.2] perspective_verification_gate  (started 03:52:50)
Command: node /Users/djwayne/9takes/scripts/perspective-review-gate.mjs --phase verification --draft src/blog/people/drafts/Caitlin-Clark.md --review-dir docs/content-analysis/perspective-reviews/Caitlin-Clark/2026-08-05_020002 --verification-file verification-initial.md
Log:     /Users/djwayne/9takes/docs/content-analysis/pipeline-logs/2026-08-05_020002_caitlin-clark/6.2_perspective_verification_gate.log
─────────────────────────────────────────────────────
ok    perspective verification covers the current reader-visible draft
[Stage 6.2] perspective_verification_gate finished (exit=0, 0s)

─────────────────────────────────────────────────────
[Stage 6.5] lint (deterministic checks — scripts/blog-lint.sh)
Log:     /Users/djwayne/9takes/docs/content-analysis/pipeline-logs/2026-08-05_020002_caitlin-clark/6.5_lint.log
─────────────────────────────────────────────────────
ok    frontmatter field present: title
ok    frontmatter field present: meta_title
ok    frontmatter field present: persona_title
ok    frontmatter field present: description
ok    frontmatter field present: author
ok    frontmatter field present: date
ok    frontmatter field present: enneagram
ok    frontmatter field present: person
ok    frontmatter field present: suggestions
ok    frontmatter field present: production_pretext
ok    description length 152 chars
ok    meta_title length 55 chars
ok    meta_title contains a searchable head term
ok    meta_title contains a person-name token
ok    required H2 'What is [Person]'s personality type?' present
ok    required H3 '[Person] is an Enneagram Type X' present
ok    type-answer opening block is extractable (55 words)
ok    Enneagram Rabbit Hole block present (exactly one)
ok    TL;DR accordion present
ok    firstLetter intro paragraph present
ok    ledger present: TESTIMONY LEDGER
ok    ledger present: HEADING MIX LEDGER
ok    ledger present: DISTRIBUTION LEDGER
ok    ledger present: FORMULA FINGERPRINT LEDGER
ok    no self-loop links
ok    no visible FAQ section in body
ok    no templated FAQ filler
ok    no unfinished markers
ok    faqs present and FAQPage-eligible (5 real Q/A pairs)
ok    contrast-pair sentence engines: 0 strong (target <= 0)
WARN  comparative contrast patterns detected: 1 (review with blog-quality-report)
ok    internal link count: 4
WARN  body is 4497 words (ceiling 4500) — thin headroom for the next refresh
ok    no prose em-dashes (quote attributions exempt)
ok    no banned AI phrases

blog-lint: Caitlin-Clark — 0 fail, 2 warn
[Stage 6.5] lint passed

─────────────────────────────────────────────────────
[Stage 6.6] quality_report  (started 03:52:50)
Command: node /Users/djwayne/9takes/scripts/blog-quality-report.mjs src/blog/people/drafts/Caitlin-Clark.md
Log:     /Users/djwayne/9takes/docs/content-analysis/pipeline-logs/2026-08-05_020002_caitlin-clark/6.6_quality_report.log
─────────────────────────────────────────────────────
blog-quality-report: Caitlin-Clark
────────────────────────────────────────────────────────────
2.1 Contrast pairs: 1 total  (strong 0, comparative 1)
   compar. [more/less-than] L341: "You are not dominating" is a claim about output, and output is a number she is already grading more harshly than Swoopes ever could, so it 

2.4 Head-term: PASS  meta_title=Why Caitlin Clark Rates Herself a Six: Enneagram Type 1
   answer-block: ok (55 words; <=60)

1.4 Corpus-count drift: none (corpus total = 401)
[Stage 6.6] quality_report finished (exit=0, 1s)

─────────────────────────────────────────────────────
[Stage 6.7] source_audit  (started 03:52:51)
Command: node /Users/djwayne/9takes/scripts/blog-source-audit.mjs src/blog/people/drafts/Caitlin-Clark.md --fail-on-untagged-load-bearing
Log:     /Users/djwayne/9takes/docs/content-analysis/pipeline-logs/2026-08-05_020002_caitlin-clark/6.7_source_audit.log
─────────────────────────────────────────────────────
========================================================================
LOAD-BEARING SOURCE AUDIT — caitlin-clark  (Type 1)
src/blog/people/drafts/Caitlin-Clark.md
========================================================================

### EPIGRAPH
  [INLINE  ] "I think people forget at the end of the day, like, I care more than all of you. Like, I want to be the best."
             outlet="Yahoo Sports"  year=2026

### COLD OPEN
  [VAGUE   ] "Honestly, I think I'm at a six, probably,"
             year=2026
  [VAGUE   ] "I've only played 60 games in this league and I've played two playoff games. I'm only 24. Like I still feel like I have so much room to improve."
             year=2026
  [UNTAGGED] "We'll have to see,"
             — no outlet / year / venue —  (bare speech verb, no outlet/year/venue)

### DIAGNOSIS
  [INLINE  ] "I'm obsessed with the work. And then you get in the game and then you're competitive with it because you've been so obsessed with the time that you've put in. I come in here every single day and I want to put in the work and get everything "
             outlet="ESPN"  year=2026
  [INLINE  ] "To get her to become a good leader, it took time because she was so used to doing everything on her own. But she learned it, and she learned it really well."
             outlet="The Gazette"  year=2026

### EMPATHY TURN
  (no quoted material in slot)

### CLOSE
  (no quoted material in slot)

------------------------------------------------------------------------
SUMMARY: 6 load-bearing quote(s) — 3 inline, 2 vague, 1 untagged
  untagged quote in epigraph OR cold open: YES (blocks A/B+ per source standard)
  any untagged load-bearing quote:         YES
------------------------------------------------------------------------
[Stage 6.7] source_audit finished (exit=1, 0s)

─────────────────────────────────────────────────────
[Stage 6.8] same_type_similarity  (started 03:52:51)
Command: node /Users/djwayne/9takes/scripts/same-type-similarity.mjs src/blog/people/drafts/Caitlin-Clark.md --n 8 --fail-on-trip
Log:     /Users/djwayne/9takes/docs/content-analysis/pipeline-logs/2026-08-05_020002_caitlin-clark/6.8_same_type_similarity.log
─────────────────────────────────────────────────────
==============================================================================
SAME-TYPE ARGUMENT-SIMILARITY SCAN — caitlin-clark (Type 1)
/Users/djwayne/9takes/src/blog/people/drafts/Caitlin-Clark.md
==============================================================================

Target diagnosis+counter-typing units: 44
Comparison set (last 8 other Type-1 drafts by date):
  - Judge-Judy  (2026-05-25, 23 units)
  - hayao-miyazaki  (2026-05-21, 29 units)
  - martha-stewart  (2026-05-16, 12 units)
  - anna-wintour  (2026-05-13, 21 units)
  - mahatma-gandhi  (2026-05-06, 14 units)
  - ben-shapiro  (2026-05-03, 22 units)
  - michael-seibel  (2026-04-20, 49 units)
  - brene-brown  (2026-04-18, 17 units)

Noise floor over 8228 unit pairs:  median=0  p90=0  p99=0.008  max=0.066
Trip threshold: 0.04  →  clear


Most similar drafts (max unit-pair score):
  0.066 ###                  anna-wintour
  0.038 ##                   hayao-miyazaki
  0.034 #                    ben-shapiro
  0.031 #                    michael-seibel
  0.025 #                    martha-stewart
  0.024 #                    mahatma-gandhi
  0.018 #                    brene-brown
  0.014 #                    Judge-Judy

TOP SIMILAR SENTENCE/CLAUSE PAIRS:
------------------------------------------------------------------------------
score 0.066   caitlin-clark  <->  anna-wintour
   TARGET [diagnosis] I come in here every single day and I want to put in the work and get everything done because I want to be the best player in the world and I want to help this team win.
   OTHER  [diagnosis] They want to be the largest force in the room.

score 0.038   caitlin-clark  <->  hayao-miyazaki
   TARGET [diagnosis] Being the best player in the world is a standard
   OTHER  [diagnosis] A Type One believes that anything less than perfect is a form of moral failure — that the gap between how the world is and how it should be is their gap to close .

score 0.034   caitlin-clark  <->  ben-shapiro
   TARGET [diagnosis] But a Three protects the visible outcome and manages the room to keep the image intact.
   OTHER  [diagnosis] Shapiro keeps the receipts visible.

score 0.034   caitlin-clark  <->  ben-shapiro
   TARGET [diagnosis] because a result is somebody else's measurement of a night she has already graded herself.
   OTHER  [diagnosis] The frustration leaks out as criticism because the prosecutor has been working on the One's own case all day and somebody else's mistake just walked into court.

score 0.031   caitlin-clark  <->  michael-seibel
   TARGET [counter-typing] Clark converts them into the next audit.
   OTHER  [diagnosis] He fixes them by handing the next person the working version.

score 0.029   caitlin-clark  <->  hayao-miyazaki
   TARGET [diagnosis] Type Ones run a standing audit on their own conduct
   OTHER  [diagnosis] Type Ones are sometimes called Reformers

score 0.026   caitlin-clark  <->  michael-seibel
   TARGET [counter-typing] Clark converts them into the next audit.
   OTHER  [diagnosis] the One refuses to enter the next adventure until the current one is finished properly.

score 0.025   caitlin-clark  <->  martha-stewart
   TARGET [diagnosis] the records chased since high school
   OTHER  [diagnosis] A Reformer can absorb almost any outcome except the one where the verdict against them is on the record.

score 0.024   caitlin-clark  <->  michael-seibel
   TARGET [diagnosis] And then you get in the game and then you're competitive with it because you've been so obsessed with the time that you've put in.
   OTHER  [diagnosis] such a big market that investors look like idiots if they let race get in the way." The bar is the bar.

score 0.024   caitlin-clark  <->  mahatma-gandhi
   TARGET [counter-typing] The Three that competes here is the self-preservation Three
   OTHER  [diagnosis] It judges the self before it judges anyone else.

score 0.024   caitlin-clark  <->  michael-seibel
   TARGET [diagnosis] The six arrived with its evidence attached because the audit had already run.
   OTHER  [diagnosis] found a system someone he trusted had already validated

score 0.023   caitlin-clark  <->  michael-seibel
   TARGET [counter-typing] Every discriminator above is also sp-Three behavior.
   OTHER  [diagnosis] It is also what makes him a Type 1 with a 2 wing rather than a colder 1w9.

------------------------------------------------------------------------------
Top pair scores 0.066 vs median 0  (~∞x the noise floor).
[Stage 6.8] same_type_similarity finished (exit=0, 0s)

[pre-grade] No existing content_quality block on draft
─────────────────────────────────────────────────────
[Stage 7] grade  (started 03:52:51)
Command: /grade_blog Caitlin-Clark
Log:     /Users/djwayne/9takes/docs/content-analysis/pipeline-logs/2026-08-05_020002_caitlin-clark/7_grade.log
─────────────────────────────────────────────────────
## Grading Complete — Caitlin Clark

| Blog | Evid | Orig | Disc | Ennea | Writing | Hook | Overall | Grade |
|------|------|------|------|-------|---------|------|---------|-------|
| Caitlin-Clark | 6 | 7 | 9 | 9 | 8.5 | 9 | **7.9** | **C** |

`(6×1.5 + 7×1.5 + 9×1.5 + 9 + 8.5 + 9×0.5) / 7 = 7.9`. Discoverability 9, so no gate applied. Two caps drove the score.

### Key observations

**This is a strong draft held down by two mechanical caps.** Uncapped it scores 8.6 (B+), and it beats the Matt-Smith B anchor on evidence breadth, critic pressure, rabbit-hole quality, and interior work. I flagged `needs_review: true` because that 0.7-point swing is worth a human look.

**Evidence capped at 6 — untraceable load-bearing sources.** The typing spine is "two head coaches independently land on *perfectionist*," and neither coach quote has an outlet on the page: Bluder's has no outlet and no date, White's has a bare year. Jensen's corroborating testimony is paraphrased with its source (Talkin' Hawks) living only in a ledger comment. The entire numeric layer — the 223 turnovers, the 37-0 bench disparity, the whole box-score table, the August 2026 current-tense anchor — names no publisher anywhere. Also: the SECOND PASS NOTES claim "5 inline, 0 vague, 0 untagged," which `blog-source-audit.mjs` contradicts (3/2/1), and both later ledgers say faqs are missing when they're present. Stale ledgers asserting compliance they don't have.

**Originality capped at 7 on cross-draft sameness, not on the argument.** Against Nara-Smith, Stable-Ronaldo, and Tate-McRae (all graded 08-04), four house moves recur: the epigraph→cold-open→reframe furniture, the TL;DR bold-colon bullets, reader-command imperatives (8 here vs ~1 each in the comparators), and the return-to-origin-object close. The falsifier line is near-verbatim against Tate McRae's. Read one draft, invisible; read three, the machine shows.

**What's genuinely excellent and shouldn't be touched:** the turnover resolution (Ones grade correctness at the moment of decision, not arrival) resolves a real public contradiction and earns the typing better than any quote does. All three emotional-interior checks pass, and the empathy turn refuses to launder the behavior. Discoverability is near-perfect — metadata in-window, extractable 55-word answer block, 5 real FAQs, 7 of 9 search-intent headings.

**The gap is cheap to close.** Evidence 6→8 alone puts it at 8.3; adding the sameness fixes clears 8.5. Mostly it's attaching outlets to quotes and stats that already exist in the ledgers, cutting six imperatives, and changing the closing shape.

Sidecar written to `docs/content-analysis/grades/Caitlin-Clark.review.md`; frontmatter block added before the closing `---` (no `path:` field on this draft). No legacy `QUALITY GRADE` blocks were present to remove.

**Total graded this session: 1**
[Stage 7] grade finished 03:57:58 (exit=0, 307s)

[Stage 8] Revision loop triggered: overall 7.9 < 8.5; deterministic report warnings; 
─────────────────────────────────────────────────────
[Stage 8] revise  (started 03:57:58)
Command: /blog_content_revision_pass_people Caitlin-Clark --perspective-review-dir=docs/content-analysis/perspective-reviews/Caitlin-Clark/2026-08-05_020002
Log:     /Users/djwayne/9takes/docs/content-analysis/pipeline-logs/2026-08-05_020002_caitlin-clark/8_revise.log
─────────────────────────────────────────────────────
Revised `src/blog/people/drafts/Caitlin-Clark.md`. Triggered by grade **C (7.9)** — Evidence 6 and Originality 7, both capped. Lint had no FAILs going in, and perspective verification had already passed with 0 open P0s and 0 protected regressions, so the perspective side contributed its four non-blocking "Remaining work" items instead.

**Evidence — the whole B+ gap.** The typing spine now carries sources on the page. Bluder's "perfectionist" got KCRG, February 2025 (it had no outlet and no date at all); White's got Athlon Sports; Jensen's corroboration names Talkin' Hawks in the body, pulled from the testimony ledger where it was already sitting; the May 2026 grace quote got Yahoo Sports. The numeric layer got publishers — Guinness World Records on the 223, CBS Sports on the 37-0 bench, an AP header on the box-score table, the Fever's 2026-08-04 release on the current-tense paragraph. I also tagged the cold open's "We'll have to see" to ESPN: the grader excused it, but `blog-source-audit.mjs` treats an untagged cold-open quote as a hard B+ block. The audit moved from 3 inline / 2 vague / 1 untagged to **4 / 2 / 0**, flag cleared.

One thing the grader didn't name: the packet marks "top three in the league in scoring" as disputed and unverified. I cut it. "Top two in assists" is confirmed and stays.

**Originality.** Imperatives cut 8 → 2, keeping the two named. Three of the six were cohesion bridges, so they kept their carried keywords and lost only the imperative mood. I also converted a ninth the grader missed ("Read against the six…").

**The one conflict, and how I called it.** The grader wanted the closing shape changed off the return-to-origin-object move; the jury protected the bike bookend (PROTECT-07, named by four). I cut the setup sentence — which *is* the origin-object return — and kept "Nobody has told her the gap closed." verbatim as the last line, now attached to the arithmetic. "The gap" reads as the distance between her six and a ten, the bike keeps its H2 2 home, and the swap test still passes. Flagged explicitly in the resolution so the verifier adjudicates rather than infers.

**Rejected:** the minor note on H2 3 (wants words in a draft at the ceiling; the 37-0 disparity does answer it), and sameness moves 1–2 — the epigraph/cold-open furniture and TL;DR skeleton are template properties, not this draft's. Fixing them here breaks consistency with 400+ siblings for no reader gain, and they'll keep capping originality on every batch-graded draft until the template gets a decision. That's in the resolution's unresolved list.

**Lint: 0 fail, 2 warn** — both known and adjudicated (the protected H2 6 comparative pair, and 4,494 words against the 4,500 ceiling). The pass ran net-negative on words; funding cuts are itemized in the resolution.

Artifacts: `revision-resolution.md` in the review dir, and a REVISION PASS NOTES block on the draft. I left `content_quality` and `lastmod` untouched — the pipeline will clear the consumed sidecar and re-grade, and targeted perspective verification needs to rerun.

Two things worth your attention: the word ceiling is still a production call you own (the October postseason refresh needs either a one-time `BLOG_LINT_WORD_CEILING` exception or a ~150-word structural cut), and the template-level sameness decision will keep costing originality points on every draft until it's made.

Sources for the two facts I verified live: [SI on the Bird's Eye View episode](https://www.si.com/wnba/fever/caitlin-clark/indiana-fever-caitlin-clark-points-out-positive-in-toxic-turnover-trait-to-sue-bird-01k25d28wc9e) and [CBS Sports on the 37-0 bench disparity](https://www.cbssports.com/womens-college-basketball/news/south-carolina-wins-2024-national-title-gamecocks-freshmen-bench-depth-step-up-on-biggest-stage-vs-iowa/).
[Stage 8] revise finished 04:07:45 (exit=0, 587s)

─────────────────────────────────────────────────────
[Stage 8.2] perspective_revision_resolution_gate  (started 04:07:45)
Command: node /Users/djwayne/9takes/scripts/perspective-review-gate.mjs --phase resolution --review-dir docs/content-analysis/perspective-reviews/Caitlin-Clark/2026-08-05_020002 --resolution-file revision-resolution.md
Log:     /Users/djwayne/9takes/docs/content-analysis/pipeline-logs/2026-08-05_020002_caitlin-clark/8.2_perspective_revision_resolution_gate.log
─────────────────────────────────────────────────────
ok    revision-resolution.md is complete and tied to the frozen draft
[Stage 8.2] perspective_revision_resolution_gate finished (exit=0, 1s)

─────────────────────────────────────────────────────
[Stage 8.4] perspective_reverify  (started 04:07:46)
Command: /blog_perspective_verify_people Caitlin-Clark --review-dir=docs/content-analysis/perspective-reviews/Caitlin-Clark/2026-08-05_020002 --draft-sha=4573f054476806a5f939660a6be57fbeafce53b0941d183d6fb2df9b186a2925 --output=verification-final.md
Log:     /Users/djwayne/9takes/docs/content-analysis/pipeline-logs/2026-08-05_020002_caitlin-clark/8.4_perspective_reverify.log
─────────────────────────────────────────────────────
[2026-08-05 04:10:30] [INFO] Nightly blog cron starting (dry-run=0)
[2026-08-05 04:10:30] [INFO] BLOG IN PROGRESS: caitlin-clark — pipeline pid 49820 is alive; skipping tonight
[2026-08-05 04:10:30] [INFO] Nightly blog cron finished
**Output:** `docs/content-analysis/perspective-reviews/Caitlin-Clark/2026-08-05_020002/verification-final.md`

- **verification_status:** pass
- **open_p0:** 0
- **protected_hit_regressions:** 0

Snapshot integrity holds (frozen SHA matches the supplied `--draft-sha` and all four artifacts; the live whole-file SHA matches the one `revision-resolution.md` recorded, so nothing touched the draft after that pass). Final reader-visible hash: `5e5467d1…600690d8`.

Three things worth your attention:

- **PROTECT-07 adjudicated as intact.** The revision pass cut the bike setup sentence and asked for a ruling rather than inferring one. The protected line survives verbatim and still closes the article, and both hinges of the bookend (the bike, and "the gap is yours to close") remain in H2 2 — so the callback got wider, not broken. Not scored as a regression.
- **All nine new attributions traced.** I checked each publisher/date the Evidence pass added against the packet and reviews before accepting it; the 37-0 "CBS Sports" tag traces to the fan reviewer's research log rather than the packet, and the Talkin' Hawks venue carries the packet's own "episode not listened to" caveat.
- **Two non-blocking items you may want closed before publish:** the Sue Bird August 2025 date is now asserted twice with no URL or S-number anywhere in the artifacts while the packet still says 2024; and the ledger's "Reader-command imperatives: 2" is stated as a hard constraint when two more imperatives survive by design — the same stale-comment species as the Cooper instruction this pass just superseded.

Lint exit: 0 fail, 2 warn (4,494 words; the protected comparative pair). Source audit: 4 inline / 2 vague / 0 untagged, cold open clear.
[Stage 8.4] perspective_reverify finished 04:16:25 (exit=0, 519s)

─────────────────────────────────────────────────────
[Stage 8.45] perspective_reverification_gate  (started 04:16:25)
Command: node /Users/djwayne/9takes/scripts/perspective-review-gate.mjs --phase verification --draft src/blog/people/drafts/Caitlin-Clark.md --review-dir docs/content-analysis/perspective-reviews/Caitlin-Clark/2026-08-05_020002 --verification-file verification-final.md
Log:     /Users/djwayne/9takes/docs/content-analysis/pipeline-logs/2026-08-05_020002_caitlin-clark/8.45_perspective_reverification_gate.log
─────────────────────────────────────────────────────
ok    perspective verification covers the current reader-visible draft
[Stage 8.45] perspective_reverification_gate finished (exit=0, 0s)

─────────────────────────────────────────────────────
[Stage 8.5] lint (deterministic checks — scripts/blog-lint.sh)
Log:     /Users/djwayne/9takes/docs/content-analysis/pipeline-logs/2026-08-05_020002_caitlin-clark/8.5_lint.log
─────────────────────────────────────────────────────
ok    frontmatter field present: title
ok    frontmatter field present: meta_title
ok    frontmatter field present: persona_title
ok    frontmatter field present: description
ok    frontmatter field present: author
ok    frontmatter field present: date
ok    frontmatter field present: enneagram
ok    frontmatter field present: person
ok    frontmatter field present: suggestions
ok    frontmatter field present: production_pretext
ok    description length 152 chars
ok    meta_title length 55 chars
ok    meta_title contains a searchable head term
ok    meta_title contains a person-name token
ok    required H2 'What is [Person]'s personality type?' present
ok    required H3 '[Person] is an Enneagram Type X' present
ok    type-answer opening block is extractable (55 words)
ok    Enneagram Rabbit Hole block present (exactly one)
ok    TL;DR accordion present
ok    firstLetter intro paragraph present
ok    ledger present: TESTIMONY LEDGER
ok    ledger present: HEADING MIX LEDGER
ok    ledger present: DISTRIBUTION LEDGER
ok    ledger present: FORMULA FINGERPRINT LEDGER
ok    no self-loop links
ok    no visible FAQ section in body
ok    no templated FAQ filler
ok    no unfinished markers
ok    faqs present and FAQPage-eligible (5 real Q/A pairs)
ok    contrast-pair sentence engines: 0 strong (target <= 0)
WARN  comparative contrast patterns detected: 1 (review with blog-quality-report)
ok    internal link count: 4
WARN  body is 4494 words (ceiling 4500) — thin headroom for the next refresh
ok    no prose em-dashes (quote attributions exempt)
ok    no banned AI phrases

blog-lint: Caitlin-Clark — 0 fail, 2 warn
[Stage 8.5] lint passed

[pre-grade] Stripping existing content_quality block from src/blog/people/drafts/Caitlin-Clark.md for a clean re-grade
[pre-grade] Removing prior grade-feedback sidecar for Caitlin-Clark
─────────────────────────────────────────────────────
[Stage 9] post_revision_grade  (started 04:16:26)
Command: /grade_blog Caitlin-Clark
Log:     /Users/djwayne/9takes/docs/content-analysis/pipeline-logs/2026-08-05_020002_caitlin-clark/9_post_revision_grade.log
─────────────────────────────────────────────────────
## Grading Complete — Caitlin Clark

| Blog | Evid | Orig | Disc | Ennea | Writing | Hook | Overall | Grade |
|------|------|------|------|-------|---------|------|---------|-------|
| Caitlin-Clark | 8 | 8 | 9 | 9 | 8 | 9 | **8.4** | **B** |

`(8×1.5 + 8×1.5 + 9×1.5 + 9 + 8 + 9×0.5) / 7 = 8.4`. Discoverability 9 — no gate. No caps applied.

**This was a regrade.** The revision-pass notes record a first grade of C (7.9) with Evidence and Originality both capped. Both caps cleared: the source audit went to 4 inline / 2 vague / **0 untagged** (the untagged-in-cold-open flag that mechanically blocks B+ is gone), and the sameness cap lifted — reader-command imperatives are down to 2, the origin-object close is cut, and cross-draft reuse against Tate-McRae/Stable-Ronaldo/Nara-Smith comes back at 2 moves, under the 3-move cap. Stability delta +0.5.

### Key observations

- **Two genuinely good ideas.** The turnover resolution — she grades correctness at the moment of decision, not at the moment the ball arrives — turns the hardest fact against a perfectionist read into evidence for it, and ships with a stated falsifier. The criticism filter explains *which* attacks she answers and which bounce, and the prediction holds across three separate incidents. That pair carries the Enneagram 9.
- **Discoverability is the strongest dimension.** Real meta_title hook that still carries the query term, 151-char description, 5 FAQs on actual search questions, 7 of 9 search-intent headings, extractable 55-word answer block. Head-term check passes.
- **One ledger is lying.** The FORMULA FINGERPRINT LEDGER certifies the same-type similarity scan as "0.037, clear." It now returns **0.066 vs anna-wintour, over the 0.04 threshold**. The cause is benign — the tripping unit is a verbatim Clark quote the editor pass restored, scoring lexically against Wintour's authored prose — so I capped nothing for it. But the next pass will read that line as a pass. It needs rerunning.
- **The ceiling is thesis, not execution.** Every section proves the same claim and none complicate it, and the audit/ledger/column metaphor is one idea in six costumes. That plus a monochrome-serious register across 4,495 words is what holds Writing at 8. The B+ path is four mechanical fixes; the A path is a rewrite-level decision I'd leave alone.

Worth flagging separately: the body is at **4,495 words against a hard 4,500 ceiling**, and the October postseason update still has to fit. All four B+ suggestions in the sidecar are net-neutral or negative on word count for that reason.

**Total graded this session: 1**
[Stage 9] post_revision_grade finished 04:21:17 (exit=0, 291s)

[Stage 9.1] Running independent stability regrade on the final revised text
[pre-grade] Stripping existing content_quality block from src/blog/people/drafts/Caitlin-Clark.md for a clean re-grade
[pre-grade] Removing prior grade-feedback sidecar for Caitlin-Clark
─────────────────────────────────────────────────────
[Stage 9.1] stability_regrade  (started 04:21:17)
Command: /grade_blog Caitlin-Clark
Log:     /Users/djwayne/9takes/docs/content-analysis/pipeline-logs/2026-08-05_020002_caitlin-clark/9.1_stability_regrade.log
─────────────────────────────────────────────────────
## Grading Complete — Caitlin Clark

| Blog | Evid | Orig | Disc | Ennea | Writing | Hook | Overall | Grade |
|------|------|------|------|-------|---------|------|---------|-------|
| Caitlin-Clark | 8 | 7 | 8 | 9 | 8 | 8 | **7.9** | **C** |

(Weighted: `(8×1.5 + 7×1.5 + 8×1.5 + 9 + 8 + 8×0.5) / 7` = 55.5/7 = 7.9. Discoverability 8 ≥ 7, so no gate fired.)

### Key Observations

**This is the top of the C band and one cap away from a B.** Originality is capped at 7 on cross-draft sameness — uncapped I scored it 8.5, which would have landed the piece at 8.3. The cap is the entire difference.

**What's genuinely strong.** The turnover-record resolution ("she grades correctness at the moment of decision, not at the moment the ball arrives") takes the single hardest objection to a Type 1 read and converts it into the best evidence for it — and it ships a stated falsifier, which is rare. The criticism filter in H2 6 is the second real insight and produces the line the piece will be quoted on: "there is no gym she can go to about that." The rabbit hole catches that the body pressure-tested the *wrong* Three and re-discriminates on fear — strongest counter-typing in the recent batch. Enneagram Integration at 9 is earned: all three emotional-interior checks pass, the empathy turn uses her own vocabulary rather than house `not X, it was armor` grammar, and body bleed is minimal.

**Why the cap fired.** Against Nara-Smith, Tate-McRae and Stable-Ronaldo (all graded 08-04), four of seven tracked house moves are reused: the TL;DR `<b>The [number]:</b>` bullet skeleton, the epigraph→firstLetter→fragment cold-open furniture, aphoristic section closers at 7 of 9 sections, and the one-line return-to-the-wound close. The revision pass argued moves 1 and 2 are template-wide and out of scope — fair as a production call, but the rubric's exemption list covers only the rabbit-hole disclaimer and the four required heading patterns, so they still count.

**The revision pass's sourcing work landed.** The source audit went to 4 inline / 2 vague / 0 untagged with no untagged quote in the cold open, and the numeric spine now carries publishers (Guinness, Nielsen, CBS Sports, AP, Fever release). Evidence is 8, not capped. What remains is four specific untagged or loosely-tagged quotes, named individually in the sidecar.

**One ledger discrepancy worth knowing:** the FORMULA FINGERPRINT LEDGER claims 2 reader-command imperatives; the real count is 3 ("Pressure-test that against the obvious alternative" in H2 1 is uncounted). Otherwise the ledgers spot-checked accurate — better than typical for this pipeline.

Frontmatter block added to `src/blog/people/drafts/Caitlin-Clark.md:87`; feedback written to `docs/content-analysis/grades/Caitlin-Clark.review.md` (no prior sidecar existed; no legacy `QUALITY GRADE` block in the body to remove).

**Total graded this session: 1**
[Stage 9.1] stability_regrade finished 04:26:47 (exit=0, 330s)

─────────────────────────────────────────────────────
[Stage 9.2] record_grade_stability  (started 04:26:47)
Command: node /Users/djwayne/9takes/scripts/personBlogParser.js Caitlin-Clark --record-grade-stability --first-overall=8.4
Log:     /Users/djwayne/9takes/docs/content-analysis/pipeline-logs/2026-08-05_020002_caitlin-clark/9.2_record_grade_stability.log
─────────────────────────────────────────────────────
Recorded grade stability for Caitlin-Clark: 8.4 -> 7.9 (delta 0.5)
[Stage 9.2] record_grade_stability finished (exit=0, 1s)

═════════════════════════════════════════════════════
Pipeline complete for: caitlin-clark
Finished: Wed Aug  5 04:26:48 EDT 2026
All logs: /Users/djwayne/9takes/docs/content-analysis/pipeline-logs/2026-08-05_020002_caitlin-clark
LINT: passed
─────────────────────────────────────────────────────
[Stage 9.5] quality_report_after_revision  (started 04:26:48)
Command: node /Users/djwayne/9takes/scripts/blog-quality-report.mjs src/blog/people/drafts/Caitlin-Clark.md
Log:     /Users/djwayne/9takes/docs/content-analysis/pipeline-logs/2026-08-05_020002_caitlin-clark/9.5_quality_report_after_revision.log
─────────────────────────────────────────────────────
blog-quality-report: Caitlin-Clark
────────────────────────────────────────────────────────────
2.1 Contrast pairs: 1 total  (strong 0, comparative 1)
   compar. [more/less-than] L363: "You are not dominating" is a claim about output, and output is a number she is already grading more harshly than Swoopes ever could, so it 

2.4 Head-term: PASS  meta_title=Why Caitlin Clark Rates Herself a Six: Enneagram Type 1
   answer-block: ok (55 words; <=60)

1.4 Corpus-count drift: none (corpus total = 401)
[Stage 9.5] quality_report_after_revision finished (exit=0, 0s)

─────────────────────────────────────────────────────
[Stage 9.6] source_audit_after_revision  (started 04:26:48)
Command: node /Users/djwayne/9takes/scripts/blog-source-audit.mjs src/blog/people/drafts/Caitlin-Clark.md --fail-on-untagged-load-bearing
Log:     /Users/djwayne/9takes/docs/content-analysis/pipeline-logs/2026-08-05_020002_caitlin-clark/9.6_source_audit_after_revision.log
─────────────────────────────────────────────────────
========================================================================
LOAD-BEARING SOURCE AUDIT — caitlin-clark  (Type 1)
src/blog/people/drafts/Caitlin-Clark.md
========================================================================

### EPIGRAPH
  [INLINE  ] "I think people forget at the end of the day, like, I care more than all of you. Like, I want to be the best."
             outlet="Yahoo Sports"  year=2026

### COLD OPEN
  [VAGUE   ] "Honestly, I think I'm at a six, probably,"
             year=2026
  [INLINE  ] "I've only played 60 games in this league and I've played two playoff games. I'm only 24. Like I still feel like I have so much room to improve."
             outlet="ESPN"  year=2026
  [VAGUE   ] "We'll have to see,"
             outlet="ESPN"

### DIAGNOSIS
  [INLINE  ] "I'm obsessed with the work. And then you get in the game and then you're competitive with it because you've been so obsessed with the time that you've put in. I come in here every single day and I want to put in the work and get everything "
             outlet="ESPN"  year=2026
  [INLINE  ] "To get her to become a good leader, it took time because she was so used to doing everything on her own. But she learned it, and she learned it really well."
             outlet="The Gazette"  year=2026

### EMPATHY TURN
  (no quoted material in slot)

### CLOSE
  (no quoted material in slot)

------------------------------------------------------------------------
SUMMARY: 6 load-bearing quote(s) — 4 inline, 2 vague, 0 untagged
  untagged quote in epigraph OR cold open: no
  any untagged load-bearing quote:         no
------------------------------------------------------------------------
[Stage 9.6] source_audit_after_revision finished (exit=0, 0s)

─────────────────────────────────────────────────────
[Stage 9.7] same_type_similarity_after_revision  (started 04:26:48)
Command: node /Users/djwayne/9takes/scripts/same-type-similarity.mjs src/blog/people/drafts/Caitlin-Clark.md --n 8 --fail-on-trip
Log:     /Users/djwayne/9takes/docs/content-analysis/pipeline-logs/2026-08-05_020002_caitlin-clark/9.7_same_type_similarity_after_revision.log
─────────────────────────────────────────────────────
==============================================================================
SAME-TYPE ARGUMENT-SIMILARITY SCAN — caitlin-clark (Type 1)
/Users/djwayne/9takes/src/blog/people/drafts/Caitlin-Clark.md
==============================================================================

Target diagnosis+counter-typing units: 44
Comparison set (last 8 other Type-1 drafts by date):
  - Judge-Judy  (2026-05-25, 23 units)
  - hayao-miyazaki  (2026-05-21, 29 units)
  - martha-stewart  (2026-05-16, 12 units)
  - anna-wintour  (2026-05-13, 21 units)
  - mahatma-gandhi  (2026-05-06, 14 units)
  - ben-shapiro  (2026-05-03, 22 units)
  - michael-seibel  (2026-04-20, 49 units)
  - brene-brown  (2026-04-18, 17 units)

Noise floor over 8228 unit pairs:  median=0  p90=0  p99=0.008  max=0.066
Trip threshold: 0.04  →  clear


Most similar drafts (max unit-pair score):
  0.066 ###                  anna-wintour
  0.038 ##                   hayao-miyazaki
  0.034 #                    ben-shapiro
  0.031 #                    michael-seibel
  0.025 #                    martha-stewart
  0.024 #                    mahatma-gandhi
  0.018 #                    brene-brown
  0.014 #                    Judge-Judy

TOP SIMILAR SENTENCE/CLAUSE PAIRS:
------------------------------------------------------------------------------
score 0.066   caitlin-clark  <->  anna-wintour
   TARGET [diagnosis] I come in here every single day and I want to put in the work and get everything done because I want to be the best player in the world and I want to help this team win.
   OTHER  [diagnosis] They want to be the largest force in the room.

score 0.038   caitlin-clark  <->  hayao-miyazaki
   TARGET [diagnosis] Being the best player in the world is a standard
   OTHER  [diagnosis] A Type One believes that anything less than perfect is a form of moral failure — that the gap between how the world is and how it should be is their gap to close .

score 0.034   caitlin-clark  <->  ben-shapiro
   TARGET [diagnosis] But a Three protects the visible outcome and manages the room to keep the image intact.
   OTHER  [diagnosis] Shapiro keeps the receipts visible.

score 0.034   caitlin-clark  <->  ben-shapiro
   TARGET [diagnosis] because a result is somebody else's measurement of a night she has already graded herself.
   OTHER  [diagnosis] The frustration leaks out as criticism because the prosecutor has been working on the One's own case all day and somebody else's mistake just walked into court.

score 0.031   caitlin-clark  <->  michael-seibel
   TARGET [counter-typing] Clark converts them into the next audit.
   OTHER  [diagnosis] He fixes them by handing the next person the working version.

score 0.029   caitlin-clark  <->  hayao-miyazaki
   TARGET [diagnosis] Type Ones run a standing audit on their own conduct
   OTHER  [diagnosis] Type Ones are sometimes called Reformers

score 0.026   caitlin-clark  <->  michael-seibel
   TARGET [counter-typing] Clark converts them into the next audit.
   OTHER  [diagnosis] the One refuses to enter the next adventure until the current one is finished properly.

score 0.025   caitlin-clark  <->  martha-stewart
   TARGET [diagnosis] the records chased since high school
   OTHER  [diagnosis] A Reformer can absorb almost any outcome except the one where the verdict against them is on the record.

score 0.024   caitlin-clark  <->  michael-seibel
   TARGET [diagnosis] And then you get in the game and then you're competitive with it because you've been so obsessed with the time that you've put in.
   OTHER  [diagnosis] such a big market that investors look like idiots if they let race get in the way." The bar is the bar.

score 0.024   caitlin-clark  <->  mahatma-gandhi
   TARGET [counter-typing] The Three that competes here is the self-preservation Three
   OTHER  [diagnosis] It judges the self before it judges anyone else.

score 0.024   caitlin-clark  <->  michael-seibel
   TARGET [diagnosis] The six arrived with its evidence attached because the audit had already run.
   OTHER  [diagnosis] found a system someone he trusted had already validated

score 0.023   caitlin-clark  <->  michael-seibel
   TARGET [counter-typing] Every discriminator above is also sp-Three behavior.
   OTHER  [diagnosis] It is also what makes him a Type 1 with a 2 wing rather than a colder 1w9.

------------------------------------------------------------------------------
Top pair scores 0.066 vs median 0  (~∞x the noise floor).
[Stage 9.7] same_type_similarity_after_revision finished (exit=0, 0s)

REVISION LOOP: ran once (trigger: overall 7.9 < 8.5; deterministic report warnings)
GRADE: 7.9 pre-revision → 8.4 post-revision → 7.9 stability regrade
STILL BELOW BAR after one revision — human review needed; the loop does not repeat.
─────────────────────────────────────────────────────
[Stage 9.8] perspective_finalize  (started 04:26:48)
Command: node /Users/djwayne/9takes/scripts/perspective-review-gate.mjs --phase finalize --draft src/blog/people/drafts/Caitlin-Clark.md --review-dir docs/content-analysis/perspective-reviews/Caitlin-Clark/2026-08-05_020002 --verification-file verification-final.md
Log:     /Users/djwayne/9takes/docs/content-analysis/pipeline-logs/2026-08-05_020002_caitlin-clark/9.8_perspective_finalize.log
─────────────────────────────────────────────────────
ok    editor-resolution.md is complete and tied to the frozen draft
ok    revision-resolution.md is complete and tied to the frozen draft
ok    latest publish manifest written: docs/content-analysis/perspective-reviews/Caitlin-Clark/latest.json
ok    perspective verification covers the current reader-visible draft
[Stage 9.8] perspective_finalize finished (exit=0, 0s)

PERSPECTIVE REVIEW: pass
PERSPECTIVE ARTIFACTS: docs/content-analysis/perspective-reviews/Caitlin-Clark/2026-08-05_020002

Final draft frontmatter (grade summary):
enneagram: 1
  hook: 8
  enneagram: 9
  evidence: 8
  writing: 8
  originality: 7
  discoverability: 8
  overall: 7.9
  first_overall: 8.4
  regrade_overall: 7.9
  grade_stability_delta: 0.5
  letter: 'C'
  rubric_version: 2
  graded_at: '2026-08-05'
Summary JSON: /Users/djwayne/9takes/docs/content-analysis/pipeline-logs/2026-08-05_020002_caitlin-clark/summary.json
═════════════════════════════════════════════════════
