[2026-08-10 02:00:00] [INFO] Nightly blog cron starting (dry-run=0)
[2026-08-10 02:00:02] [WARN] RECONCILING: noah-wyle has a draft but was never moved to completed (wrapper likely killed post-pipeline). Moving to completed with needsReview.
[2026-08-10 02:00:04] [INFO] SELECTED: chase-infiniti (Type ?)
[2026-08-10 02:00:04] [INFO] Launching pipeline for chase-infiniti
═════════════════════════════════════════════════════
9takes blog pipeline
Mode:    create
Person:  chase-infiniti
Draft:   src/blog/people/drafts/chase-infiniti.md
Logs:    /Users/djwayne/9takes/docs/content-analysis/pipeline-logs/2026-08-10_020004_chase-infiniti
Started: Mon Aug 10 02:00:06 EDT 2026
═════════════════════════════════════════════════════

─────────────────────────────────────────────────────
[Stage 1] create  (started 02:00:06)
Command: /blog_content_creator_people_v2 chase-infiniti --non-interactive
Log:     /Users/djwayne/9takes/docs/content-analysis/pipeline-logs/2026-08-10_020004_chase-infiniti/1_create.log
─────────────────────────────────────────────────────
You're out of usage credits. Run /usage-credits to keep using Fable 5 or /model to switch models.
[Stage 1] create finished 02:00:09 (exit=1, 3s)

[Stage 1] create did not produce a draft matching 'chase-infiniti'; halting remaining stages.
Summary JSON: /Users/djwayne/9takes/docs/content-analysis/pipeline-logs/2026-08-10_020004_chase-infiniti/summary.json
[2026-08-10 02:00:11] [INFO] Pipeline exited code=1 after 0 min
[2026-08-10 02:00:13] [ERROR] RETRY 1/3: chase-infiniti returned to queue (no draft)
[2026-08-10 02:00:13] [INFO] NOTIFY: ⚠️ 9takes nightly blog: Chase Infiniti produced no draft (exit=1). Retry 1/3 tomorrow.
[2026-08-10 02:00:13] [INFO] Nightly blog cron finished
