========================================================================
LOAD-BEARING SOURCE AUDIT — Rebecca-Yarros  (Type 6)
src/blog/people/drafts/Rebecca-Yarros.md
========================================================================

### EPIGRAPH
  [INLINE  ] "I will never not walk down the street and think, 'What's the worst thing I could make happen to you?'"
             outlet="She Reads interview"  year=2025  venue="interview"

### COLD OPEN
  [INLINE  ] "Can you explain to me why I constantly have to worry about a doorbell?"
             outlet="Library of Congress"  year=2024

### DIAGNOSIS
  [INLINE  ] "My first responsibility is, as unfeminist as it sounds, as a wife and a mother,"
             outlet="The Book Hook"  year=2025  venue="book"
  [INLINE  ] "To keep them safe, to make sure they feel safe, they feel secure. Everything else comes afterward."
             outlet="The Book Hook"  year=2025  venue="book"
  [INLINE  ] "In romance as a genre we have a contract with our reader to deliver a happily ever after... you can give readers an assurance."
             outlet="Library of Congress"  year=2025
  [INLINE  ] "fall in love over and over and over again,"
             outlet="Library of Congress"  year=2024
  [INLINE  ] "I'm horrible at media training... I'm just gonna tell the truth about whatever question they just asked."
             outlet="The Book Hook"  year=2025  venue="book"

### EMPATHY TURN
  (no quoted material in slot)

### CLOSE
  (no quoted material in slot)

------------------------------------------------------------------------
SUMMARY: 7 load-bearing quote(s) — 7 inline, 0 vague, 0 untagged
  untagged quote in epigraph OR cold open: no
  any untagged load-bearing quote:         no
------------------------------------------------------------------------
