========================================================================
LOAD-BEARING SOURCE AUDIT — Tyla  (Type 7)
src/blog/people/drafts/Tyla.md
========================================================================

### EPIGRAPH
  (no quoted material in slot)

### COLD OPEN
  (no quoted material in slot)

### DIAGNOSIS
  [INLINE  ] "I still want to be a 24-year-old girl,"
             outlet="Source"  year=2026  venue="interview"
  [INLINE  ] "I don't want being a pop star to stop my life and make me feel like now I'm in jail."
             outlet="Source"  year=2026  venue="interview"
  [INLINE  ] "This is not what I want. I didn't get signed to do this,"
             outlet="Variety"  year=2025
  [INLINE  ] "I want to create a genre called 'popiano' where I'm bringing amapiano to the 'popular' world,"
             outlet="OkayAfrica"  year=2019
  [INLINE  ] "this African girl … just an Afrobeats artist or an African artist … a pop artist that's African. … I wanted to tailor pop to me instead,"
             outlet="Billboard"  year=2024

### EMPATHY TURN
  reframe: That's why my parents were just trying to protect me, which is fine." Their position, in her rendering of it, was simple and statistically correct: music is not a job, it is a hobby.
  (no quoted material in slot)

### CLOSE
  (no quoted material in slot)

------------------------------------------------------------------------
SUMMARY: 5 load-bearing quote(s) — 5 inline, 0 vague, 0 untagged
  untagged quote in epigraph OR cold open: no
  any untagged load-bearing quote:         no
------------------------------------------------------------------------
