========================================================================
LOAD-BEARING SOURCE AUDIT — samara-weaving  (Type 6)
/Users/djwayne/9takes/src/blog/people/drafts/Samara-Weaving.md
========================================================================

### EPIGRAPH
  [INLINE  ] "I don't remember not being anxious, so I don't know."
             outlet="Happy Sad Confused"  year=2019

### COLD OPEN
  [INLINE  ] "It kind of made me not nervous, … cuz all I had to do was like get through this scene."
             outlet="On Film"  year=2026

### DIAGNOSIS
  [INLINE  ] "I don't remember not being anxious, so I don't know."
             outlet="Happy Sad Confused"  year=2019
  [INLINE  ] "Especially choosing jobs, … I'm like, do I trust this filmmaker? Do I trust this person? Where I know that I'm going to work really hard, are they going to work just as hard?"
             outlet="On Film"  year=2026
  [INLINE  ] "Okay, let's just try and trust that something will happen. You will work again, which is hard to convince myself of, but it does pay off."
             outlet="Collider"  year=2026
  [INLINE  ] "fame wasn't something I was ever striving for."
             outlet="The Independent"  year=2025

### EMPATHY TURN
  (no quoted material in slot)

### CLOSE
  (no quoted material in slot)

------------------------------------------------------------------------
SUMMARY: 6 load-bearing quote(s) — 6 inline, 0 vague, 0 untagged
  untagged quote in epigraph OR cold open: no
  any untagged load-bearing quote:         no
------------------------------------------------------------------------
