========================================================================
LOAD-BEARING SOURCE AUDIT — penguinz0  (Type 9)
/Users/djwayne/9takes/src/blog/people/drafts/penguinz0.md
========================================================================

### EPIGRAPH
  [INLINE  ] "I'm not special. I got lucky. I have always said that and I still believe that to this day. … I'm Not Turning It Back On"
             outlet=""I'm Not Turning It Back On""  year=2025

### COLD OPEN
  [INLINE  ] "I'm Turning It Off,"
             outlet="Dexerto"  year=2025
  [INLINE  ] "a call to inaction … This isn't reverse psychology. I'm not trying to get into your noodle and rearrange neurons in a confusing, complex gambit here. I am just asking you honestly not to."
             outlet="Dexerto"  year=2025  venue="youtube"
  [INLINE  ] "I'm Not Turning It Back On."
             outlet="Video Games Chronicle"  year=2007  venue="youtube"
  [INLINE  ] "There are so many better options for your money than giving it to me."
             outlet="Video Games Chronicle"  year=2025

### DIAGNOSIS
  [INLINE  ] "I'm Not Turning It Back On, … It just doesn't sit right with me."
             outlet="Dexerto"  year=2025
  [INLINE  ] "I'm not trying to make a rallying cry here. I'm not your dad."
             outlet="Dexerto"  year=2025

### EMPATHY TURN
  (no quoted material in slot)

### CLOSE
  (no quoted material in slot)

------------------------------------------------------------------------
SUMMARY: 7 load-bearing quote(s) — 7 inline, 0 vague, 0 untagged
  untagged quote in epigraph OR cold open: no
  any untagged load-bearing quote:         no
------------------------------------------------------------------------
