========================================================================
LOAD-BEARING SOURCE AUDIT — jynxzi  (Type 3)
/Users/djwayne/9takes/src/blog/people/drafts/Jynxzi.md
========================================================================

### EPIGRAPH
  [INLINE  ] "I'll be feeling terrible about myself. I'll be like, 11:00, I should have been live right now. And it's not 'cause I want to. I need to."
             outlet="Jynxzi Podcast"  year=2024  venue="podcast"

### COLD OPEN
  [INLINE  ] "just learned how to play chess, but he's still raw."
             outlet="Tubefilter"  year=2026
  [INLINE  ] "I was training on my phone at two a.m. in the morning, raging. I was committed to this. I wanted to win, I really wanted to win."
             outlet="Chess.com"  year=2026
  [INLINE  ] "entertainment personified, the inner monologue that occurs when you die in a frustrating way or get a cheeky kill."
             outlet="Dot Esports"  year=2023

### DIAGNOSIS
  [INLINE  ] "It's not 'cause I want to. I need to."
             outlet="Jynxzi Podcast"  year=2024  venue="podcast"

### EMPATHY TURN
  (no quoted material in slot)

### CLOSE
  (no quoted material in slot)

------------------------------------------------------------------------
SUMMARY: 5 load-bearing quote(s) — 5 inline, 0 vague, 0 untagged
  untagged quote in epigraph OR cold open: no
  any untagged load-bearing quote:         no
------------------------------------------------------------------------
