========================================================================
LOAD-BEARING SOURCE AUDIT — Arthur-Mensch  (Type 6)
src/blog/people/drafts/Arthur-Mensch.md
========================================================================

### EPIGRAPH
  [INLINE  ] "Inherently, this is a technology that is going to get commoditized. The reason for that is that it's actually not hard to build."
             outlet="Big Technology Podcast"  year=2026  venue="podcast"

### COLD OPEN
  [INLINE  ] "You have around 10 labs in the world that know how to build that technology, that get access to similar data, that follows the same recipes and algorithms,"
             outlet="Big Technology Podcast"  year=2026  venue="podcast"
  [INLINE  ] "The knowledge you need to actually train a model is fairly short,"
             outlet="Big Technology Podcast"  year=2026  venue="podcast"
  [INLINE  ] "My generation of engineers has more or less succeeded in commoditizing its own profession."
             outlet="École Polytechnique"  year=2026

### DIAGNOSIS
  [INLINE  ] "pausing your ability to do what you do. … you can basically run it on your own terms."
             outlet="Big Technology Podcast"  year=2026  venue="podcast"
  [INLINE  ] "If you're an independent country, you want to have independent defense systems... you will need your own independent artificial intelligence."
             outlet="Big Technology"  year=2026
  [INLINE  ] "At first, we hired our friends,"
             outlet="TIME"  year=2024

### EMPATHY TURN
  (no quoted material in slot)

### CLOSE
  (no quoted material in slot)

------------------------------------------------------------------------
SUMMARY: 7 load-bearing quote(s) — 7 inline, 0 vague, 0 untagged
  untagged quote in epigraph OR cold open: no
  any untagged load-bearing quote:         no
------------------------------------------------------------------------
