========================================================================
LOAD-BEARING SOURCE AUDIT — Naval-Ravikant  (Type 5)
src/blog/people/drafts/Naval-Ravikant.md
========================================================================

### EPIGRAPH
  [INLINE  ] "My only real friends were books."
             outlet="The Almanack of Naval Ravikant"  year=2020

### COLD OPEN
  [INLINE  ] "We probably lived in nine or ten different places in the course of nine years."
             outlet="The Tim Ferriss Show"  year=2018
  [VAGUE   ] "How to Get Rich (Without Getting Lucky)"
             year=2018
  [INLINE  ] "Desire is a contract you make with yourself to be unhappy until you get what you want. … the axis of my suffering."
             outlet="The Tim Ferriss Show"  year=2018

### DIAGNOSIS
  [INLINE  ] "What I find is that 90 percent of thoughts that I have are fear. 90 percent are fear based. The other 10 percent are probably desire based."
             outlet="The Tim Ferriss Show"  year=2018  venue="column"
  [INLINE  ] "as any Buddhist will tell you, desire is just fear by another name."
             outlet="The Tim Ferriss Show"  year=2018
  [INLINE  ] "Happiness is that state when nothing is missing. When nothing is missing, your mind shuts down."
             outlet="The Knowledge Project"  year=2017
  [INLINE  ] "an antisocial introvert … in debugging mode as much as possible,"
             outlet="The Knowledge Project"  year=2017
  [VAGUE   ] "I am an extremely intense person, very competitive. I have this huge drive to win. I always want to be right."
             year=2018
  [VAGUE   ] "I think you're a very, very good strategist and combatant when need be."
             venue="speech"
  [INLINE  ] "you've created a second thread in your head that then has to stay active, keeping track of what you've said which is what you're really thinking."
             outlet="The Tim Ferriss Show"  year=2018  venue="speech"

### EMPATHY TURN
  reframe: The window pane is not accused of anything; it is simply glass, and he is on the outside of it.
  (no quoted material in slot)

### CLOSE
  (no quoted material in slot)

------------------------------------------------------------------------
SUMMARY: 11 load-bearing quote(s) — 8 inline, 3 vague, 0 untagged
  untagged quote in epigraph OR cold open: no
  any untagged load-bearing quote:         no
------------------------------------------------------------------------
