==============================================================================
SAME-TYPE ARGUMENT-SIMILARITY SCAN — Naval-Ravikant (Type 5)
/Users/djwayne/9takes/src/blog/people/drafts/Naval-Ravikant.md
==============================================================================

Target diagnosis+counter-typing units: 59
Comparison set (last 8 other Type-5 drafts by date):
  - Demis-Hassabis  (2026-08-29, 46 units)
  - Liang-Wenfeng  (2026-08-24, 58 units)
  - Yang-Zhilin  (2026-08-22, 46 units)
  - Carl-Jung  (2026-08-13, 55 units)
  - Christopher-Nolan  (2026-08-12, 43 units)
  - pinkpantheress  (2026-07-19, 25 units)
  - warren-buffett  (2026-07-08, 30 units)
  - steve-martin  (2026-07-04, 38 units)

Noise floor over 20119 unit pairs:  median=0  p90=0  p99=0.005  max=1
Trip threshold: 0.04  →  TRIPPED

TRIP PAIRS:
------------------------------------------------------------------------------
score 1.000   Naval-Ravikant  <->  Demis-Hassabis
   TARGET [diagnosis] Naval Ravikant is an Enneagram Type 5.
   OTHER  [diagnosis] Demis Hassabis is an Enneagram Type 5

score 1.000   Naval-Ravikant  <->  Yang-Zhilin
   TARGET [diagnosis] Naval Ravikant is an Enneagram Type 5.
   OTHER  [diagnosis] Yang Zhilin is an Enneagram Type 5

score 0.042   Naval-Ravikant  <->  Liang-Wenfeng
   TARGET [diagnosis] Naval Ravikant is an Enneagram Type 5.
   OTHER  [diagnosis] The type that fits Liang Wenfeng is the Enneagram Type 5


Most similar drafts (max unit-pair score):
  1.000 ######################################## Demis-Hassabis
  1.000 ######################################## Yang-Zhilin
  0.072 ###                  Christopher-Nolan
  0.058 ##                   Liang-Wenfeng
  0.054 ##                   Carl-Jung
  0.035 #                    steve-martin
  0.033 #                    warren-buffett
  0.026 #                    pinkpantheress

TOP SIMILAR SENTENCE/CLAUSE PAIRS:
------------------------------------------------------------------------------
score 1.000   Naval-Ravikant  <->  Demis-Hassabis
   TARGET [diagnosis] Naval Ravikant is an Enneagram Type 5.
   OTHER  [diagnosis] Demis Hassabis is an Enneagram Type 5

score 1.000   Naval-Ravikant  <->  Yang-Zhilin
   TARGET [diagnosis] Naval Ravikant is an Enneagram Type 5.
   OTHER  [diagnosis] Yang Zhilin is an Enneagram Type 5

score 0.079   Naval-Ravikant  <->  Demis-Hassabis
   TARGET [diagnosis] where the organizing feeling is fear and the answer to it is information.
   OTHER  [counter-typing] The answer to the second is 2005 to 2009

score 0.076   Naval-Ravikant  <->  Demis-Hassabis
   TARGET [diagnosis] where the organizing feeling is fear and the answer to it is information.
   OTHER  [counter-typing] The answer to the first card is what followed Seoul.

score 0.074   Naval-Ravikant  <->  Demis-Hassabis
   TARGET [diagnosis] What separates Naval from the other Fives in tech is what he does with the thinking.
   OTHER  [diagnosis] The tiebreaker is what he does after the scoreboard settles.

score 0.072   Naval-Ravikant  <->  Christopher-Nolan
   TARGET [diagnosis] Non-attachment is the Five's medicine
   OTHER  [diagnosis] Treating contact itself as the leak is the Five move

score 0.058   Naval-Ravikant  <->  Liang-Wenfeng
   TARGET [counter-typing] and Naval's prescription is sixty days of an hour a day alone with what he calls a mental inbox of unanswered emails going back to childhood.
   OTHER  [counter-typing] unfinished products he calls a culture.

score 0.054   Naval-Ravikant  <->  Carl-Jung
   TARGET [diagnosis] Non-attachment is the Five's medicine
   OTHER  [diagnosis] I don't need to believe it." That sentence is a working definition of the Five's relationship to safety

score 0.052   Naval-Ravikant  <->  Carl-Jung
   TARGET [diagnosis] The Five's specific fear is insufficiency
   OTHER  [diagnosis] I don't need to believe it." That sentence is a working definition of the Five's relationship to safety

score 0.049   Naval-Ravikant  <->  Christopher-Nolan
   TARGET [diagnosis] 2017.) The strongest objection is Type 8.
   OTHER  [counter-typing] The Type 6 case is the strongest neighbor

score 0.046   Naval-Ravikant  <->  Demis-Hassabis
   TARGET [diagnosis] The tiebreaker sits somewhere quieter
   OTHER  [diagnosis] The tiebreaker is what he does after the scoreboard settles.

score 0.042   Naval-Ravikant  <->  Liang-Wenfeng
   TARGET [diagnosis] Naval Ravikant is an Enneagram Type 5.
   OTHER  [diagnosis] The type that fits Liang Wenfeng is the Enneagram Type 5

------------------------------------------------------------------------------
Top pair scores 1 vs median 0  (~∞x the noise floor).
