========================================================================
LOAD-BEARING SOURCE AUDIT — frank-lloyd-wright  (Type 7)
src/blog/people/drafts/Frank-Lloyd-Wright.md
========================================================================

### EPIGRAPH
  [INLINE  ] "Arrogance is something a man possesses on the surface to defend the fact that he hasn't got the thing that he pretends to have."
             outlet="The Mike Wallace Interview"  year=1957  venue="interview"

### COLD OPEN
  [INLINE  ] "Well Hib, … why don't you move your chair?"
             outlet="S.C. Johnson"  year=1939
  [INLINE  ] "Arrogance can sometimes be a shell to protect the inner man too, can it not? … it's a pretty brittle shell."
             outlet="The Mike Wallace Interview"  year=1957  venue="interview"

### DIAGNOSIS
  [INLINE  ] "Frank Lloyd Wright (1867–1959): The Life and Work of a Self-preservation Seven."
             outlet="Enneagram Monthly"  year=2024  venue="essay"
  [INLINE  ] "Early in life I had to choose between honest arrogance and hypocritical humility. I chose honest arrogance and have seen no occasion to change."
             outlet="The Future of Architecture"  year=1953

### EMPATHY TURN
  (no quoted material in slot)

### CLOSE
  (no quoted material in slot)

------------------------------------------------------------------------
SUMMARY: 5 load-bearing quote(s) — 5 inline, 0 vague, 0 untagged
  untagged quote in epigraph OR cold open: no
  any untagged load-bearing quote:         no
------------------------------------------------------------------------
