========================================================================
LOAD-BEARING SOURCE AUDIT — adela  (Type 3)
src/blog/people/drafts/Adela.md
========================================================================

### EPIGRAPH
  [INLINE  ] "My 'now' is defined by ambition."
             outlet="Harper's Bazaar"  year=2026

### COLD OPEN
  (no quoted material in slot)

### DIAGNOSIS
  [INLINE  ] "I get mine from work."
             outlet="Interview Magazine"  year=2026  venue="interview"

### EMPATHY TURN
  (no quoted material in slot)

### CLOSE
  (no quoted material in slot)

------------------------------------------------------------------------
SUMMARY: 2 load-bearing quote(s) — 2 inline, 0 vague, 0 untagged
  untagged quote in epigraph OR cold open: no
  any untagged load-bearing quote:         no
------------------------------------------------------------------------
