========================================================================
LOAD-BEARING SOURCE AUDIT — charlize-theron  (Type 8)
src/blog/people/drafts/Charlize-Theron.md
========================================================================

### EPIGRAPH
  [INLINE  ] "My mom is like a survivor. My mom is like, you wake up the next day and you get up and you continue and nobody brings you down. And that's what she did to me. And I was 15 years old."
             outlet="Call Her Daddy"  year=2025

### COLD OPEN
  (no quoted material in slot)

### DIAGNOSIS
  [INLINE  ] "The day-to-day unpredictability of living with an addict is the thing that you sit with and have kind of embedded in your body for the rest of your life, … more than just this one event of what happened one night."
             outlet="NPR"  year=2019
  [VAGUE   ] "waking up in the morning and not knowing what I was walking into. It's like what a lot of people say about living with an alcoholic, right? You're kind of living at their whim."
             year=2025

### EMPATHY TURN
  (no quoted material in slot)

### CLOSE
  (no quoted material in slot)

------------------------------------------------------------------------
SUMMARY: 3 load-bearing quote(s) — 2 inline, 1 vague, 0 untagged
  untagged quote in epigraph OR cold open: no
  any untagged load-bearing quote:         no
------------------------------------------------------------------------
