========================================================================
LOAD-BEARING SOURCE AUDIT — David-Beckham  (Type 3)
src/blog/people/drafts/David-Beckham.md
========================================================================

### EPIGRAPH
  (no quoted material in slot)

### COLD OPEN
  (no quoted material in slot)

### DIAGNOSIS
  [VAGUE   ] "David Beckham is Britain's finest striker of a football not because of God-given talent but because he practises with a relentless application that the vast majority of less gifted players wouldn't contemplate."
             venue="autobiography"
  [INLINE  ] "It wasn't enough for him. He wanted to be more than a football player."
             outlet="Stick to Football"  year=2023

### EMPATHY TURN
  (no quoted material in slot)

### CLOSE
  (no quoted material in slot)

------------------------------------------------------------------------
SUMMARY: 2 load-bearing quote(s) — 1 inline, 1 vague, 0 untagged
  untagged quote in epigraph OR cold open: no
  any untagged load-bearing quote:         no
------------------------------------------------------------------------
