========================================================================
LOAD-BEARING SOURCE AUDIT — alexandr-wang  (Type 3)
src/blog/people/drafts/Alexandr-Wang.md
========================================================================

### EPIGRAPH
  [INLINE  ] "I got fourth place, so I snuck in there."
             outlet="This Past Weekend"  year=2025

### COLD OPEN
  [INLINE  ] "I got fourth place, so I snuck in there,"
             outlet="This Past Weekend"  year=2025

### DIAGNOSIS
  [INLINE  ] "I ended up getting really competitive about math in particular. So my sport was math. … That was like a big part of my identity was being a mathlete."
             outlet="This Past Weekend"  year=2025

### EMPATHY TURN
  reframe: "Alex Wang is not a researcher, he is a leader," Alex Ren of Fellows Fund told Fortune in July 2025.
  [INLINE  ] "Alex Wang is not a researcher, he is a leader,"
             outlet="Fortune"  year=2025

### CLOSE
  (no quoted material in slot)

------------------------------------------------------------------------
SUMMARY: 4 load-bearing quote(s) — 4 inline, 0 vague, 0 untagged
  untagged quote in epigraph OR cold open: no
  any untagged load-bearing quote:         no
------------------------------------------------------------------------
