========================================================================
LOAD-BEARING SOURCE AUDIT — Duke-Dennis  (Type 8)
src/blog/people/drafts/Duke-Dennis.md
========================================================================

### EPIGRAPH
  [INLINE  ] "I feel like my life didn't really start until I got out of the army."
             outlet="Complex's 360 With Speedy"  year=2024

### COLD OPEN
  (no quoted material in slot)

### DIAGNOSIS
  [VAGUE   ] "The army wasn't for me because I don't like being told what to do. Being told when to eat, sleep, when to go to work... I just had bigger plans for myself. … I don't even like my girlfriend telling me what to do. … I just don't like people "
             year=2018  venue="youtube"
  [INLINE  ] "It was the best feeling of my life. Being free, it felt like I got out of jail or something."
             outlet="Complex"  year=2018
  [INLINE  ] "Waking up not having to worry about financial circumstances, I feel like that's one of the most slept-on freedoms. … If you had the opportunity to be your own boss, I think everybody want to take that."
             outlet="Complex"  year=2024  venue="interview"

### EMPATHY TURN
  (no quoted material in slot)

### CLOSE
  (no quoted material in slot)

------------------------------------------------------------------------
SUMMARY: 4 load-bearing quote(s) — 3 inline, 1 vague, 0 untagged
  untagged quote in epigraph OR cold open: no
  any untagged load-bearing quote:         no
------------------------------------------------------------------------
