========================================================================
LOAD-BEARING SOURCE AUDIT — plaqueboymax  (Type 3)
/Users/djwayne/9takes/src/blog/people/drafts/plaqueboymax.md
========================================================================

### EPIGRAPH
  [INLINE  ] "I'm delusionally faithful in myself."
             outlet="Forbes"  year=2026

### COLD OPEN
  [INLINE  ] "I could do the biggest stream of my life today. … By tomorrow it is something new."
             outlet="Forbes"  year=2026

### DIAGNOSIS
  [VAGUE   ] "Next time I hold a trophy, I'm going to win a Grammy."
             year=2024
  [INLINE  ] "we might not be talking about you by 2024."
             outlet="Forbes"  year=2023
  [INLINE  ] "Just keep going,"
             outlet="Forbes"  year=2026
  [INLINE  ] "Don't stop unless you really need that water break."
             outlet="Forbes"  year=2026

### EMPATHY TURN
  (no quoted material in slot)

### CLOSE
  (no quoted material in slot)

------------------------------------------------------------------------
SUMMARY: 6 load-bearing quote(s) — 5 inline, 1 vague, 0 untagged
  untagged quote in epigraph OR cold open: no
  any untagged load-bearing quote:         no
------------------------------------------------------------------------
