========================================================================
LOAD-BEARING SOURCE AUDIT — Cara-Delevingne  (Type 4)
/Users/djwayne/9takes/src/blog/people/drafts/Cara-Delevingne.md
========================================================================

### EPIGRAPH
  [INLINE  ] "When I'd see a billboard of myself, it wasn't me… I'm not this."
             outlet="Call Her Daddy"  year=2026

### COLD OPEN
  [INLINE  ] "danger-seeking behavior, for sure, … I also just started throwing myself off stuff, and I broke I don't know how many bones in like a year. Because I was in pain inside, but I didn't know how to express it. So I just wanted to feel pain. … "
             outlet="Call Her Daddy"  year=2026
  [INLINE  ] "I don't believe what I'm selling, and what I'm selling is a lie."
             outlet="Call Her Daddy"  year=2026

### DIAGNOSIS
  [INLINE  ] "It wasn't me. Like, it was me, but… it didn't make sense,"
             outlet="Call Her Daddy"  year=2026
  [INLINE  ] "I knew I was a little queer kid running around. I didn't feel like I belonged in my body, in my family, in any of it."
             outlet="Call Her Daddy"  year=2026  venue="interview"
  [INLINE  ] "I loved not having to think about my mum. All of that, it went away,"
             outlet="Call Her Daddy"  year=2026

### EMPATHY TURN
  (no quoted material in slot)

### CLOSE
  (no quoted material in slot)

------------------------------------------------------------------------
SUMMARY: 6 load-bearing quote(s) — 6 inline, 0 vague, 0 untagged
  untagged quote in epigraph OR cold open: no
  any untagged load-bearing quote:         no
------------------------------------------------------------------------
