========================================================================
LOAD-BEARING SOURCE AUDIT — glen-powell  (Type 3)
src/blog/people/drafts/Glen-Powell.md
========================================================================

### EPIGRAPH
  (no quoted material in slot)

### COLD OPEN
  [INLINE  ] "hope demand would follow,"
             outlet="Interview Magazine"  year=2024  venue="interview"

### DIAGNOSIS
  (no quoted material in slot)

### EMPATHY TURN
  (no quoted material in slot)

### CLOSE
  [VAGUE   ] "Life's a lot better when they're around,"
             year=2026  venue="interview"

------------------------------------------------------------------------
SUMMARY: 2 load-bearing quote(s) — 1 inline, 1 vague, 0 untagged
  untagged quote in epigraph OR cold open: no
  any untagged load-bearing quote:         no
------------------------------------------------------------------------
