========================================================================
LOAD-BEARING SOURCE AUDIT — KSI  (Type 3)
/Users/djwayne/9takes/src/blog/people/drafts/ksi.md
========================================================================

### EPIGRAPH
  [INLINE  ] "I would find a goal, reach it, and I'm like, alright, now what? And then I'll find another goal, and now I'm like, why am I not happy?"
             outlet="Flagrant"  year=2022  venue="podcast"

### COLD OPEN
  [INLINE  ] "Thick of It"
             outlet="Official Charts"  year=2024  venue="youtube"

### DIAGNOSIS
  [INLINE  ] "Now I've essentially got a goal that isn't achievable. But it allows me to constantly just be striving over and over and over,"
             outlet="Flagrant"  year=2022
  [INLINE  ] "Thick of It"
             outlet="BBC"  year=2023  venue="youtube"
  [INLINE  ] "a bit of a power fiend, … to control my mind more, so that I have, I guess, more power."
             outlet="Flagrant"  year=2022

### EMPATHY TURN
  (no quoted material in slot)

### CLOSE
  (no quoted material in slot)

------------------------------------------------------------------------
SUMMARY: 5 load-bearing quote(s) — 5 inline, 0 vague, 0 untagged
  untagged quote in epigraph OR cold open: no
  any untagged load-bearing quote:         no
------------------------------------------------------------------------
