========================================================================
LOAD-BEARING SOURCE AUDIT — Patrick-Mahomes  (Type 6)
src/blog/people/drafts/Patrick-Mahomes.md
========================================================================

### EPIGRAPH
  [INLINE  ] "I always go for the most safe helmet you could possibly have, even if it doesn't look the coolest sometimes."
             outlet="CBS Mornings"  year=2023

### COLD OPEN
  [INLINE  ] "Mom, is your phone working? What if we have no service out here?"
             outlet="ESPN"  year=2025  venue="docuseries"
  [INLINE  ] "They're going to be able to get a hold of us, … I promise."
             outlet="WHOOP Podcast"  year=2021  venue="podcast"
  [INLINE  ] "I didn't think about it at all."
             outlet="Audacy"  year=2021  venue="podcast"
  [INLINE  ] "It kind of hurt him, … It really did."
             outlet="Audacy"  year=2023

### DIAGNOSIS
  [INLINE  ] "just wanted to win, I didn't care how it looked. … What would be success this year? Super Bowl. That's it. Failure? Not winning the Super Bowl,"
             outlet="ESPN"  year=2025  venue="docuseries"
  [INLINE  ] "I think it's all from preparation... Kobe always talks about the shots that he practices thousands and thousands of times to take once, to take twice. So whenever those moments do come up during the game it's not like it's the first time I'"
             outlet="CBS"  year=2023  venue="docuseries"
  [INLINE  ] "How can you be focused in chaos, how can you not let the moment be bigger than what it is,"
             outlet="New Heights"  year=2022  venue="podcast"
  [INLINE  ] "Coach Reid puts us in those situations all training camp, all during the season. When you've been put in those situations you go back to those fundamentals."
             outlet="New Heights"  year=2022  venue="podcast"
  [INLINE  ] "If you're not toeing that line, … I feel like you're not playing aggressive enough."
             outlet="New Heights"  year=2022  venue="episode"
  [INLINE  ] "When it's grim, be the Grim Reaper and go get it,"
             outlet="ESPN"  year=2022
  [INLINE  ] "It wasn't hard to keep them focused. We believed."
             outlet="Sports Illustrated"  year=2022
  [INLINE  ] "It's probably one of the most nervous I've ever been in my entire life, because I just loved Coach Reid and I thought that if I wanted to be who I wanted to be, I needed someone like that coaching me."
             outlet="ESPN"  year=2025

### EMPATHY TURN
  (no quoted material in slot)

### CLOSE
  [INLINE  ] "It's up to Coach Reid, … and I have to trust that he's going to do right by me."
             outlet="KSHB"  year=2026

------------------------------------------------------------------------
SUMMARY: 14 load-bearing quote(s) — 14 inline, 0 vague, 0 untagged
  untagged quote in epigraph OR cold open: no
  any untagged load-bearing quote:         no
------------------------------------------------------------------------
