========================================================================
LOAD-BEARING SOURCE AUDIT — Ryan-Holiday  (Type 1)
src/blog/people/drafts/Ryan-Holiday.md
========================================================================

### EPIGRAPH
  [INLINE  ] "Waste no more time talking about what a good person is like. Just f\cking be one."
             outlet="rendering Meditations 10.16"  year=2026

### COLD OPEN
  [VAGUE   ] "She's totally right. That's exactly what Marcus Aurelius said... she's just not living or acting in accordance with it in any way."
             year=2026  venue="book"
  [VAGUE   ] "Be tolerant with others and strict with yourself."
             year=2024  venue="book"

### DIAGNOSIS
  [VAGUE   ] "a very underrated philosophical hack … having something that gets you a win every day."
             year=2023  venue="podcast"
  [VAGUE   ] "I'm not training for a marathon. I'm not trying to set any records. I'm trying to make a promise to myself and keep that promise. And it doesn't matter how badly the writing goes, it doesn't matter what news I just got from my agent, it doe"
             year=2023  venue="podcast"
  [INLINE  ] "You, Ryan, have an idea of yourself... I'm very self-reliant, I'm very disciplined, I'm a good person, I'm conscientious... I'm a good father."
             year=2018  venue="testimony"
  [VAGUE   ] "Stoicism is not a brand, … It's a practice. And it demands honesty, it demands self-awareness, it demands accountability."
             year=2026

### EMPATHY TURN
  (no quoted material in slot)

### CLOSE
  (no quoted material in slot)

------------------------------------------------------------------------
SUMMARY: 7 load-bearing quote(s) — 2 inline, 5 vague, 0 untagged
  untagged quote in epigraph OR cold open: no
  any untagged load-bearing quote:         no
------------------------------------------------------------------------
