========================================================================
LOAD-BEARING SOURCE AUDIT — Liang-Wenfeng  (Type 5)
src/blog/people/drafts/Liang-Wenfeng.md
========================================================================

### EPIGRAPH
  [INLINE  ] "People may think there's some hidden business logic behind this, but it's mainly driven by curiosity."
             outlet="ChinaTalk"  year=2023  venue="interview"

### COLD OPEN
  [INLINE  ] "I am Liang Wenfeng,"
             outlet="Tencent News"  year=2026
  [INLINE  ] "Restraint is a strategy."
             outlet="Tencent News"  year=2026
  [INLINE  ] "not profit-maximizing, … is definitely not a problem"
             outlet="Tencent News"  year=2026

### DIAGNOSIS
  [INLINE  ] "Verifying whether our hypotheses are correct. If they are, that's immensely satisfying."
             outlet="36Kr"  year=2023
  [INLINE  ] "a single card in the early days … 10,000 cards,"
             outlet="36Kr"  year=2023
  [INLINE  ] "carries enormous curiosity and very seriously chases a question to the end, … very directly, never circles,"
             outlet="SCMP"  year=2025
  [INLINE  ] "I only want to eat one piece, only the piece I'm best at,"
             outlet="Tencent News"  year=2026
  [INLINE  ] "because it's just not that hard. … users come on their own. … we haven't gone to fill them in. This is also a culture of ours."
             outlet="Tencent News"  year=2026
  [INLINE  ] "Those who take more will be defeated by those who take less."
             outlet="Tencent News"  year=2026

### EMPATHY TURN
  (no quoted material in slot)

### CLOSE
  (no quoted material in slot)

------------------------------------------------------------------------
SUMMARY: 10 load-bearing quote(s) — 10 inline, 0 vague, 0 untagged
  untagged quote in epigraph OR cold open: no
  any untagged load-bearing quote:         no
------------------------------------------------------------------------
