========================================================================
LOAD-BEARING SOURCE AUDIT — Freddie-Mercury  (Type 4)
src/blog/people/drafts/Freddie-Mercury.md
========================================================================

### EPIGRAPH
  [INLINE  ] "I'm just riddled with scars and I just don't want any more."
             outlet="David Wigg"  year=1985  venue="interview"

### COLD OPEN
  [INLINE  ] "The way I see it is that all this is a pretence."
             outlet="Rudi Dolezal"  year=1987
  [VAGUE   ] "with his top lip or raised his hand."
             year=2016  venue="interview"

### DIAGNOSIS
  [INLINE  ] "Most of the stuff I do is like acting,"
             outlet="Rudi Dolezal"  year=1970
  [INLINE  ] "The higher I climb up that ladder, the bigger the barrier becomes around me... I find the more I open up the more I get hurt... So you do shut yourself off. It is an awful thing."
             outlet="David Wigg"  year=1985  venue="interview"
  [VAGUE   ] "Somebody to Love"
             year=1976
  [INLINE  ] "kill the goose that laid the golden egg,"
             outlet="David Wigg"  year=1970

### EMPATHY TURN
  (no quoted material in slot)

### CLOSE
  (no quoted material in slot)

------------------------------------------------------------------------
SUMMARY: 7 load-bearing quote(s) — 5 inline, 2 vague, 0 untagged
  untagged quote in epigraph OR cold open: no
  any untagged load-bearing quote:         no
------------------------------------------------------------------------
