========================================================================
LOAD-BEARING SOURCE AUDIT — Nathan-Fielder  (Type 6)
src/blog/people/drafts/Nathan-Fielder.md
========================================================================

### EPIGRAPH
  [INLINE  ] "I just kind of exaggerate things."
             outlet="GQ"  year=2014

### COLD OPEN
  (no quoted material in slot)

### DIAGNOSIS
  [INLINE  ] "an observer of human behavior"
             outlet="Time"  year=2023

### EMPATHY TURN
  (no quoted material in slot)

### CLOSE
  (no quoted material in slot)

------------------------------------------------------------------------
SUMMARY: 2 load-bearing quote(s) — 2 inline, 0 vague, 0 untagged
  untagged quote in epigraph OR cold open: no
  any untagged load-bearing quote:         no
------------------------------------------------------------------------
