========================================================================
LOAD-BEARING SOURCE AUDIT — machine-gun-kelly  (Type 4)
/Users/djwayne/9takes/src/blog/people/drafts/Machine-Gun-Kelly.md
========================================================================

### EPIGRAPH
  [INLINE  ] "I put so much weight on my art that I essentially feel like, oh, I'll bleed out and die for this."
             outlet="New York Times"  year=2025

### COLD OPEN
  [INLINE  ] "I actually got really, really mad yesterday when reading a review that was like, oh, it has great catchy pop tunes or whatever,"
             outlet="Apple Music"  year=2020
  [INLINE  ] "And I was just like, god, you just missed it. You just missed it."
             outlet="Apple Music"  year=2020

### DIAGNOSIS
  [INLINE  ] "It truly sums up the totality of what I do almost before every album cycle,"
             outlet="New York Times"  year=2025
  [INLINE  ] "We watched it with this one. You could see it in the news. I'm like, I got to ruin everything."
             outlet="New York Times"  year=2025  venue="podcast"
  [INLINE  ] "for spiritual purposes only."
             outlet="Billboard"  year=2024
  [VAGUE   ] "I had a breakdown and tatted my entire body except one line."
             year=2024

### EMPATHY TURN
  (no quoted material in slot)

### CLOSE
  (no quoted material in slot)

------------------------------------------------------------------------
SUMMARY: 7 load-bearing quote(s) — 6 inline, 1 vague, 0 untagged
  untagged quote in epigraph OR cold open: no
  any untagged load-bearing quote:         no
------------------------------------------------------------------------
