========================================================================
LOAD-BEARING SOURCE AUDIT — Brooke-Monk  (Type 3)
/Users/djwayne/9takes/src/blog/people/drafts/Brooke-Monk.md
========================================================================

### EPIGRAPH
  [INLINE  ] "Sometimes I feel like I'm just a little machine that's pumping out content for people."
             outlet="Elite Daily"  year=2023

### COLD OPEN
  [INLINE  ] "After two months, I was like, 'Hey, I hit a million followers, goodnight,'"
             outlet="People"  year=2025
  [INLINE  ] "She became famous making videos about a world she'd never lived in."
             outlet="Forbes"  year=2020

### DIAGNOSIS
  [INLINE  ] "When you're a content creator, it's like you are the product,"
             outlet="Elite Daily"  year=2023
  [INLINE  ] "If you're unhappy with it, your brain turns, 'This product sucks, I hate it,' into 'You suck. I hate you.'"
             outlet="Elite Daily"  year=2023  venue="interview"
  [INLINE  ] "if I'm not posting by 1:00, then I'm either traveling or … I'm super sick. That's the only reason I wouldn't post at 1:00 p.m. … I will film as many takes as needed to make the video perfect. I'm neurotic about it, … If it's not perfect, I "
             outlet="Forbes"  year=2026
  [INLINE  ] "lean into that."
             outlet="Forbes"  year=2026
  [INLINE  ] "I hate, hate people disliking me,"
             outlet="Forbes"  year=2023
  [INLINE  ] "it's also what kept you watching the video."
             outlet="Forbes"  year=2026

### EMPATHY TURN
  (no quoted material in slot)

### CLOSE
  (no quoted material in slot)

------------------------------------------------------------------------
SUMMARY: 9 load-bearing quote(s) — 9 inline, 0 vague, 0 untagged
  untagged quote in epigraph OR cold open: no
  any untagged load-bearing quote:         no
------------------------------------------------------------------------
