The single em-dash is the epigraph attribution line, which the ban explicitly exempts. Clean.

## Cohesion Check Complete: `src/blog/people/drafts/Tate-McRae.md`

**Before: 7.5/10 → After: 9/10**

### Central Thesis
Tate McRae's worth-engine was running before anyone was watching, so she keeps building things that can be finished and graded — a body, a show, a second self, a song — and the machinery she built to be seen is now what stands between her and being seen.

### Changes Made (5 total)

**Transition Fixes (4)**
- **§1 → §2**: Added "That equation got installed early, in a house where the inputs were unusually clear." Carries *equation* from the diagnosis and sets up the black-and-white math that arrives two paragraphs later.
- **§3 → §4**: Added "She makes that trade with her eyes open. The next hit came from a direction she wasn't watching." Names the parallel the sections were already running silently — an accusation she absorbs knowingly, then one that ambushed her.
- **§4 → §5**: The worst break. §5 opened on "She's said it several ways" with no antecedent for *it*; the H2 carried the meaning but the prose didn't. Now opens off the 6 a.m. count that closes §4 and states the arena-vs-small-room contrast before the quote lands.
- **§6 → §7**: Readers who skip the Rabbit Hole went from the favorite-colors list straight to an album title. Now: "She named it before it happened. *So Close to What* came out months before the tour broke her." Factual ordering (Feb 2025 release, Nov 8 2025 tour end) and it carries the naming motif forward from Tatiana.

**Internal Flow Fixes (1)**
- **§3**: "Here's the part that makes her choice make sense" was reaching back over the intervening sexualization paragraphs to the lip-syncing. Prefixed "Go back to the lip-syncing."

### What Was Preserved
- All frontmatter, all four ledgers, working notes, reviewer notes
- Every quote, verbatim and untouched
- All internal links, the `inner-thought` and `key-stat` blocks, the TL;DR and Rabbit Hole accordions
- The five beats flagged as working in fresh eyes: the crunches open, the counting paragraph, "Two Octobers," the empathy turn, the notebook close
- Distribution ledger count unchanged — no bridge runs two consecutive system-level sentences

Logged the pass in a `COHESION PASS` comment block matching the file's existing convention.

### Remaining Concerns
1. **The dreams paragraph in §5** is a deliberate orphan — it announces itself as one ("it doesn't fit anywhere in the rest of this") and the ledger logs it as the frame-limit beat. It works as an argument about the limits of typing, but it sits at the section's *end*, so §6 has to reach back past it to pick up Tatiana. Moving it to just before "Off the stage the ledger flips" would let §5 close on Tatiana and hand off cleanly. Your call — it costs the beat some of its standalone punch.
2. **Word count**: body is now ~4,350 against the 4,500 ceiling. The next pass should trim before adding anything.
3. Unchanged from the second pass: the Rolling Stone Jan 2026 quotes are still secondary-sourced, and the frontmatter enrich stage hasn't run (no `faqs`).
