========================================================================
LOAD-BEARING SOURCE AUDIT — Tate-McRae  (Type 3)
/Users/djwayne/9takes/src/blog/people/drafts/Tate-McRae.md
========================================================================

### EPIGRAPH
  [INLINE  ] "I have really bad impostor syndrome. I have this vision that I'm not supposed to be there."
             outlet="GRAMMY.com"  year=2022

### COLD OPEN
  [INLINE  ] "You could get to these milestones that you think about forever, … and you get there and you're like, okay, why do I not feel satisfied with myself yet? Why do I not feel good enough yet?"
             outlet="Apple Music"  year=2025

### DIAGNOSIS
  [INLINE  ] "This year, I turned 22 and the dichotomy between my internal self and my public persona became extremely drastic. I toured all year long and found myself so confused as to how two completely different people could exist in one body. I had t"
             outlet="Variety"  year=2025  venue="onstage"
  [INLINE  ] "I think it's muscle memory. When I was a kid feeling awkward in my skin or feeling uncomfortable, dancing was my way of feeling cool and feeling like I excelled at something."
             outlet="Variety"  year=2026
  [INLINE  ] "I have this vision that I'm not supposed to be there."
             outlet="GRAMMY.com"  year=2022

### EMPATHY TURN
  (no quoted material in slot)

### CLOSE
  (no quoted material in slot)

------------------------------------------------------------------------
SUMMARY: 5 load-bearing quote(s) — 5 inline, 0 vague, 0 untagged
  untagged quote in epigraph OR cold open: no
  any untagged load-bearing quote:         no
------------------------------------------------------------------------
