==============================================================================
SAME-TYPE ARGUMENT-SIMILARITY SCAN — Tate-McRae (Type 3)
/Users/djwayne/9takes/src/blog/people/drafts/Tate-McRae.md
==============================================================================

Target diagnosis+counter-typing units: 34
Comparison set (last 8 other Type-3 drafts by date):
  - stable-ronaldo  (2026-08-02, 49 units)
  - Brooke-Monk  (2026-07-31, 40 units)
  - KSI  (2026-07-31, 38 units)
  - Carina-Zavline  (2026-07-29, 19 units)
  - Alex-Warren  (2026-07-27, 32 units)
  - plaqueboymax  (2026-07-27, 33 units)
  - jynxzi  (2026-07-25, 30 units)
  - margaret-qualley  (2026-07-23, 30 units)

Noise floor over 9214 unit pairs:  median=0  p90=0  p99=0.007  max=1
Trip threshold: 0.04  →  TRIPPED

TRIP PAIRS:
------------------------------------------------------------------------------
score 1.000   Tate-McRae  <->  stable-ronaldo
   TARGET [diagnosis] Tate McRae is an Enneagram Type 3
   OTHER  [diagnosis] Stable Ronaldo is an Enneagram Type 3


Most similar drafts (max unit-pair score):
  1.000 ######################################## stable-ronaldo
  0.153 ######               KSI
  0.043 ##                   Alex-Warren
  0.039 ##                   Brooke-Monk
  0.029 #                    margaret-qualley
  0.027 #                    Carina-Zavline
  0.026 #                    plaqueboymax
  0.021 #                    jynxzi

TOP SIMILAR SENTENCE/CLAUSE PAIRS:
------------------------------------------------------------------------------
score 1.000   Tate-McRae  <->  stable-ronaldo
   TARGET [diagnosis] Tate McRae is an Enneagram Type 3
   OTHER  [diagnosis] Stable Ronaldo is an Enneagram Type 3

score 0.153   Tate-McRae  <->  KSI
   TARGET [diagnosis] Tate McRae is an Enneagram Type 3
   OTHER  [diagnosis] That sentence is an Enneagram Type 3 describing his own operating system with unusual honesty.

score 0.043   Tate-McRae  <->  Alex-Warren
   TARGET [counter-typing] and the engine underneath was already running at eight
   OTHER  [diagnosis] Warren describes the engine himself.

score 0.039   Tate-McRae  <->  Brooke-Monk
   TARGET [diagnosis] and she describes it on the record with unusual precision.
   OTHER  [diagnosis] She posts by 1 p.m. daily and named the only two things that override it on the Forbes Top Creators Show in 2026

score 0.038   Tate-McRae  <->  stable-ronaldo
   TARGET [counter-typing] Watch for the one behavior that would break this typing
   OTHER  [counter-typing] this typing would need to change.

score 0.037   Tate-McRae  <->  stable-ronaldo
   TARGET [diagnosis] because effort is the one currency they trust to buy a place in a room.
   OTHER  [counter-typing] Shame is what keeps a person horizontal in a room that ten thousand people are waiting on.

score 0.029   Tate-McRae  <->  margaret-qualley
   TARGET [diagnosis] "I have this vision that I'm not supposed to be there." She can see the room.
   OTHER  [diagnosis] that I always feel like I'm harder on myself than anyone else in the room

score 0.027   Tate-McRae  <->  Carina-Zavline
   TARGET [counter-typing] Fours protect the gap between themselves and everyone else.
   OTHER  [diagnosis] she named the gap publicly and submitted to it.

score 0.027   Tate-McRae  <->  KSI
   TARGET [counter-typing] and "nostalgia" runs on pre-emptive heartbreak
   OTHER  [diagnosis] The unbothered act and the trophy cabinet run on one reflex

score 0.026   Tate-McRae  <->  plaqueboymax
   TARGET [counter-typing] to get "as close to authentic as humanly possible
   OTHER  [diagnosis] Max describes the underground music cycle with something close to dread

score 0.026   Tate-McRae  <->  margaret-qualley
   TARGET [diagnosis] dancing was my way of feeling cool and feeling like I excelled at something." Six years old
   OTHER  [diagnosis] that I always feel like I'm harder on myself than anyone else in the room

score 0.026   Tate-McRae  <->  Carina-Zavline
   TARGET [counter-typing] Watch for the one behavior that would break this typing
   OTHER  [counter-typing] Modeling and influencer work reward behaviors that resemble Type 3

------------------------------------------------------------------------------
Top pair scores 1 vs median 0  (~∞x the noise floor).
