Error: Reached max turns (60)
[runner] Turn limit reached; resuming session 0b39a28c-4a6a-47da-aded-11dc44483643 to write outputs
The edit stage for Florence Pugh is finished. I wrote `edit.md`, `evidence-edit.json` and `resolution-edit.json` to the run folder. The article passes the contract's draft checks with no blockers. The verification stage hasn't run on it yet. Nothing was published, and none of the input files were changed.

**What changed in the article**
- **The type call is narrower but still Type 7, medium confidence.** The reviewers showed that two of the three arguments for Seven didn't hold up:
  - "Joke and an exit" was contradicted by how she handled Cornell, Gaza and the Braff abuse.
  - "Freedom" is shared ground with the Eight.
  
  The call now rests on what she does with her own pain (shelving the *Midsommar* grief in a fun set) and on what she chases (beginnings).
- **The rivals are ranked more honestly.** The article admits that her reason for hiding pain fits a Two as well as a Seven, and that the "what does she defend" question favors the Eight. Eight still ranks above Two because four collaborators describe her that way, while the Two case rests mostly on her own words. A counterphobic Six is now named as a lookalike, and the article says that is where the reading is most likely to be wrong.
- **Factual errors are fixed:**
  - The Studio City story was first told in 2018, not "six years later".
  - The FAQ wrongly said she never explained her *Don't Worry Darling* silence. She gave a reason in 2024, so the silence now counts for no type.
  - The Cornell quote now includes the fear and anxiety she named, not just the rage.
  - The persona title no longer says she "keeps her pain quiet". It is now "Hollywood's Thrill-First Enthusiast".
- **New sources I checked myself:**
  - I downloaded the official Theroux episode audio and transcribed it with Whisper. It confirms the "people pleaser… paddling for dear life" line and the "arguing a lot" with directors line. It also shows she said both "good" and "upbeat" for everybody else, which settles the dispute between the two transcripts.
  - Variety's April 2025 piece replaces Wikipedia as the source for the Marvel insurance story.
  - A 2015 Oxford Times interview shows she was eager about the pilot at the time.

**Resolution file:** all 47 review findings are marked fixed, with reasons. Of the 19 protected passages, 15 are kept word for word and 4 are changed. Each change was needed to remove something false, and the reason is recorded.

**Things the verifier should know**
- **Length:** the body is 4,343 words. That is above the 2,000–3,500 target but under the 4,500 limit. I cut about 900 words to get there, including Lewis Pullman's quote, which I had verified.
- **Things I could not confirm, so the article doesn't claim them:**
  - I couldn't confirm "Christmas 2018" against production dates, so the article says "that first Christmas".
  - The SHE MD podcast lines exist only as YouTube auto-captions, so they are paraphrased, not quoted.
  - The Six-versus-Seven distinction is thin, and it's listed as a research task.
- **Recheck before publishing:**
  - The Cornell case, by 2027-03-31.
  - The *Don't Worry Darling* status, if Pugh or Olivia Wilde says anything new.

Separately: several plugin connectors (Slack, Linear, Ahrefs and others) need to be authorized before their tools work, and the Supabase connection failed this session. Neither was needed for this stage.
