========================================================================
LOAD-BEARING SOURCE AUDIT — Khabib-Nurmagomedov  (Type 8)
/Users/djwayne/9takes/src/blog/people/drafts/Khabib-Nurmagomedov.md
========================================================================

### EPIGRAPH
  [INLINE  ] "If I give my word, I have to follow this."
             outlet="UFC 254 in-cage interview"  year=2020  venue="interview"

### COLD OPEN
  [VAGUE   ] "Really, honestly, I don't remember this. I want to be honest. I don't remember."
             year=2021  venue="podcast"

### DIAGNOSIS
  [VAGUE   ] "I told him: brother, you have to be careful. It's not good idea to joke with me."
             year=2023  venue="podcast"
  [VAGUE   ] "he just stopped, and he realized: this is real talk."
             year=2023  venue="podcast"
  [VAGUE   ] "This guy never lost. Everybody lost, but he never lost"
             year=2026  venue="interview"
  [INLINE  ] "Ring girls are the most useless people in martial arts. What is their function?"
             outlet="Fox News"  year=2021
  [INLINE  ] "You can't have boxing without the ring girls"
             outlet="Fox News"  year=2022

### EMPATHY TURN
  (no quoted material in slot)

### CLOSE
  (no quoted material in slot)

------------------------------------------------------------------------
SUMMARY: 7 load-bearing quote(s) — 3 inline, 4 vague, 0 untagged
  untagged quote in epigraph OR cold open: no
  any untagged load-bearing quote:         no
------------------------------------------------------------------------
