========================================================================
LOAD-BEARING SOURCE AUDIT — caitlin-clark  (Type 1)
src/blog/people/drafts/Caitlin-Clark.md
========================================================================

### EPIGRAPH
  [INLINE  ] "I think people forget at the end of the day, like, I care more than all of you. Like, I want to be the best."
             outlet="Yahoo Sports"  year=2026

### COLD OPEN
  [VAGUE   ] "Honestly, I think I'm at a six, probably,"
             year=2026
  [VAGUE   ] "I've only played 60 games in this league and I've played two playoff games. I'm only 24. Like I still feel like I have so much room to improve."
             year=2026
  [UNTAGGED] "We'll have to see,"
             — no outlet / year / venue —  (bare speech verb, no outlet/year/venue)

### DIAGNOSIS
  [INLINE  ] "I'm obsessed with the work. And then you get in the game and then you're competitive with it because you've been so obsessed with the time that you've put in. I come in here every single day and I want to put in the work and get everything "
             outlet="ESPN"  year=2026
  [INLINE  ] "To get her to become a good leader, it took time because she was so used to doing everything on her own. But she learned it, and she learned it really well."
             outlet="The Gazette"  year=2026

### EMPATHY TURN
  (no quoted material in slot)

### CLOSE
  (no quoted material in slot)

------------------------------------------------------------------------
SUMMARY: 6 load-bearing quote(s) — 3 inline, 2 vague, 1 untagged
  untagged quote in epigraph OR cold open: YES (blocks A/B+ per source standard)
  any untagged load-bearing quote:         YES
------------------------------------------------------------------------
