========================================================================
LOAD-BEARING SOURCE AUDIT — noah-wyle  (Type 6)
src/blog/people/drafts/Noah-Wyle.md
========================================================================

### EPIGRAPH
  [INLINE  ] "Fear is the attendant emotion on a film set. Everybody shows up worried that they're not going to do a good enough job or they're going to be called out as an impostor."
             outlet="Great Chat"  year=2026  venue="podcast"

### COLD OPEN
  [INLINE  ] "If anybody is going on shift tonight or coming off shift tonight, thank you for being in that job. This is for you."
             outlet="SlashFilm"  year=1999

### DIAGNOSIS
  [INLINE  ] "old, old, old"
             outlet="Gold Derby"  year=2026  venue="podcast"
  [INLINE  ] "the therapeutic process throughout my life and career … put down your competency mask and admit that you're having a little bit of impostor syndrome or worse, an existential crisis."
             outlet="Great Chat"  year=2026  venue="podcast"
  [INLINE  ] "I know you don't want to do the show again, and I don't really either, but if you ever want to talk about what's happening right now and need someone to scream from a mountaintop, I volunteer."
             outlet="Television Academy"  year=2025

### EMPATHY TURN
  (no quoted material in slot)

### CLOSE
  (no quoted material in slot)

------------------------------------------------------------------------
SUMMARY: 5 load-bearing quote(s) — 5 inline, 0 vague, 0 untagged
  untagged quote in epigraph OR cold open: no
  any untagged load-bearing quote:         no
------------------------------------------------------------------------
