========================================================================
LOAD-BEARING SOURCE AUDIT — Nara-Smith  (Type 8)
/Users/djwayne/9takes/src/blog/people/drafts/Nara-Smith.md
========================================================================

### EPIGRAPH
  [INLINE  ] "I want to be seen as this very like collected strong woman to where I don't want people to think I'm unwell."
             outlet="Call Her Daddy"  year=2026

### COLD OPEN
  (no quoted material in slot)

### DIAGNOSIS
  [INLINE  ] "there was this like weird gut feeling of being like, 'Oh, she has cancer. I know she has.' … I looked at Lucky and I'm like, 'This is it. Let's just brace ourselves.'"
             outlet="Call Her Daddy"  year=2026
  [INLINE  ] "basically a one-man show, woman show. … He does the dishes. I don't touch the dishes. There's no way you're going to see me washing and scrubbing the dishes."
             outlet="Call Her Daddy"  year=2026  venue="episode"
  [INLINE  ] "I'm a very ambitious and driven and hardworking woman to where there was no option but to film and get the video up. So, it wasn't even a conversation where I was asking for permission. … Well, got to watch the kids, hun, cuz I got to film."
             outlet="Forbes"  year=2026
  [INLINE  ] "I don't think a trad wife would be cooking in like Schiaparelli, you know, or a Mugler look straight off the runway. … I've kind of detached myself from what the public perception is because I know I'm not that."
             outlet="Call Her Daddy"  year=2026
  [INLINE  ] "stomach going through everything at the same time,"
             outlet="Call Her Daddy"  year=2026  venue="interview"

### EMPATHY TURN
  (no quoted material in slot)

### CLOSE
  [INLINE  ] "I've never been able to recreate it,"
             outlet="Call Her Daddy"  year=2026  venue="episode"
  [INLINE  ] "but it was phenomenal."
             outlet="Call Her Daddy"  year=2026  venue="episode"

------------------------------------------------------------------------
SUMMARY: 8 load-bearing quote(s) — 8 inline, 0 vague, 0 untagged
  untagged quote in epigraph OR cold open: no
  any untagged load-bearing quote:         no
------------------------------------------------------------------------
