========================================================================
LOAD-BEARING SOURCE AUDIT — Ibai-Llanos  (Type 9)
/Users/djwayne/9takes/src/blog/people/drafts/ibai-llanos.md
========================================================================

### EPIGRAPH
  [INLINE  ] "A lot of the time you're paying out an anger at someone with food. That happened to me. I'd think: why am I eating this much? I'm not even hungry, and I want to keep eating."
             outlet="The Wild Project"  year=2026

### COLD OPEN
  (no quoted material in slot)

### DIAGNOSIS
  [INLINE  ] "For starters, Xokas, you're not number one. Number one is between me and Ibai."
             outlet="Infobae"  year=2022
  [INLINE  ] "He's in a situation where he needs help. Real help. He needs therapy."
             outlet="Infobae"  year=2022

### EMPATHY TURN
  (no quoted material in slot)

### CLOSE
  (no quoted material in slot)

------------------------------------------------------------------------
SUMMARY: 3 load-bearing quote(s) — 3 inline, 0 vague, 0 untagged
  untagged quote in epigraph OR cold open: no
  any untagged load-bearing quote:         no
------------------------------------------------------------------------
