========================================================================
LOAD-BEARING SOURCE AUDIT — Travis-Kelce  (Type 7)
src/blog/people/drafts/Travis-Kelce.md
========================================================================

### EPIGRAPH
  [INLINE  ] "I was a shy kid growing up, until I got onto the sports field, or the court, or the ice rink, and then I let my personality show a little bit more, because I was having fun."
             year=2024  venue="press conference"

### COLD OPEN
  [VAGUE   ] "He knew exactly what to do,"
             year=2025  venue="episode"
  [VAGUE   ] "and turned it on, and it jumped."
             year=2025  venue="episode"

### DIAGNOSIS
  [VAGUE   ] "didn't cross my mind one bit. … The excitement of the challenge of this year, and being able to maybe do it a third time in a row, that alone was all I needed to come back. … Once that camera's on, baby, you gotta go full send,"
             year=2024
  [UNTAGGED] "I got the seatbelt on, and I'm just riding this roller coaster. It's a good time."
             — no outlet / year / venue —  (bare speech verb, no outlet/year/venue)
  [VAGUE   ] "worked out perfect."
             year=2025  venue="podcast"
  [VAGUE   ] "You saying 'marijuana' makes it sound so more intense. Why does that word sound so intense?"
             year=2025  venue="episode"

### EMPATHY TURN
  (no quoted material in slot)

### CLOSE
  (no quoted material in slot)

------------------------------------------------------------------------
SUMMARY: 7 load-bearing quote(s) — 1 inline, 5 vague, 1 untagged
  untagged quote in epigraph OR cold open: no
  any untagged load-bearing quote:         YES
------------------------------------------------------------------------
