========================================================================
LOAD-BEARING SOURCE AUDIT — Ms-Rachel  (Type 2)
src/blog/people/drafts/Ms-Rachel.md
========================================================================

### EPIGRAPH
  (no quoted material in slot)

### COLD OPEN
  (no quoted material in slot)

### DIAGNOSIS
  [INLINE  ] "It's really painful, … And I have to remind myself that people don't know my heart, and people try to tell you who you are, but you know who you are."
             outlet="WBUR"  year=2025  venue="interview"
  [INLINE  ] "That's really painful, because obviously it's not true. … It is difficult to receive criticism, but I know who I am."
             outlet="Democracy Now"  year=2025
  [INLINE  ] "I can't fake being genuine. I just, I love children so much."
             outlet="Hollywood Reporter"  year=2025
  [INLINE  ] "I think it might be a little abnormal, the amount of empathy I have,"
             outlet="The Washington Post"  year=2025

### EMPATHY TURN
  (no quoted material in slot)

### CLOSE
  (no quoted material in slot)

------------------------------------------------------------------------
SUMMARY: 4 load-bearing quote(s) — 4 inline, 0 vague, 0 untagged
  untagged quote in epigraph OR cold open: no
  any untagged load-bearing quote:         no
------------------------------------------------------------------------
