I've written the draft and its evidence file for the Dakota Johnson run. They pass the pipeline's draft and evidence checks with no blockers. Only those two files were written, and nothing was published or graded.

**The angle.** She's famous for lying to the press: the limes, and calling lying to the press "the most fun." Yet in the 2026 Vogue interview, the one thing that ruffled her was being called cool: "I just want to be authentic." When I reopened the 2024 Bustle interview, I found her line "It's hard for me to fake it" is about press tours, in the same interview as "the most fun." That became the hinge. She'll play with facts for a laugh, but she won't fake a feeling or let her work become something it isn't. The article labels that as an inference, not something she has said.

**The type call.** Type 4, medium confidence. Type 6 is argued at full strength next to it: her anxiety, stage fright, "safe/protected" language, the cult-then-"defiant" exchange, and her calling Maggie Gyllenhaal her "shepherd." What tips it to 4 is how she uses safety. For her it's what frees her to create ("when I feel safe, I think I can do anything"). She also rejects having a method and calls "the safe thing" boring. Eight, Nine and Seven each get a paragraph, and a closing section lists what the Type 4 reading doesn't explain.

**Two calls you can veto:**
- **Length:** it's 3,918 words. That's under the 4,500 hard limit but above the 2,000–3,500 target, so reviewers may ask for cuts.
- **Hitchcock cut:** I dropped her grandmother's account of Hitchcock and her "How could you not have warned us?" line. It was sensitive and only lightly supported the type 6 case. Easy to restore if you want it.

**Accuracy fixes from reopening the sources:**
- "I don't belong here" is about fashion shows in general, not the Gucci show specifically.
- The Fifty Shades "we" who shot two versions of each scene isn't only her and costar Jamie Dornan.
- I found a 2017 put-on worth using. On rumors that she and Dornan hated each other and were having an affair, she said: "We hate each other and we're having an affair, so everybody's right."

**Rules followed:**
- The unconfirmed Ellen line isn't quoted.
- The limes story is told as two different versions of her own account.
- No rehab claim and no rumored romances; she's quoted only declining to discuss her love life.
- The Fifty Shades conflict is presented as her account beside the 2017 director's, and her praise of E.L. James is kept.

**Before publishing:**
- Recheck for any public response from E.L. James.
- Recheck Verity's opening numbers and reception.

Supabase failed to connect this session, and several plugin connectors need authorizing in your settings. Neither was needed for this stage.

Files are in `docs/content-analysis/pipeline-logs/2026-10-07_17-14-15-009_dakota-johnson/`:
- `draft.md`
- `evidence-draft.json`
Draft stage complete. Both requested outputs are written and pass the contract's own checks; nothing else in the repo was modified and nothing was published.

**What I wrote**

- `draft.md` in the run directory. Type 4 at medium confidence, with counterphobic Type 6 argued at full strength as the live alternative. The hook is her May 2025 Cannes line about showing up to premieres and thinking "That is not what I thought we were making," set against her own decade-long ledger of named fears.
- `evidence-draft.json`, a continuation of the research record. All 54 sources retained; 139 claims, every one with an exact passage from the article or its metadata.

**The argument, as the research record prescribed**

- The discriminator is fear versus grievance, tested on her strongest Six-shaped source rather than around it. The 2022 Vanity Fair lines ("I was 23. So it was scary," "protect each other") are quoted in context beside "both Jamie and I were treated really well," and the grievance that survives is which movie got made.
- Every piece of counterevidence the research flagged as mandatory is in the draft: 2016 "unsure that I will ever work again," 2017 "when I don't feel protected, I tend to close right up," 2021 "shepherd" and "is that going to be okay?", the 2023 low-day anecdote, 2026 "everyone is a spy." The Easter Bunny line sits on the Six side.
- The Ellen exchange is presented as a truthful correction, the limes as two shifting first-person versions, the Fifty Shades fight as Johnson's and Taylor-Johnson's accounts beside James's 2015 words and her praise of James. No rehab claim, no romance, no unconfirmed Ellen line, no joke used as fear evidence.

**Verification I did**

- Reopened Vanity Fair 2022 and L'Officiel 2024 by curl to confirm quotes that were in claims but not in the stored excerpts; both confirmed and the source records now note the reopen.
- Script-matched 137 quotations in the body against the source excerpts; all match verbatim.
- Ran the contract's `checkDraft` and `validateEvidence`: no blockers, 4,297 words, meta title 51 characters, description 153, type answer 59 words.

**Two things for reviewers to weigh**

- **Length.** The draft is under the 4,500 hard limit but above the 2,000 to 3,500 target. A first pass quoting the record claim by claim ran 5,160 words. Three condensing passes cut it; further cuts would start removing counterevidence the research marked as required.
- **Dropped claims.** 24 research claims are not used (the Ringer commentary, Michele, the 2018 Flicks defense, the troll and cult jokes, the two 2024 critics, among others). They are listed in the last research task with their sources retained, so a reviewer can ask for any back. The hypothesis texts were edited to reference only retained claims, and `for_claim_ids` drops C19 and C152.

The similarity scanner trips only against the superseded live Dakota draft from the prior run, not against any other subject. Other subjects' overlap scores are negligible.
