I wrote the unfamiliar-reader review for the Dakota Johnson draft. It passes the pipeline's review-format check, and every quoted passage matches the draft word for word. That file is the only thing I changed in the repo. I didn't touch the draft or evidence, didn't read the other reviewers' files, and didn't publish anything.

**File:** `docs/content-analysis/pipeline-logs/2026-10-07_17-14-15-009_dakota-johnson/review-unfamiliar.json`

**Overall:** for someone who doesn't know her, the profile is engaging. The opening sets up a real puzzle (she jokes that lying to the press is "the most fun" but says she can't fake a feeling), and the "what is her safety for?" argument pays it off. The main problems are orientation and a few references that assume the reader already knows the story.

**Two major findings:**
- **Never says who she is up front.** Nothing before the type answer says she's an actress, and the reader only learns she's famous for Fifty Shades about 800 words in. Her parents are also named without saying they're actors.
- **The Ellen moment is filed with her pranks, but she was telling the truth.** In the clip, DeGeneres admits she was invited. Read cold, it looks like another prank, which muddles the section about the line between a bit and a faked feeling. The draft also never says why the clip is famous, so her line "It will haunt me" falls flat.

**Six minor findings:**
- "Erika" appears in quotes without saying it's E.L. James's first name.
- Madame Web is never described, so "I don't make sense in that world" doesn't land.
- "A bleak political moment" is vague; the source shows she meant the 2022 news that Roe v. Wade would likely be overturned.
- Type 3 is raised twice but never tested, and the type answer and FAQ don't list it as a rival.
- The draft runs 3,918 words against a 3,500 target, and the closing "what's left open" section repeats caveats already made.
- "The candid persona" is never defined or dated, so the argument that Foley's 2017 remark predates it can't be followed.

**Five passages marked for the editor to keep:** the Fincher line ("That she did something different"), the "faking it, not lying" close reading, the safety comparison with Type 6, "Hers runs toward it," and the summer-camp ending.

**Risk flags:** I kept two flags on. One is sensitive allegations: her account of fights with a named living author over creative control, her parents' addiction and her depression. The other is contested typing, since Type 6 is a live rival at medium confidence. Both support running the full six-reviewer panel.

**Similarity check:** it didn't flag anything; the highest match was 0.016 against a 0.04 threshold. It only picked up 2 sections of this draft, though, so it barely covered it. Reading it myself, I found no recycled phrasing from other profiles, so there's no reuse finding.

The Supabase connection failed to load this session; this review didn't need it.
The unfamiliar-reader review for Dakota Johnson is written and validated. Only the one requested output file was created.

**Output:** `docs/content-analysis/pipeline-logs/2026-10-07_17-14-15-009_dakota-johnson/review-unfamiliar.json`

It parses against `reviewSchema`, copies the role and both hashes from the request, and every finding and protected passage is verbatim text from the frozen draft. I recomputed both hashes against the frozen draft and evidence record and they match the request, so the review is bound to the right inputs.

**Verdict as a cold reader.** The profile orients quickly and a stranger learns a lot: the Fifty Shades creative-control fight, why TeaTime exists, the Ellen clip, the limes. Momentum holds through the discriminator section, then the piece becomes a tour for about 1,300 words before a strong ending. Two clarity problems sit at the spine of the argument.

**Findings (7, two major):**
- **Major: Type 6 and "counterphobic" are never defined.** Type 4 gets a plain sentence; the alternative the title, description, 60-word answer and FAQ hinge on does not. No published 9takes people page uses "counterphobic," so readers cannot lean on site familiarity.
- **Major: the thesis sentence is asserted before it is defended.** The intro says she has "never described a set as a place where she was misled," while the hook's "not what I thought we were making" and "signed up to do a very different version" sound like exactly that to a newcomer. The answer exists but arrives 1,500 words later and is never attached to those quotes.
- **Minor:** Easter Bunny line lacks its setup. Gyllenhaal, Burghardt and Rohrwacher lack role descriptors that carry the evidence. The misled-versus-work-made-false formulation repeats four times. Meta title "Why 4 Leads a Live 6" is insider shorthand. "One of seven half-siblings" inherits Vanity Fair's ambiguous count.

**Protected (5):** the Cannes hook, the Fincher "did something different" close, "where the fear sits matters," the Seven paragraph's turn, and the summer-camp ending.

**Risks carried forward:** sensitive allegations (the Fifty Shades account about a named living person with no response) and contested typing, both true. Historical source uncertainty and major thesis change are false.

**Similarity:** all three tripped pairs are self-matches against the earlier Dakota Johnson draft of the same subject. The highest cross-subject score has no shared phrases and a different argument, so no reuse finding.

Nothing else in the run directory was modified, and nothing was published.
