Draft complete and all gates pass.

```
MODE: non-interactive
DRAFT: /src/blog/people/drafts/Chase-Infiniti.md
RESEARCH: /docs/content-analysis/research/Chase-Infiniti.md
STATUS: production_pretext.status = draft
BLOCKERS: none
GATES: Gate 1 pass (7 qualifying quotes, need ≥2) | Gate 2 pass (5 search-intent/hybrid H2s, need ≥2)
       Gate 3 pass (no self-loop) | Gate 4 pass (0 "A [Type]" sentence starts, hook is not an object-reveal)
       Gate 5 pass (2 type-theory paragraphs in body, cap 4) | Gate 6 pass
LINT: 0 fail, 1 warn (no faqs — owned by the downstream frontmatter-enrich stage)
LIMITATIONS: no_transcripts; tollbit paywall on THR/Deadline/IndieWire
```

**The read:** Type 3, 3w2, social-dominant. Core tension is *belonging performed vs. belonging felt* — a biracial kid from the seam between two Indianapolis neighborhoods who says she understands "feeling like you don't fully belong in your environment," and whose mantra is the exact counter-statement: "I'm not here by accident."

The thesis hangs on her own standard for competence, stated out loud about learning lace for *The Testaments*: **"I'm at a point now where it's convincing on camera."** Not learned. Convincing.

**Bespoke section form:** the six-month audition gauntlet rendered as a syllabus, generated by her own word for it ("I treated every single callback and chemistry read like a master class").

**Internal links (5):** Teyana Taylor (her "movie mom," published Type 3) → `/personality-analysis/teyana-taylor`; Type 3 pillar; types-in-stress; wings guide; instinctual subtypes.

**Two things worth your attention:**

1. **`docs/blog-automation/backlog-queue.json` has a wrong fact.** Its `priorityReason` for chase-infiniti claims a "Critics Choice Best Actress win." She was *nominated* and lost to Jessie Buckley (*Hamnet*). I did not repeat it in the draft and did not edit the queue — it's pipeline-managed and currently holds an in-progress lock, so that's your or the orchestrator's call.

2. **The prior run (2026-08-10) died on usage credits**, not content — `1_create.log` reads "You're out of usage credits," and the summary halted with `draft_missing_after_stage_1_create`. Nothing was wrong with the subject.

Transcripts failed this run: `youtube-transcript-api` returned `IpBlocked` and `yt-dlp` HTTP 429 on all four shortlisted videos. I substituted verbatim quote extraction from ten-plus published interviews (*Dazed*, *W* ×2, TheWrap, *Variety*, *Interview*, AOL syndication) covering seven named third parties, so the testimony gate clears comfortably. The highest-value unread source is THR's "what terrifies her most about *The Testaments*" feature, blocked by tollbit.

Next step per the workflow: human review, then flip `production_pretext` to `ready` and run `blog_content_production_people`. Grading is `/grade_blog`'s job, not this command's.
