========================================================================
LOAD-BEARING SOURCE AUDIT — chase-infiniti  (Type 3)
src/blog/people/drafts/Chase-Infiniti.md
========================================================================

### EPIGRAPH
  [INLINE  ] "Paul, in that screen test, literally handed her a razor and was like, 'Shave Leo's face.'"
             outlet="TheWrap"  year=2025

### COLD OPEN
  [INLINE  ] "I'm sure she was shaking, … but she held it all in and didn't look like she missed a beat."
             outlet="TheWrap"  year=2025
  [VAGUE   ] "I was like shaking the entire time. I was like, 'I'm so sorry. I hope I don't do anything wrong.'"
             year=2026
  [INLINE  ] "I can definitely understand feeling like you don't fully belong in your environment."
             outlet="Dazed"  year=2025
  [INLINE  ] "I ground myself and remind myself that I'm here for a reason. I'm not here by accident."
             outlet="Elle"  year=2025

### DIAGNOSIS
  [INLINE  ] "I treated every single callback and chemistry read like a master class, … I would observe them, and I would try to pick up everything that I could and be a sponge."
             outlet="TheWrap"  year=2025
  [INLINE  ] "I've struggled with embroidery and lace making. We all did. I'm at a point now where it's convincing on camera."
             outlet="W magazine"  year=2026
  [INLINE  ] "incredible leaders and guides on that film,"
             outlet="IndieWire"  year=2025
  [INLINE  ] "an encyclopedia."
             outlet="IndieWire"  year=2025
  [INLINE  ] "I didn't tell anybody that I was in the movie, … until the trailer started to play before Sinners at the movie theater."
             outlet="Variety"  year=2026

### EMPATHY TURN
  (no quoted material in slot)

### CLOSE
  (no quoted material in slot)

------------------------------------------------------------------------
SUMMARY: 10 load-bearing quote(s) — 9 inline, 1 vague, 0 untagged
  untagged quote in epigraph OR cold open: no
  any untagged load-bearing quote:         no
------------------------------------------------------------------------
