==============================================================================
SAME-TYPE ARGUMENT-SIMILARITY SCAN — chase-infiniti (Type 3)
/Users/djwayne/9takes/src/blog/people/drafts/Chase-Infiniti.md
==============================================================================

Target diagnosis+counter-typing units: 48
Comparison set (last 8 other Type-3 drafts by date):
  - Tate-McRae  (2026-08-04, 34 units)
  - stable-ronaldo  (2026-08-02, 49 units)
  - Brooke-Monk  (2026-07-31, 40 units)
  - KSI  (2026-07-31, 38 units)
  - Carina-Zavline  (2026-07-29, 19 units)
  - Alex-Warren  (2026-07-27, 32 units)
  - plaqueboymax  (2026-07-27, 33 units)
  - jynxzi  (2026-07-25, 30 units)

Noise floor over 13200 unit pairs:  median=0  p90=0  p99=0.006  max=1
Trip threshold: 0.04  →  TRIPPED

TRIP PAIRS:
------------------------------------------------------------------------------
score 1.000   chase-infiniti  <->  Tate-McRae
   TARGET [diagnosis] Chase Infiniti is an Enneagram Type 3
   OTHER  [diagnosis] Tate McRae is an Enneagram Type 3

score 1.000   chase-infiniti  <->  stable-ronaldo
   TARGET [diagnosis] Chase Infiniti is an Enneagram Type 3
   OTHER  [diagnosis] Stable Ronaldo is an Enneagram Type 3


Most similar drafts (max unit-pair score):
  1.000 ######################################## Tate-McRae
  1.000 ######################################## stable-ronaldo
  0.112 ####                 KSI
  0.063 ###                  plaqueboymax
  0.047 ##                   Alex-Warren
  0.042 ##                   Brooke-Monk
  0.040 ##                   Carina-Zavline
  0.036 #                    jynxzi

TOP SIMILAR SENTENCE/CLAUSE PAIRS:
------------------------------------------------------------------------------
score 1.000   chase-infiniti  <->  Tate-McRae
   TARGET [diagnosis] Chase Infiniti is an Enneagram Type 3
   OTHER  [diagnosis] Tate McRae is an Enneagram Type 3

score 1.000   chase-infiniti  <->  stable-ronaldo
   TARGET [diagnosis] Chase Infiniti is an Enneagram Type 3
   OTHER  [diagnosis] Stable Ronaldo is an Enneagram Type 3

score 0.112   chase-infiniti  <->  KSI
   TARGET [diagnosis] Chase Infiniti is an Enneagram Type 3
   OTHER  [diagnosis] That sentence is an Enneagram Type 3 describing his own operating system with unusual honesty.

score 0.082   chase-infiniti  <->  Tate-McRae
   TARGET [counter-typing] which is the one behavior the type does not account for.
   OTHER  [counter-typing] Watch for the one behavior that would break this typing

score 0.063   chase-infiniti  <->  plaqueboymax
   TARGET [diagnosis] and the full case is in the rabbit hole below.
   OTHER  [diagnosis] and the full cross-examination in the collapsed panel past the burnout section.

score 0.047   chase-infiniti  <->  Tate-McRae
   TARGET [counter-typing] which is the one behavior the type does not account for.
   OTHER  [diagnosis] because effort is the one currency they trust to buy a place in a room.

score 0.047   chase-infiniti  <->  Tate-McRae
   TARGET [diagnosis] Type 6 is the one reading that could displace this one
   OTHER  [diagnosis] because effort is the one currency they trust to buy a place in a room.

score 0.047   chase-infiniti  <->  Alex-Warren
   TARGET [diagnosis] They read as a Three's healthiest instinct rather than a Six's core
   OTHER  [diagnosis] So the hate reads as honest and the love reads as a con.

score 0.042   chase-infiniti  <->  Brooke-Monk
   TARGET [diagnosis] " she told Variety in June 2026
   OTHER  [diagnosis] " she told Elite Daily in 2023.

score 0.040   chase-infiniti  <->  Carina-Zavline
   TARGET [diagnosis] and three years of public record
   OTHER  [diagnosis] Carina's public record fits that pattern

score 0.039   chase-infiniti  <->  plaqueboymax
   TARGET [diagnosis] then checks that preparation against someone they trust.
   OTHER  [counter-typing] Max gives and then checks the scoreboard.

score 0.036   chase-infiniti  <->  jynxzi
   TARGET [diagnosis] They read as a Three's healthiest instinct rather than a Six's core
   OTHER  [counter-typing] which is stage fright rather than the Six's ambient scanning for danger.

------------------------------------------------------------------------------
Top pair scores 1 vs median 0  (~∞x the noise floor).
