========================================================================
LOAD-BEARING SOURCE AUDIT — Demis-Hassabis  (Type 5)
src/blog/people/drafts/Demis-Hassabis.md
========================================================================

### EPIGRAPH
  [INLINE  ] "I've always had this sort of screaming at me in my face and it's getting louder. It's like, what is going on here?"
             outlet="Lex Fridman"  year=2025  venue="podcast"

### COLD OPEN
  [INLINE  ] "close at hand … so that I have the time and space to focus on the big picture,"
             outlet="Time"  year=2026

### DIAGNOSIS
  [INLINE  ] "hardcore training"
             outlet="Lex Fridman"  year=2025
  [INLINE  ] "great little microcosm simulations of the world."
             outlet="Lex Fridman"  year=2025
  [INLINE  ] "the ultimate tool to help us answer these kinds of questions,"
             outlet="Lex Fridman"  year=2025
  [INLINE  ] "He is an incredibly competitive person."
             outlet="Lex Fridman"  year=2023
  [INLINE  ] "It's not about really beating the other person, … It's about maximizing your own potential."
             outlet="Lex Fridman"  year=2023
  [INLINE  ] "struggled to get satisfaction"
             outlet="Semafor"  year=2026

### EMPATHY TURN
  (no quoted material in slot)

### CLOSE
  (no quoted material in slot)

------------------------------------------------------------------------
SUMMARY: 8 load-bearing quote(s) — 8 inline, 0 vague, 0 untagged
  untagged quote in epigraph OR cold open: no
  any untagged load-bearing quote:         no
------------------------------------------------------------------------
