========================================================================
LOAD-BEARING SOURCE AUDIT — Jonathan-Bailey  (Type 3)
src/blog/people/drafts/Jonathan-Bailey.md
========================================================================

### EPIGRAPH
  [INLINE  ] "One thing that we're all born with is the sense of longing. Longing comes before anything else, doesn't it? ... And actually, if you long for someone, more often than not you don't think you are worthy of it. And that, to me, is a way into "
             outlet="Interview magazine"  year=2024  venue="interview"

### COLD OPEN
  [INLINE  ] "I've just got to pop in and just take one photo with so many girls. It's going to be amazing. You're going to love it."
             outlet="CBS"  year=2024
  [INLINE  ] "we talked a lot about actually growing up and about dance and what it meant to play a character who literally dances through life now."
             outlet="Netflix"  year=2024

### DIAGNOSIS
  [INLINE  ] "I just suddenly became aware of a story and a narrative that was put on something that I was so passionate about."
             outlet="CBS"  year=2024
  [INLINE  ] "It was like a Tupperware box that had been locked down, … It was affecting relationships, friendships, romantic relationships, because I felt like I was withdrawing. … To be able to identify emotion seems to me completely parallel to being "
             outlet="Attitude"  year=2020

### EMPATHY TURN
  (no quoted material in slot)

### CLOSE
  (no quoted material in slot)

------------------------------------------------------------------------
SUMMARY: 5 load-bearing quote(s) — 5 inline, 0 vague, 0 untagged
  untagged quote in epigraph OR cold open: no
  any untagged load-bearing quote:         no
------------------------------------------------------------------------
