========================================================================
LOAD-BEARING SOURCE AUDIT — Hunter-Biden  (Type 4)
/Users/djwayne/9takes/src/blog/people/drafts/Hunter-Biden.md
========================================================================

### EPIGRAPH
  [INLINE  ] "I'm Hunter Biden. You've never actually heard from me."
             outlet="first post on X"  year=2026

### COLD OPEN
  [INLINE  ] "I was given the gift of being so publicly shamed and humiliated, and literally stripped bare, in some cases literally stripped naked in the public square, … I had nowhere to hide, nowhere left to hide."
             outlet="NPR"  year=2026  venue="memoir"

### DIAGNOSIS
  [INLINE  ] "I don't have any more secrets,"
             outlet="Channel 5"  year=2025
  [INLINE  ] "The things that most people would be very embarrassed about, I've been very open about."
             outlet="Channel 5"  year=2025
  [INLINE  ] "I'm the most transparent motherfer you ever met."
             outlet="Shawn Ryan Show"  year=2025

### EMPATHY TURN
  (no quoted material in slot)

### CLOSE
  (no quoted material in slot)

------------------------------------------------------------------------
SUMMARY: 5 load-bearing quote(s) — 5 inline, 0 vague, 0 untagged
  untagged quote in epigraph OR cold open: no
  any untagged load-bearing quote:         no
------------------------------------------------------------------------
