==============================================================================
SAME-TYPE ARGUMENT-SIMILARITY SCAN — simone-biles (Type 6)
/Users/djwayne/9takes/src/blog/people/drafts/Simone-Biles.md
==============================================================================

Target diagnosis+counter-typing units: 45
Comparison set (last 8 other Type-6 drafts by date):
  - noah-wyle  (2026-08-09, 57 units)
  - samara-weaving  (2026-08-03, 29 units)
  - Jack-Antonoff  (2026-07-30, 27 units)
  - mila-kunis  (2026-07-29, 40 units)
  - jensen-huang  (2026-07-28, 16 units)
  - ninja  (2026-07-28, 43 units)
  - Sadie-Sink  (2026-07-24, 34 units)
  - Joe-Lonsdale  (2026-07-19, 28 units)

Noise floor over 12330 unit pairs:  median=0  p90=0  p99=0.006  max=0.159
Trip threshold: 0.04  →  clear


Most similar drafts (max unit-pair score):
  0.159 ######               noah-wyle
  0.056 ##                   samara-weaving
  0.042 ##                   Joe-Lonsdale
  0.041 ##                   Sadie-Sink
  0.033 #                    Jack-Antonoff
  0.033 #                    mila-kunis
  0.021 #                    ninja
  0.009                      jensen-huang

TOP SIMILAR SENTENCE/CLAUSE PAIRS:
------------------------------------------------------------------------------
score 0.159   simone-biles  <->  noah-wyle
   TARGET [counter-typing] The Type 3 case is argued up in the diagnosis section
   OTHER  [counter-typing] The Type 3 case is the one a skeptic reaches for first

score 0.085   simone-biles  <->  noah-wyle
   TARGET [counter-typing] The reason to keep it is that both questions were asked privately
   OTHER  [diagnosis] The reason to credit it is the thirty years of unglamorous

score 0.074   simone-biles  <->  noah-wyle
   TARGET [counter-typing] The wing and the stress line are offered above as the reconciliation
   OTHER  [diagnosis] The wing and subtype case lives in the Rabbit Hole below

score 0.056   simone-biles  <->  samara-weaving
   TARGET [diagnosis] and no Achiever reading explains why the threat rather than the verdict is what she cannot close.
   OTHER  [diagnosis] The second tell is what she says about the future.

score 0.042   simone-biles  <->  Joe-Lonsdale
   TARGET [diagnosis] "It was about the process that it took to get there." No scoreboard could certify that
   OTHER  [diagnosis] he said editing the Stanford Review was "not as much about the politics as it was about being contrarian" and added

score 0.041   simone-biles  <->  Sadie-Sink
   TARGET [diagnosis] "I really need to find out who I am without gymnastics." In that same 2024 Call Her Daddy interview she arrives at it by finding the attention baffling.
   OTHER  [diagnosis] " she said in that same 2025 profile for Harper's Bazaar.

score 0.037   simone-biles  <->  Sadie-Sink
   TARGET [diagnosis] A Three asks whether the result was enough
   OTHER  [counter-typing] A Three case exists too

score 0.033   simone-biles  <->  Jack-Antonoff
   TARGET [diagnosis] Search her name with the word "personality" and the internet hands you three answers.
   OTHER  [diagnosis] The tell is what Antonoff does with the word "safe." Giving Apple Music a tour of his workspace above Electric Lady Studios in 2024

score 0.033   simone-biles  <->  mila-kunis
   TARGET [diagnosis] A Type 6 does not doubt the evidence.
   OTHER  [diagnosis] The evidence does not justify a confident stacking order.

score 0.032   simone-biles  <->  Sadie-Sink
   TARGET [diagnosis] A Three asks whether the result was enough
   OTHER  [counter-typing] A Three turns praise into confidence.

score 0.028   simone-biles  <->  noah-wyle
   TARGET [diagnosis] she rebuilds without a trusted circle
   OTHER  [counter-typing] spent fifteen years in unglamorous ensemble work without a reinvention

score 0.027   simone-biles  <->  mila-kunis
   TARGET [counter-typing] The Type 3 case is argued up in the diagnosis section
   OTHER  [diagnosis] Self-preservation shows up in money stories

------------------------------------------------------------------------------
Top pair scores 0.159 vs median 0  (~∞x the noise floor).
