========================================================================
LOAD-BEARING SOURCE AUDIT — simone-biles  (Type 6)
src/blog/people/drafts/Simone-Biles.md
========================================================================

### EPIGRAPH
  [INLINE  ] "My knees are fine. My brain hurts."
             outlet="Call Her Daddy"  year=2024

### COLD OPEN
  [INLINE  ] "No, that's scary. I don't want to look at it. That's scary."
             outlet="The Art of Excellence"  year=2025
  [INLINE  ] "It's more of a whoosh that I hear in my ears."
             outlet="The Art of Excellence"  year=2025  venue="episode"

### DIAGNOSIS
  [INLINE  ] "At the end of it she came up to me and said, 'did I do it?'"
             outlet="The Art of Excellence"  year=2025
  [INLINE  ] "It was about the process that it took to get there."
             outlet="The Art of Excellence"  year=2025  venue="episode"
  [INLINE  ] "I'm like, hey, look, it's Olympic year. Did we figure out why that happened? And she's like, Simone, we figured out why this has happened. I was like, are we sure? Are we sure? cuz it can't happen again."
             outlet="Call Her Daddy"  year=2024
  [INLINE  ] "I really need to find out who I am without gymnastics."
             outlet="Call Her Daddy"  year=2024  venue="interview"
  [INLINE  ] "How's that the biggest thing for you to follow me because I won this? It was kind of weird."
             outlet="Call Her Daddy"  year=2024  venue="interview"

### EMPATHY TURN
  (no quoted material in slot)

### CLOSE
  (no quoted material in slot)

------------------------------------------------------------------------
SUMMARY: 8 load-bearing quote(s) — 8 inline, 0 vague, 0 untagged
  untagged quote in epigraph OR cold open: no
  any untagged load-bearing quote:         no
------------------------------------------------------------------------
