========================================================================
LOAD-BEARING SOURCE AUDIT — zach-bryan  (Type 6)
src/blog/people/drafts/Zach-Bryan.md
========================================================================

### EPIGRAPH
  [INLINE  ] "I'm so scared, man. Not scared of anything in particular. I'm just not scared of the world either."
             outlet="Joe Rogan Experience"  year=2023

### COLD OPEN
  [INLINE  ] "Get ready with us, we're about to play the biggest ticketed show in American history!"
             outlet="Billboard"  year=2025
  [INLINE  ] "I really need some fucking help."
             outlet="Billboard"  year=2025

### DIAGNOSIS
  [INLINE  ] "I'm fearful of dangerous things … I'm scared of all of it"
             outlet="Joe Rogan Experience"  year=2023
  [INLINE  ] "a fucking kiss ass... everyone hated me cuz I was like, let's do it, let's go to war, man,"
             outlet="Joe Rogan Experience"  year=2021
  [INLINE  ] "I'd rather not."
             outlet="Joe Rogan Experience"  year=2021

### EMPATHY TURN
  (no quoted material in slot)

### CLOSE
  [INLINE  ] "Thank you so much for the best night of my life,"
             outlet="Billboard"  year=2025

------------------------------------------------------------------------
SUMMARY: 7 load-bearing quote(s) — 7 inline, 0 vague, 0 untagged
  untagged quote in epigraph OR cold open: no
  any untagged load-bearing quote:         no
------------------------------------------------------------------------
