Error: Reached max turns (60)
[runner] Turn limit reached; resuming session dc721625-d33c-4079-adb0-0d0f8dd3f786 to write outputs
I've finished the Joseph Zada edit stage and written all three files to the run directory. All three pass the contract's checks, including the draft's mechanical checks (no blockers). Nothing was published, and I didn't touch the live draft or any input file. The other changed people drafts in git status (Dario-Amodei, Jordi-Hays, Sam-Altman modified; Florence-Pugh new) were already like that when this session started.

**Outputs**
- **`edit.md`**: 3,738 words, down from 3,892. Still Type 6 at medium confidence, and the publish fields (date, lastmod, published, person, loc) are unchanged.
- **`evidence-edit.json`**: status `ready`, 125 claims, 44 sources. I added the Sunrise novel's Wikipedia page and the three 9takes comparison profiles as sources, and dropped 20 claims the article no longer uses.
- **`resolution-edit.json`**: all 45 review findings are marked fixed with reasons. All 23 protected passages are recorded (13 kept word for word, 10 changed with the reason). The baseline had no inherited blockers.

**What changed in the argument**
- **The Harrelson dinner** keeps the opening spot but gets back its warm context ("We chatted and he asked me questions about myself…"). It's dated correctly: after the November 2025 wrap, retold in October 2026. It's no longer presented as a fear, and it's out of the meta title and description.
- **What he fears now points to Type 3.** Every fear he names is about being judged or doing badly. The Six case now rests only on what settles those fears: preparation set up in advance (Berlin "prep mode", the rehearsed intimate scenes) and one line about someone being reliable (Glenn Close). Comfort-type remedies are counted toward Type 9.
- **Two tie-breakers were dropped.** "He broadcasts his nerves" doesn't hold up, because his usual press answer is "I'm really excited". The over-delivered audition tape now counts for neither type.
- **Added from the sources:**
  - his childhood role in *Bilched*;
  - his "Oh, shit" after finally watching James Dean's performance;
  - Zoe Kazan as showrunner (not a director) and Elia Kazan's granddaughter;
  - that the novel already takes Haymitch from hopeful to broken;
  - his own reason for hedging about his method (he wants to experiment);
  - his own enthusiasm for moving to L.A.;
  - a short case against Type 7;
  - a four-project career summary near the top.
- **The ending** now names outcomes that would favour Type 3 or Type 9 after the November 20, 2026 release and the planned 2027 move.

Every quotation in the edit was checked against a source I reopened this session: Interview, Behind The Blinds, HERO, Flaunt, Polyester and Star Observer via a reader proxy, THR directly, and the relevant Wikipedia pages.

**Where the verifier might push back**
- **Length is above the 3,500-word target.** I marked that finding (unfamiliar-08) as fixed because the repetition it flagged is gone. The remaining ~240 words are evidence the other reviewers asked for. The verifier may still read the word target strictly.
- **Medium confidence rests on a lean.** It depends on two preparation examples (Berlin and the rehearsals), and both have ordinary industry explanations. If the verifier discounts them, the honest move is to drop to low confidence or hold, as the Enneagram reviewer suggested. I logged this as a research task.

The verify stage now needs to run. The Supabase connector failed to connect and several plugin connectors need authorization, but this stage didn't need any of them.
