========================================================================
LOAD-BEARING SOURCE AUDIT — stable-ronaldo  (Type 3)
src/blog/people/drafts/Stable-Ronaldo.md
========================================================================

### EPIGRAPH
  [INLINE  ] "I would get like 10,000 viewers and I'd be like, damn, I don't really want to stream."
             outlet="All Grown Up"  year=2024  venue="podcast"

### COLD OPEN
  [INLINE  ] "I was like, damn, I'm the man,"
             outlet="All Grown Up"  year=2024  venue="podcast"
  [INLINE  ] "I could do what I want."
             outlet="All Grown Up"  year=2024  venue="podcast"

### DIAGNOSIS
  [INLINE  ] "completely irrelevant, … tried to be an IRL streamer and failed miserably"
             outlet="Dexerto"  year=2023

### EMPATHY TURN
  (no quoted material in slot)

### CLOSE
  [INLINE  ] "Cause bro you funny, I fw with your sht. Them lil blue headset in that dark a$$ room with your shoes in your background."
             outlet="Streamer University"  year=2026

------------------------------------------------------------------------
SUMMARY: 5 load-bearing quote(s) — 5 inline, 0 vague, 0 untagged
  untagged quote in epigraph OR cold open: no
  any untagged load-bearing quote:         no
------------------------------------------------------------------------
