========================================================================
LOAD-BEARING SOURCE AUDIT — elizabeth-holmes  (Type 3)
src/blog/people/drafts/Elizabeth-Holmes.md
========================================================================

### EPIGRAPH
  [INLINE  ] "I grew up with those stories about greatness, and about people deciding not to spend their lives on something purposeful, and what happens to them when they make that choice: the impact on character and quality of life."
             outlet="The New Yorker"  year=2014

### COLD OPEN
  [INLINE  ] "You're being real right now?"
             outlet="NBC"  year=2026  venue="interview"

### DIAGNOSIS
  (no quoted material in slot)

### EMPATHY TURN
  (no quoted material in slot)

### CLOSE
  (no quoted material in slot)

------------------------------------------------------------------------
SUMMARY: 2 load-bearing quote(s) — 2 inline, 0 vague, 0 untagged
  untagged quote in epigraph OR cold open: no
  any untagged load-bearing quote:         no
------------------------------------------------------------------------
