==============================================================================
SAME-TYPE ARGUMENT-SIMILARITY SCAN — elizabeth-holmes (Type 3)
/Users/djwayne/9takes/src/blog/people/drafts/Elizabeth-Holmes.md
==============================================================================

Target diagnosis+counter-typing units: 21
Comparison set (last 8 other Type-3 drafts by date):
  - Jonathan-Bailey  (2026-09-01, 33 units)
  - Tate-McRae  (2026-08-27, 31 units)
  - margaret-qualley  (2026-08-20, 28 units)
  - alexandr-wang  (2026-08-18, 30 units)
  - adela  (2026-08-14, 17 units)
  - michael-jordan  (2026-08-14, 45 units)
  - David-Beckham  (2026-08-12, 33 units)
  - Mel-Robbins  (2026-08-12, 29 units)

Noise floor over 5166 unit pairs:  median=0  p90=0  p99=0.007  max=0.043
Trip threshold: 0.04  →  clear


Most similar drafts (max unit-pair score):
  0.043 ##                   alexandr-wang
  0.042 ##                   Tate-McRae
  0.032 #                    adela
  0.025 #                    Jonathan-Bailey
  0.023 #                    margaret-qualley
  0.022 #                    michael-jordan
  0.018 #                    David-Beckham
  0.014 #                    Mel-Robbins

TOP SIMILAR SENTENCE/CLAUSE PAIRS:
------------------------------------------------------------------------------
score 0.043   elizabeth-holmes  <->  alexandr-wang
   TARGET [diagnosis] Adding that line means the reader stops seeing the founder who solved the problem and starts seeing a company that has one
   OTHER  [counter-typing] He built a company that assembles expertise instead of a research group that generates it.

score 0.042   elizabeth-holmes  <->  Tate-McRae
   TARGET [diagnosis] and neither her wing nor her instinctual subtype can be settled from what is on the record.
   OTHER  [diagnosis] and she describes it on the record with unusual precision.

score 0.032   elizabeth-holmes  <->  adela
   TARGET [diagnosis] That threat is inferred from her public conduct
   OTHER  [diagnosis] Her public interviews support that reading

score 0.025   elizabeth-holmes  <->  Jonathan-Bailey
   TARGET [diagnosis] the possibility that admitting a limit will make the whole person seem inadequate.
   OTHER  [diagnosis] make the core type a safe call.

score 0.024   elizabeth-holmes  <->  Jonathan-Bailey
   TARGET [diagnosis] Enneagram writing names the Three's central liability deceit
   OTHER  [diagnosis] Two of the three happened while he was hiding

score 0.023   elizabeth-holmes  <->  margaret-qualley
   TARGET [diagnosis] and it places the first deception inward
   OTHER  [counter-typing] and it would make her role choices primary rather than incidental.

score 0.022   elizabeth-holmes  <->  michael-jordan
   TARGET [diagnosis] Enneagram writing names the Three's central liability deceit
   OTHER  [diagnosis] It names the stories you tell yourself to keep the performance running.

score 0.020   elizabeth-holmes  <->  Jonathan-Bailey
   TARGET [diagnosis] The emotional pressure in this reading is shame
   OTHER  [counter-typing] What sinks the Seven read is the shape of his worst moments.

score 0.020   elizabeth-holmes  <->  Jonathan-Bailey
   TARGET [diagnosis] The emotional pressure in this reading is shame
   OTHER  [counter-typing] A Type 2 read is also available given the warmth and the philanthropy

score 0.018   elizabeth-holmes  <->  David-Beckham
   TARGET [diagnosis] and somebody has already told you the lab is in trouble.
   OTHER  [diagnosis] The balance shifts after football has already given Beckham everything Ted asked for.

score 0.018   elizabeth-holmes  <->  alexandr-wang
   TARGET [diagnosis] and the court record puts a date on the version of that choice she made.
   OTHER  [diagnosis] That choice has now been sitting for ten years

score 0.018   elizabeth-holmes  <->  michael-jordan
   TARGET [diagnosis] she has never described the pressure herself.
   OTHER  [diagnosis] which is a five-decade hunt for doubters that opened at a 1978 varsity roster and has never once closed.

------------------------------------------------------------------------------
Top pair scores 0.043 vs median 0  (~∞x the noise floor).
