========================================================================
LOAD-BEARING SOURCE AUDIT — Marcus-Aurelius  (Type 1)
src/blog/people/drafts/Marcus-Aurelius.md
========================================================================

### EPIGRAPH
  [INLINE  ] "Therefore I do penance, am wroth with myself, am sad, compare myself with others, starve myself."
             outlet="Loeb Classical Library"  year=146 AD

### COLD OPEN
  [INLINE  ] "In what holiday-wise we have kept our holiday at Alsium I will not put on paper, that you may not be yourself troubled and scold me, my master."
             outlet="Loeb Classical Library"  year=1920
  [INLINE  ] "It were easier to reconcile you to a polecat than to pleasure. Tell me, Marcus, I beseech you, have you repaired to Alsium only to fast with the sea in sight? What, could you not wear yourself out at Lorium with hunger and thirst and doing "
             outlet="Loeb Classical Library"  year=162 AD  venue="book"

### DIAGNOSIS
  [INLINE  ] "blame what is wrong, in what is right rejoice."
             outlet="George Long"  year=1877  venue="book"
  [INLINE  ] "Be not disgusted, nor discouraged, nor dissatisfied … when thou hast failed, return back again, and be content if the greater part of what thou doest is consistent with man's nature."
             outlet="George Long"  year=1862  venue="book"

### EMPATHY TURN
  (no quoted material in slot)

### CLOSE
  [INLINE  ] "both to many others and to thyself, … throw away the thought, How thou shalt seem to others, and be content if thou shalt live the rest of thy life in such a way as thy nature wills."
             outlet="George Long"  year=1862  venue="book"

------------------------------------------------------------------------
SUMMARY: 6 load-bearing quote(s) — 6 inline, 0 vague, 0 untagged
  untagged quote in epigraph OR cold open: no
  any untagged load-bearing quote:         no
------------------------------------------------------------------------
