========================================================================
LOAD-BEARING SOURCE AUDIT — Bill-Burr  (Type 6)
src/blog/people/drafts/Bill-Burr.md
========================================================================

### EPIGRAPH
  [INLINE  ] "He's probably the loudest person I know. But I know what he means. He can be very introverted."
             outlet="Hollywood Reporter"  year=2022

### COLD OPEN
  [INLINE  ] "My mother's like, 'Who did that? Who did that?' … I was like, 'Big kids.' And she's like, I can't remember. She just made me a sandwich and that was it. But it wasn't a big deal back then."
             outlet="The Tim Ferriss Show"  year=2017

### DIAGNOSIS
  [INLINE  ] "I became a comedian because by the time I was 23, I was so walled-off and fucked-up that doing stand-up was the easiest way to go into a room full of strangers and make them like me so that no one would hurt me,"
             outlet="Hollywood Reporter"  year=2022  venue="onstage"
  [INLINE  ] "I was onstage with the mindset of a 6-year-old from 23 to about 37."
             outlet="Hollywood Reporter"  year=2022  venue="onstage"
  [INLINE  ] "I always got kids to laugh and I moved around a little bit when I was a kid and just making kids laugh was a way to get people to stop beating the shit out of me."
             outlet="Hulu"  year=2017
  [INLINE  ] "because that was the easiest way to walk into a room full of a bunch of people that I didn't know and make everybody like me. … …where's the place I have the least chance of being hurt?"
             outlet="Hulu"  year=2025
  [INLINE  ] "I'm glad that people enjoyed it, because I was embarrassed that the whole thing happened,"
             outlet="The Tim Ferriss Show"  year=2025

### EMPATHY TURN
  (no quoted material in slot)

### CLOSE
  (no quoted material in slot)

------------------------------------------------------------------------
SUMMARY: 7 load-bearing quote(s) — 7 inline, 0 vague, 0 untagged
  untagged quote in epigraph OR cold open: no
  any untagged load-bearing quote:         no
------------------------------------------------------------------------
