========================================================================
LOAD-BEARING SOURCE AUDIT — stavros-halkias  (Type 7)
/Users/djwayne/9takes/src/blog/people/drafts/Stavros-Halkias.md
========================================================================

### EPIGRAPH
  [INLINE  ] "My true wildest dreams were to make $65,000 a year playing B-level clubs."
             outlet="Slate"  year=2025

### COLD OPEN
  [INLINE  ] "I put it on a down payment on a house, … I bought my family a house."
             outlet="Slate"  year=2025  venue="podcast"
  [INLINE  ] "If you told me I could have put on a ski mask and fucking hit a guy with a baseball bat for $30,000, I would've done that, … I was broke as fuck in my mid-20s. I had nothing. I would've done crime, dude."
             outlet="Slate"  year=2025  venue="interview"

### DIAGNOSIS
  [INLINE  ] "A new joke in a shitty bar feels ten times better than selling out a 3,000 seat,"
             outlet="Joe Rogan Experience"  year=2023  venue="episode"
  [VAGUE   ] "One day I'm going to run out of new ideas. One day I'm going to run out of new jokes."
             year=2023  venue="episode"
  [INLINE  ] "My true wildest dreams were to make $65,000 a year playing B-level clubs,"
             outlet="Slate"  year=2025
  [INLINE  ] "If the quarantine's taught me one thing, it's that if I ever have to work a regular job again, I'll fucking shoot myself."
             outlet="Are You Garbage"  year=2020  venue="podcast"

### EMPATHY TURN
  (no quoted material in slot)

### CLOSE
  (no quoted material in slot)

------------------------------------------------------------------------
SUMMARY: 7 load-bearing quote(s) — 6 inline, 1 vague, 0 untagged
  untagged quote in epigraph OR cold open: no
  any untagged load-bearing quote:         no
------------------------------------------------------------------------
