========================================================================
LOAD-BEARING SOURCE AUDIT — Mel-Robbins  (Type 3)
src/blog/people/drafts/Mel-Robbins.md
========================================================================

### EPIGRAPH
  [INLINE  ] "The way that I got to where I am is, first, I screwed up my own life."
             outlet="Boston College Law School Magazine"  year=2025

### COLD OPEN
  [INLINE  ] "I don't know why, but I tend to get red as I talk and my chest gets all hivey, and it doesn't mean this dude's guilty."
             outlet="Law School Magazine"  year=2025

### DIAGNOSIS
  [INLINE  ] "Mel wanted to be a star, and she is a star."
             outlet="Time"  year=2024
  [INLINE  ] "I realized that I love the law, but I don't ever want to answer the question 'What do you do for a living?' with the words 'I'm an attorney.'"
             outlet="Boston College Law School Magazine"  year=2015

### EMPATHY TURN
  (no quoted material in slot)

### CLOSE
  (no quoted material in slot)

------------------------------------------------------------------------
SUMMARY: 4 load-bearing quote(s) — 4 inline, 0 vague, 0 untagged
  untagged quote in epigraph OR cold open: no
  any untagged load-bearing quote:         no
------------------------------------------------------------------------
